#
# There is insufficient memory for the Java Runtime Environment to continue.
# Native memory allocation (malloc) failed to allocate 532240 bytes. Error detail: Chunk::new
# Possible reasons:
#   The system is out of physical RAM or swap space
#   This process is running with CompressedOops enabled, and the Java Heap may be blocking the growth of the native heap
# Possible solutions:
#   Reduce memory load on the system
#   Increase physical memory or swap space
#   Check if swap backing store is full
#   Decrease Java heap size (-Xmx/-Xms)
#   Decrease number of Java threads
#   Decrease Java thread stack sizes (-Xss)
#   Set larger code cache with -XX:ReservedCodeCacheSize=
#   JVM is running with Zero Based Compressed Oops mode in which the Java heap is
#     placed in the first 32GB address space. The Java Heap base address is the
#     maximum limit for the native heap growth. Please use -XX:HeapBaseMinAddress
#     to set the Java Heap base and to place the Java Heap above 32GB virtual address.
# This output file may be truncated or incomplete.
#
#  Out of Memory Error (arena.cpp:168), pid=29856, tid=30276
#
# JRE version: OpenJDK Runtime Environment Temurin-21.0.3+9 (21.0.3+9) (build 21.0.3+9-LTS)
# Java VM: OpenJDK 64-Bit Server VM Temurin-21.0.3+9 (21.0.3+9-LTS, mixed mode, tiered, compressed oops, compressed class ptrs, g1 gc, windows-amd64)
# No core dump will be written. Minidumps are not enabled by default on client versions of Windows
#

---------------  S U M M A R Y ------------

Command Line: -Djavax.net.ssl.trustStoreType=WINDOWS-ROOT -Dsun.java2d.d3d=false --add-exports=java.desktop/sun.awt=ALL-UNNAMED --add-opens=java.desktop/java.awt=ALL-UNNAMED com.st.microxplorer.maingui.STM32CubeMX C:\Users\ASUS\Desktop\標蛈最唗\RTOS\JIAZHUA_RTOS\JIAZHUA_RTOS.ioc

Host: 13th Gen Intel(R) Core(TM) i7-13700, 24 cores, 15G,  Windows 11 , 64 bit Build 26100 (10.0.26100.7309)
Time: Sun Dec 14 04:09:52 2025  Windows 11 , 64 bit Build 26100 (10.0.26100.7309) elapsed time: 40340.973594 seconds (0d 11h 12m 20s)

---------------  T H R E A D  ---------------

Current thread (0x000001719310d3b0):  JavaThread "C2 CompilerThread0" daemon [_thread_in_native, id=30276, stack(0x00000037c6200000,0x00000037c6300000) (1024K)]


Current CompileTask:
C2:40340977 14866 %     4       sun.java2d.marlin.Renderer::_endRendering @ 2093 (2646 bytes)

Stack: [0x00000037c6200000,0x00000037c6300000]
Native frames: (J=compiled Java code, j=interpreted, Vv=VM code, C=native code)
V  [jvm.dll+0x6c8699]
V  [jvm.dll+0x8a2061]
V  [jvm.dll+0x8a458e]
V  [jvm.dll+0x8a4c63]
V  [jvm.dll+0x27e476]
V  [jvm.dll+0xc4a1d]
V  [jvm.dll+0xc4f53]
V  [jvm.dll+0x3b265c]
V  [jvm.dll+0x1df51a]
V  [jvm.dll+0x246b12]
V  [jvm.dll+0x245f9f]
V  [jvm.dll+0x1c6f4e]
V  [jvm.dll+0x255719]
V  [jvm.dll+0x253cba]
V  [jvm.dll+0x3ec1e6]
V  [jvm.dll+0x84bf8b]
V  [jvm.dll+0x6c6dcd]
C  [ucrtbase.dll+0x37b0]
C  [KERNEL32.DLL+0x2e8d7]
C  [ntdll.dll+0x8c53c]


---------------  P R O C E S S  ---------------

Threads class SMR info:
_java_thread_list=0x000001719b0d9a40, length=19, elements={
0x00000171930f1070, 0x000001719308a130, 0x00000171930f9eb0, 0x00000171930fa910,
0x00000171930fb370, 0x00000171931099f0, 0x000001719310d3b0, 0x0000017193111e80,
0x00000171932c2730, 0x00000171932c5520, 0x00000171932c20a0, 0x00000171932c2dc0,
0x00000171932c4800, 0x00000171932c3450, 0x00000171932c3ae0, 0x0000017197f68fe0,
0x0000017197f675a0, 0x0000017199da6e30, 0x0000017198410560
}

Java Threads: ( => current thread )
  0x00000171930f1070 JavaThread "Reference Handler"          daemon [_thread_blocked, id=28604, stack(0x00000037c5c00000,0x00000037c5d00000) (1024K)]
  0x000001719308a130 JavaThread "Finalizer"                  daemon [_thread_in_native, id=30320, stack(0x00000037c5d00000,0x00000037c5e00000) (1024K)]
  0x00000171930f9eb0 JavaThread "Signal Dispatcher"          daemon [_thread_blocked, id=30260, stack(0x00000037c5e00000,0x00000037c5f00000) (1024K)]
  0x00000171930fa910 JavaThread "Attach Listener"            daemon [_thread_blocked, id=30264, stack(0x00000037c5f00000,0x00000037c6000000) (1024K)]
  0x00000171930fb370 JavaThread "Service Thread"             daemon [_thread_in_vm, id=30268, stack(0x00000037c6000000,0x00000037c6100000) (1024K)]
  0x00000171931099f0 JavaThread "Monitor Deflation Thread"   daemon [_thread_blocked, id=30272, stack(0x00000037c6100000,0x00000037c6200000) (1024K)]
=>0x000001719310d3b0 JavaThread "C2 CompilerThread0"         daemon [_thread_in_native, id=30276, stack(0x00000037c6200000,0x00000037c6300000) (1024K)]
  0x0000017193111e80 JavaThread "C1 CompilerThread0"         daemon [_thread_blocked, id=30280, stack(0x00000037c6300000,0x00000037c6400000) (1024K)]
  0x00000171932c2730 JavaThread "Common-Cleaner"             daemon [_thread_blocked, id=30256, stack(0x00000037c6600000,0x00000037c6700000) (1024K)]
  0x00000171932c5520 JavaThread "Notification Thread"        daemon [_thread_blocked, id=30296, stack(0x00000037c6700000,0x00000037c6800000) (1024K)]
  0x00000171932c20a0 JavaThread "Java2D Disposer"            daemon [_thread_blocked, id=532, stack(0x00000037c7800000,0x00000037c7900000) (1024K)]
  0x00000171932c2dc0 JavaThread "AWT-Shutdown"                      [_thread_blocked, id=11312, stack(0x00000037c7900000,0x00000037c7a00000) (1024K)]
  0x00000171932c4800 JavaThread "AWT-Windows"                daemon [_thread_in_native, id=5140, stack(0x00000037c7a00000,0x00000037c7b00000) (1024K)]
  0x00000171932c3450 JavaThread "AWT-EventQueue-0"                  [_thread_in_native, id=27792, stack(0x00000037c7b00000,0x00000037c7c00000) (1024K)]
  0x00000171932c3ae0 JavaThread "DestroyJavaVM"                     [_thread_blocked, id=30020, stack(0x00000037c5400000,0x00000037c5500000) (1024K)]
  0x0000017197f68fe0 JavaThread "TimerQueue"                 daemon [_thread_blocked, id=24932, stack(0x00000037c8900000,0x00000037c8a00000) (1024K)]
  0x0000017197f675a0 JavaThread "SwingWorker-pool-3-thread-1" daemon [_thread_blocked, id=4376, stack(0x00000037c8b00000,0x00000037c8c00000) (1024K)]
  0x0000017199da6e30 JavaThread "SwingWorker-pool-3-thread-2" daemon [_thread_blocked, id=22784, stack(0x00000037c6400000,0x00000037c6500000) (1024K)]
  0x0000017198410560 JavaThread "C2 CompilerThread1"         daemon [_thread_in_native, id=18280, stack(0x00000037c5100000,0x00000037c5200000) (1024K)]
Total: 19

Other Threads:
  0x00000171e6d6e600 VMThread "VM Thread"                           [id=19148, stack(0x00000037c5b00000,0x00000037c5c00000) (1024K)]
  0x00000171fa60f0d0 WatcherThread "VM Periodic Task Thread"        [id=22980, stack(0x00000037c5a00000,0x00000037c5b00000) (1024K)]
  0x00000171e6d6f0e0 WorkerThread "GC Thread#0"                     [id=30092, stack(0x00000037c5500000,0x00000037c5600000) (1024K)]
  0x0000017193e7b810 WorkerThread "GC Thread#1"                     [id=30236, stack(0x00000037c6c00000,0x00000037c6d00000) (1024K)]
  0x0000017193e7bf50 WorkerThread "GC Thread#2"                     [id=30240, stack(0x00000037c6d00000,0x00000037c6e00000) (1024K)]
  0x0000017193e7a250 WorkerThread "GC Thread#3"                     [id=24276, stack(0x00000037c6e00000,0x00000037c6f00000) (1024K)]
  0x0000017193e7a990 WorkerThread "GC Thread#4"                     [id=21696, stack(0x00000037c6f00000,0x00000037c7000000) (1024K)]
  0x0000017193e7c2f0 WorkerThread "GC Thread#5"                     [id=10376, stack(0x00000037c7000000,0x00000037c7100000) (1024K)]
  0x0000017193e7c690 WorkerThread "GC Thread#6"                     [id=5124, stack(0x00000037c7100000,0x00000037c7200000) (1024K)]
  0x0000017193e79eb0 WorkerThread "GC Thread#7"                     [id=28944, stack(0x00000037c7200000,0x00000037c7300000) (1024K)]
  0x0000017193e79b10 WorkerThread "GC Thread#8"                     [id=29296, stack(0x00000037c6a00000,0x00000037c6b00000) (1024K)]
  0x0000017193e7ad30 WorkerThread "GC Thread#9"                     [id=28264, stack(0x00000037c6b00000,0x00000037c6c00000) (1024K)]
  0x0000017193e7b0d0 WorkerThread "GC Thread#10"                    [id=18384, stack(0x00000037c7300000,0x00000037c7400000) (1024K)]
  0x0000017197d7e0b0 WorkerThread "GC Thread#11"                    [id=20972, stack(0x00000037c8000000,0x00000037c8100000) (1024K)]
  0x0000017197d7ce90 WorkerThread "GC Thread#12"                    [id=13852, stack(0x00000037c8100000,0x00000037c8200000) (1024K)]
  0x0000017197d7fa10 WorkerThread "GC Thread#13"                    [id=11324, stack(0x00000037c8200000,0x00000037c8300000) (1024K)]
  0x0000017197d7fdb0 WorkerThread "GC Thread#14"                    [id=25220, stack(0x00000037c8300000,0x00000037c8400000) (1024K)]
  0x0000017197d7d230 WorkerThread "GC Thread#15"                    [id=29248, stack(0x00000037c8400000,0x00000037c8500000) (1024K)]
  0x0000017197d7d5d0 WorkerThread "GC Thread#16"                    [id=23940, stack(0x00000037c8500000,0x00000037c8600000) (1024K)]
  0x0000017197d7eb90 WorkerThread "GC Thread#17"                    [id=9604, stack(0x00000037c8600000,0x00000037c8700000) (1024K)]
  0x00000171e9261320 ConcurrentGCThread "G1 Main Marker"            [id=18476, stack(0x00000037c5600000,0x00000037c5700000) (1024K)]
  0x00000171e6d6e260 WorkerThread "G1 Conc#0"                       [id=28852, stack(0x00000037c5700000,0x00000037c5800000) (1024K)]
  0x0000017193e7ca30 WorkerThread "G1 Conc#1"                       [id=23908, stack(0x00000037c7400000,0x00000037c7500000) (1024K)]
  0x0000017193e79030 WorkerThread "G1 Conc#2"                       [id=28940, stack(0x00000037c7500000,0x00000037c7600000) (1024K)]
  0x0000017193e793d0 WorkerThread "G1 Conc#3"                       [id=28788, stack(0x00000037c7600000,0x00000037c7700000) (1024K)]
  0x0000017193e79770 WorkerThread "G1 Conc#4"                       [id=28384, stack(0x00000037c7700000,0x00000037c7800000) (1024K)]
  0x00000171fa4e5ea0 ConcurrentGCThread "G1 Refine#0"               [id=25280, stack(0x00000037c5800000,0x00000037c5900000) (1024K)]
  0x00000171fa4e67c0 ConcurrentGCThread "G1 Service"                [id=17312, stack(0x00000037c5900000,0x00000037c5a00000) (1024K)]
Total: 28

Threads with active compile tasks:
C2 CompilerThread0  40342055 14866 %     4       sun.java2d.marlin.Renderer::_endRendering @ 2093 (2646 bytes)
C2 CompilerThread1  40342055 14868       4       java.awt.geom.AffineTransform::transform (635 bytes)
Total: 2

VM state: not at safepoint (normal execution)

VM Mutex/Monitor currently owned by a thread: None

Heap address: 0x0000000706400000, size: 3996 MB, Compressed Oops mode: Zero based, Oop shift amount: 3

CDS archive(s) not mapped
Compressed class space mapped at: 0x0000000800000000-0x0000000840000000, reserved size: 1073741824
Narrow klass base: 0x0000000800000000, Narrow klass shift: 0, Narrow klass range: 0x40000000

GC Precious Log:
 CardTable entry size: 512
 Card Set container configuration: InlinePtr #cards 4 size 8 Array Of Cards #cards 16 size 48 Howl #buckets 8 coarsen threshold 3686 Howl Bitmap #cards 512 size 80 coarsen threshold 460 Card regions per heap region 1 cards per card region 4096
 CPUs: 24 total, 24 available
 Memory: 15978M
 Large Page Support: Disabled
 NUMA Support: Disabled
 Compressed Oops: Enabled (Zero based)
 Heap Region Size: 2M
 Heap Min Capacity: 8M
 Heap Initial Capacity: 250M
 Heap Max Capacity: 3996M
 Pre-touch: Disabled
 Parallel Workers: 18
 Concurrent Workers: 5
 Concurrent Refinement Workers: 18
 Periodic GC: Disabled

Heap:
 garbage-first heap   total 516096K, used 201496K [0x0000000706400000, 0x0000000800000000)
  region size 2048K, 12 young (24576K), 10 survivors (20480K)
 Metaspace       used 106515K, committed 108096K, reserved 1179648K
  class space    used 11773K, committed 12416K, reserved 1048576K

Heap Regions: E=young(eden), S=young(survivor), O=old, HS=humongous(starts), HC=humongous(continues), CS=collection set, F=free, TAMS=top-at-mark-start, PB=parsable bottom
|   0|0x0000000706400000, 0x0000000706600000, 0x0000000706600000|100%|HS|  |TAMS 0x0000000706600000| PB 0x0000000706400000| Complete 
|   1|0x0000000706600000, 0x0000000706800000, 0x0000000706800000|100%|HC|  |TAMS 0x0000000706800000| PB 0x0000000706600000| Complete 
|   2|0x0000000706800000, 0x0000000706a00000, 0x0000000706a00000|100%|HC|  |TAMS 0x0000000706a00000| PB 0x0000000706800000| Complete 
|   3|0x0000000706a00000, 0x0000000706c00000, 0x0000000706c00000|100%| O|  |TAMS 0x0000000706c00000| PB 0x0000000706a00000| Untracked 
|   4|0x0000000706c00000, 0x0000000706e00000, 0x0000000706e00000|100%| O|  |TAMS 0x0000000706e00000| PB 0x0000000706c00000| Untracked 
|   5|0x0000000706e00000, 0x0000000707000000, 0x0000000707000000|100%| O|  |TAMS 0x0000000707000000| PB 0x0000000706e00000| Updating 
|   6|0x0000000707000000, 0x0000000707200000, 0x0000000707200000|100%| O|  |TAMS 0x0000000707200000| PB 0x0000000707000000| Untracked 
|   7|0x0000000707200000, 0x0000000707400000, 0x0000000707400000|100%| O|  |TAMS 0x0000000707400000| PB 0x0000000707200000| Untracked 
|   8|0x0000000707400000, 0x0000000707600000, 0x0000000707600000|100%| O|  |TAMS 0x0000000707600000| PB 0x0000000707400000| Untracked 
|   9|0x0000000707600000, 0x0000000707800000, 0x0000000707800000|100%| O|  |TAMS 0x0000000707800000| PB 0x0000000707600000| Updating 
|  10|0x0000000707800000, 0x0000000707a00000, 0x0000000707a00000|100%| O|  |TAMS 0x0000000707a00000| PB 0x0000000707800000| Updating 
|  11|0x0000000707a00000, 0x0000000707c00000, 0x0000000707c00000|100%| O|  |TAMS 0x0000000707c00000| PB 0x0000000707a00000| Untracked 
|  12|0x0000000707c00000, 0x0000000707e00000, 0x0000000707e00000|100%| O|  |TAMS 0x0000000707e00000| PB 0x0000000707c00000| Untracked 
|  13|0x0000000707e00000, 0x0000000708000000, 0x0000000708000000|100%| O|  |TAMS 0x0000000708000000| PB 0x0000000707e00000| Updating 
|  14|0x0000000708000000, 0x0000000708200000, 0x0000000708200000|100%| O|  |TAMS 0x0000000708200000| PB 0x0000000708000000| Untracked 
|  15|0x0000000708200000, 0x0000000708400000, 0x0000000708400000|100%| O|  |TAMS 0x0000000708400000| PB 0x0000000708200000| Updating 
|  16|0x0000000708400000, 0x0000000708600000, 0x0000000708600000|100%| O|  |TAMS 0x0000000708600000| PB 0x0000000708400000| Updating 
|  17|0x0000000708600000, 0x0000000708800000, 0x0000000708800000|100%|HS|  |TAMS 0x0000000708800000| PB 0x0000000708600000| Complete 
|  18|0x0000000708800000, 0x0000000708a00000, 0x0000000708a00000|100%| O|  |TAMS 0x0000000708a00000| PB 0x0000000708a00000| Updating 
|  19|0x0000000708a00000, 0x0000000708c00000, 0x0000000708c00000|100%| O|  |TAMS 0x0000000708c00000| PB 0x0000000708c00000| Updating 
|  20|0x0000000708c00000, 0x0000000708e00000, 0x0000000708e00000|100%|HS|  |TAMS 0x0000000708e00000| PB 0x0000000708c00000| Complete 
|  21|0x0000000708e00000, 0x0000000709000000, 0x0000000709000000|100%|HC|  |TAMS 0x0000000709000000| PB 0x0000000708e00000| Complete 
|  22|0x0000000709000000, 0x0000000709200000, 0x0000000709200000|100%|HS|  |TAMS 0x0000000709200000| PB 0x0000000709000000| Complete 
|  23|0x0000000709200000, 0x0000000709400000, 0x0000000709400000|100%|HC|  |TAMS 0x0000000709400000| PB 0x0000000709200000| Complete 
|  24|0x0000000709400000, 0x0000000709600000, 0x0000000709600000|100%|HS|  |TAMS 0x0000000709600000| PB 0x0000000709400000| Complete 
|  25|0x0000000709600000, 0x0000000709800000, 0x0000000709800000|100%|HC|  |TAMS 0x0000000709800000| PB 0x0000000709600000| Complete 
|  26|0x0000000709800000, 0x0000000709a00000, 0x0000000709a00000|100%|HS|  |TAMS 0x0000000709a00000| PB 0x0000000709800000| Complete 
|  27|0x0000000709a00000, 0x0000000709c00000, 0x0000000709c00000|100%|HC|  |TAMS 0x0000000709c00000| PB 0x0000000709a00000| Complete 
|  28|0x0000000709c00000, 0x0000000709e00000, 0x0000000709e00000|100%|HS|  |TAMS 0x0000000709e00000| PB 0x0000000709c00000| Complete 
|  29|0x0000000709e00000, 0x000000070a000000, 0x000000070a000000|100%|HC|  |TAMS 0x000000070a000000| PB 0x0000000709e00000| Complete 
|  30|0x000000070a000000, 0x000000070a200000, 0x000000070a200000|100%|HS|  |TAMS 0x000000070a200000| PB 0x000000070a000000| Complete 
|  31|0x000000070a200000, 0x000000070a400000, 0x000000070a400000|100%|HC|  |TAMS 0x000000070a400000| PB 0x000000070a200000| Complete 
|  32|0x000000070a400000, 0x000000070a600000, 0x000000070a600000|100%|HS|  |TAMS 0x000000070a600000| PB 0x000000070a400000| Complete 
|  33|0x000000070a600000, 0x000000070a800000, 0x000000070a800000|100%|HC|  |TAMS 0x000000070a800000| PB 0x000000070a600000| Complete 
|  34|0x000000070a800000, 0x000000070aa00000, 0x000000070aa00000|100%|HS|  |TAMS 0x000000070aa00000| PB 0x000000070a800000| Complete 
|  35|0x000000070aa00000, 0x000000070ac00000, 0x000000070ac00000|100%|HC|  |TAMS 0x000000070ac00000| PB 0x000000070aa00000| Complete 
|  36|0x000000070ac00000, 0x000000070ae00000, 0x000000070ae00000|100%|HS|  |TAMS 0x000000070ae00000| PB 0x000000070ac00000| Complete 
|  37|0x000000070ae00000, 0x000000070b000000, 0x000000070b000000|100%|HC|  |TAMS 0x000000070b000000| PB 0x000000070ae00000| Complete 
|  38|0x000000070b000000, 0x000000070b200000, 0x000000070b200000|100%|HS|  |TAMS 0x000000070b200000| PB 0x000000070b000000| Complete 
|  39|0x000000070b200000, 0x000000070b400000, 0x000000070b400000|100%|HC|  |TAMS 0x000000070b400000| PB 0x000000070b200000| Complete 
|  40|0x000000070b400000, 0x000000070b600000, 0x000000070b600000|100%| O|  |TAMS 0x000000070b600000| PB 0x000000070b600000| Updating 
|  41|0x000000070b600000, 0x000000070b800000, 0x000000070b800000|100%| O|  |TAMS 0x000000070b800000| PB 0x000000070b800000| Updating 
|  42|0x000000070b800000, 0x000000070ba00000, 0x000000070ba00000|100%| O|  |TAMS 0x000000070ba00000| PB 0x000000070ba00000| Updating 
|  43|0x000000070ba00000, 0x000000070bc00000, 0x000000070bc00000|100%| O|  |TAMS 0x000000070bc00000| PB 0x000000070bc00000| Updating 
|  44|0x000000070bc00000, 0x000000070be00000, 0x000000070be00000|100%| O|  |TAMS 0x000000070be00000| PB 0x000000070be00000| Untracked 
|  45|0x000000070be00000, 0x000000070c000000, 0x000000070c000000|100%| O|  |TAMS 0x000000070c000000| PB 0x000000070c000000| Untracked 
|  46|0x000000070c000000, 0x000000070c200000, 0x000000070c200000|100%| O|  |TAMS 0x000000070c200000| PB 0x000000070c200000| Untracked 
|  47|0x000000070c200000, 0x000000070c400000, 0x000000070c400000|100%| O|  |TAMS 0x000000070c400000| PB 0x000000070c400000| Untracked 
|  48|0x000000070c400000, 0x000000070c600000, 0x000000070c600000|100%| O|  |TAMS 0x000000070c600000| PB 0x000000070c600000| Untracked 
|  49|0x000000070c600000, 0x000000070c800000, 0x000000070c800000|100%|HS|  |TAMS 0x000000070c800000| PB 0x000000070c600000| Complete 
|  50|0x000000070c800000, 0x000000070ca00000, 0x000000070ca00000|100%|HC|  |TAMS 0x000000070ca00000| PB 0x000000070c800000| Complete 
|  51|0x000000070ca00000, 0x000000070cc00000, 0x000000070cc00000|100%|HC|  |TAMS 0x000000070cc00000| PB 0x000000070ca00000| Complete 
|  52|0x000000070cc00000, 0x000000070ce00000, 0x000000070ce00000|100%|HC|  |TAMS 0x000000070ce00000| PB 0x000000070cc00000| Complete 
|  53|0x000000070ce00000, 0x000000070d000000, 0x000000070d000000|100%| O|  |TAMS 0x000000070d000000| PB 0x000000070d000000| Updating 
|  54|0x000000070d000000, 0x000000070d200000, 0x000000070d200000|100%| O|  |TAMS 0x000000070d200000| PB 0x000000070d200000| Updating 
|  55|0x000000070d200000, 0x000000070d400000, 0x000000070d400000|100%| O|  |TAMS 0x000000070d400000| PB 0x000000070d400000| Untracked 
|  56|0x000000070d400000, 0x000000070d600000, 0x000000070d600000|100%| O|  |TAMS 0x000000070d600000| PB 0x000000070d600000| Untracked 
|  57|0x000000070d600000, 0x000000070d800000, 0x000000070d800000|100%| O|  |TAMS 0x000000070d800000| PB 0x000000070d800000| Untracked 
|  58|0x000000070d800000, 0x000000070da00000, 0x000000070da00000|100%| O|  |TAMS 0x000000070da00000| PB 0x000000070da00000| Untracked 
|  59|0x000000070da00000, 0x000000070dc00000, 0x000000070dc00000|100%| O|  |TAMS 0x000000070dc00000| PB 0x000000070dc00000| Updating 
|  60|0x000000070dc00000, 0x000000070de00000, 0x000000070de00000|100%| O|  |TAMS 0x000000070de00000| PB 0x000000070de00000| Untracked 
|  61|0x000000070de00000, 0x000000070e000000, 0x000000070e000000|100%| O|  |TAMS 0x000000070e000000| PB 0x000000070e000000| Untracked 
|  62|0x000000070e000000, 0x000000070e200000, 0x000000070e200000|100%| O|  |TAMS 0x000000070e200000| PB 0x000000070e200000| Updating 
|  63|0x000000070e200000, 0x000000070e400000, 0x000000070e400000|100%| O|  |TAMS 0x000000070e400000| PB 0x000000070e400000| Updating 
|  64|0x000000070e400000, 0x000000070e600000, 0x000000070e600000|100%|HS|  |TAMS 0x000000070e600000| PB 0x000000070e400000| Complete 
|  65|0x000000070e600000, 0x000000070e800000, 0x000000070e800000|100%|HC|  |TAMS 0x000000070e800000| PB 0x000000070e600000| Complete 
|  66|0x000000070e800000, 0x000000070ea00000, 0x000000070ea00000|100%| O|  |TAMS 0x000000070ea00000| PB 0x000000070ea00000| Untracked 
|  67|0x000000070ea00000, 0x000000070ec00000, 0x000000070ec00000|100%| O|  |TAMS 0x000000070ec00000| PB 0x000000070ec00000| Untracked 
|  68|0x000000070ec00000, 0x000000070ee00000, 0x000000070ee00000|100%| O|  |TAMS 0x000000070ee00000| PB 0x000000070ee00000| Untracked 
|  69|0x000000070ee00000, 0x000000070f000000, 0x000000070f000000|100%| O|  |TAMS 0x000000070f000000| PB 0x000000070f000000| Untracked 
|  70|0x000000070f000000, 0x000000070f200000, 0x000000070f200000|100%| O|  |TAMS 0x000000070f200000| PB 0x000000070f200000| Untracked 
|  71|0x000000070f200000, 0x000000070f400000, 0x000000070f400000|100%| O|  |TAMS 0x000000070f400000| PB 0x000000070f400000| Untracked 
|  72|0x000000070f400000, 0x000000070f600000, 0x000000070f600000|100%| O|  |TAMS 0x000000070f600000| PB 0x000000070f600000| Untracked 
|  73|0x000000070f600000, 0x000000070f800000, 0x000000070f800000|100%| O|  |TAMS 0x000000070f800000| PB 0x000000070f800000| Updating 
|  74|0x000000070f800000, 0x000000070fa00000, 0x000000070fa00000|100%| O|  |TAMS 0x000000070fa00000| PB 0x000000070fa00000| Updating 
|  75|0x000000070fa00000, 0x000000070fc00000, 0x000000070fc00000|100%| O|  |TAMS 0x000000070fc00000| PB 0x000000070fc00000| Untracked 
|  76|0x000000070fc00000, 0x000000070fe00000, 0x000000070fe00000|100%| O|  |TAMS 0x000000070fe00000| PB 0x000000070fe00000| Untracked 
|  77|0x000000070fe00000, 0x0000000710000000, 0x0000000710000000|100%| O|  |TAMS 0x0000000710000000| PB 0x0000000710000000| Untracked 
|  78|0x0000000710000000, 0x0000000710200000, 0x0000000710200000|100%| O|  |TAMS 0x0000000710200000| PB 0x0000000710200000| Untracked 
|  79|0x0000000710200000, 0x0000000710400000, 0x0000000710400000|100%| O|  |TAMS 0x0000000710400000| PB 0x0000000710400000| Untracked 
|  80|0x0000000710400000, 0x0000000710600000, 0x0000000710600000|100%| O|  |TAMS 0x0000000710600000| PB 0x0000000710600000| Untracked 
|  81|0x0000000710600000, 0x0000000710800000, 0x0000000710800000|100%| O|  |TAMS 0x0000000710800000| PB 0x0000000710800000| Updating 
|  82|0x0000000710800000, 0x00000007108896a0, 0x0000000710a00000| 26%| O|  |TAMS 0x00000007108896a0| PB 0x00000007108896a0| Updating 
|  83|0x0000000710a00000, 0x0000000710c00000, 0x0000000710c00000|100%|HS|  |TAMS 0x0000000710a00000| PB 0x0000000710a00000| Complete 
|  84|0x0000000710c00000, 0x0000000710e00000, 0x0000000710e00000|100%|HC|  |TAMS 0x0000000710c00000| PB 0x0000000710c00000| Complete 
|  85|0x0000000710e00000, 0x0000000711000000, 0x0000000711000000|100%|HC|  |TAMS 0x0000000710e00000| PB 0x0000000710e00000| Complete 
|  86|0x0000000711000000, 0x0000000711200000, 0x0000000711200000|100%|HC|  |TAMS 0x0000000711000000| PB 0x0000000711000000| Complete 
|  87|0x0000000711200000, 0x0000000711200000, 0x0000000711400000|  0%| F|  |TAMS 0x0000000711200000| PB 0x0000000711200000| Untracked 
|  88|0x0000000711400000, 0x0000000711400000, 0x0000000711600000|  0%| F|  |TAMS 0x0000000711400000| PB 0x0000000711400000| Untracked 
|  89|0x0000000711600000, 0x0000000711600000, 0x0000000711800000|  0%| F|  |TAMS 0x0000000711600000| PB 0x0000000711600000| Untracked 
|  90|0x0000000711800000, 0x0000000711800000, 0x0000000711a00000|  0%| F|  |TAMS 0x0000000711800000| PB 0x0000000711800000| Untracked 
|  91|0x0000000711a00000, 0x0000000711a00000, 0x0000000711c00000|  0%| F|  |TAMS 0x0000000711a00000| PB 0x0000000711a00000| Untracked 
|  92|0x0000000711c00000, 0x0000000711c00000, 0x0000000711e00000|  0%| F|  |TAMS 0x0000000711c00000| PB 0x0000000711c00000| Untracked 
|  93|0x0000000711e00000, 0x0000000711e00000, 0x0000000712000000|  0%| F|  |TAMS 0x0000000711e00000| PB 0x0000000711e00000| Untracked 
|  94|0x0000000712000000, 0x0000000712000000, 0x0000000712200000|  0%| F|  |TAMS 0x0000000712000000| PB 0x0000000712000000| Untracked 
|  95|0x0000000712200000, 0x0000000712200000, 0x0000000712400000|  0%| F|  |TAMS 0x0000000712200000| PB 0x0000000712200000| Untracked 
|  96|0x0000000712400000, 0x0000000712400000, 0x0000000712600000|  0%| F|  |TAMS 0x0000000712400000| PB 0x0000000712400000| Untracked 
|  97|0x0000000712600000, 0x0000000712600000, 0x0000000712800000|  0%| F|  |TAMS 0x0000000712600000| PB 0x0000000712600000| Untracked 
|  98|0x0000000712800000, 0x0000000712800000, 0x0000000712a00000|  0%| F|  |TAMS 0x0000000712800000| PB 0x0000000712800000| Untracked 
|  99|0x0000000712a00000, 0x0000000712a00000, 0x0000000712c00000|  0%| F|  |TAMS 0x0000000712a00000| PB 0x0000000712a00000| Untracked 
| 100|0x0000000712c00000, 0x0000000712c00000, 0x0000000712e00000|  0%| F|  |TAMS 0x0000000712c00000| PB 0x0000000712c00000| Untracked 
| 101|0x0000000712e00000, 0x0000000712e00000, 0x0000000713000000|  0%| F|  |TAMS 0x0000000712e00000| PB 0x0000000712e00000| Untracked 
| 102|0x0000000713000000, 0x0000000713000000, 0x0000000713200000|  0%| F|  |TAMS 0x0000000713000000| PB 0x0000000713000000| Untracked 
| 103|0x0000000713200000, 0x0000000713200000, 0x0000000713400000|  0%| F|  |TAMS 0x0000000713200000| PB 0x0000000713200000| Untracked 
| 104|0x0000000713400000, 0x0000000713400000, 0x0000000713600000|  0%| F|  |TAMS 0x0000000713400000| PB 0x0000000713400000| Untracked 
| 105|0x0000000713600000, 0x0000000713600000, 0x0000000713800000|  0%| F|  |TAMS 0x0000000713600000| PB 0x0000000713600000| Untracked 
| 106|0x0000000713800000, 0x0000000713800000, 0x0000000713a00000|  0%| F|  |TAMS 0x0000000713800000| PB 0x0000000713800000| Untracked 
| 107|0x0000000713a00000, 0x0000000713a00000, 0x0000000713c00000|  0%| F|  |TAMS 0x0000000713a00000| PB 0x0000000713a00000| Untracked 
| 108|0x0000000713c00000, 0x0000000713c00000, 0x0000000713e00000|  0%| F|  |TAMS 0x0000000713c00000| PB 0x0000000713c00000| Untracked 
| 109|0x0000000713e00000, 0x0000000713e00000, 0x0000000714000000|  0%| F|  |TAMS 0x0000000713e00000| PB 0x0000000713e00000| Untracked 
| 110|0x0000000714000000, 0x0000000714000000, 0x0000000714200000|  0%| F|  |TAMS 0x0000000714000000| PB 0x0000000714000000| Untracked 
| 111|0x0000000714200000, 0x0000000714200000, 0x0000000714400000|  0%| F|  |TAMS 0x0000000714200000| PB 0x0000000714200000| Untracked 
| 112|0x0000000714400000, 0x0000000714400000, 0x0000000714600000|  0%| F|  |TAMS 0x0000000714400000| PB 0x0000000714400000| Untracked 
| 113|0x0000000714600000, 0x0000000714600000, 0x0000000714800000|  0%| F|  |TAMS 0x0000000714600000| PB 0x0000000714600000| Untracked 
| 114|0x0000000714800000, 0x0000000714800000, 0x0000000714a00000|  0%| F|  |TAMS 0x0000000714800000| PB 0x0000000714800000| Untracked 
| 115|0x0000000714a00000, 0x0000000714a00000, 0x0000000714c00000|  0%| F|  |TAMS 0x0000000714a00000| PB 0x0000000714a00000| Untracked 
| 116|0x0000000714c00000, 0x0000000714c00000, 0x0000000714e00000|  0%| F|  |TAMS 0x0000000714c00000| PB 0x0000000714c00000| Untracked 
| 117|0x0000000714e00000, 0x0000000714e00000, 0x0000000715000000|  0%| F|  |TAMS 0x0000000714e00000| PB 0x0000000714e00000| Untracked 
| 118|0x0000000715000000, 0x0000000715000000, 0x0000000715200000|  0%| F|  |TAMS 0x0000000715000000| PB 0x0000000715000000| Untracked 
| 119|0x0000000715200000, 0x0000000715200000, 0x0000000715400000|  0%| F|  |TAMS 0x0000000715200000| PB 0x0000000715200000| Untracked 
| 120|0x0000000715400000, 0x0000000715400000, 0x0000000715600000|  0%| F|  |TAMS 0x0000000715400000| PB 0x0000000715400000| Untracked 
| 121|0x0000000715600000, 0x0000000715600000, 0x0000000715800000|  0%| F|  |TAMS 0x0000000715600000| PB 0x0000000715600000| Untracked 
| 122|0x0000000715800000, 0x0000000715800000, 0x0000000715a00000|  0%| F|  |TAMS 0x0000000715800000| PB 0x0000000715800000| Untracked 
| 123|0x0000000715a00000, 0x0000000715a00000, 0x0000000715c00000|  0%| F|  |TAMS 0x0000000715a00000| PB 0x0000000715a00000| Untracked 
| 124|0x0000000715c00000, 0x0000000715c00000, 0x0000000715e00000|  0%| F|  |TAMS 0x0000000715c00000| PB 0x0000000715c00000| Untracked 
| 125|0x0000000715e00000, 0x0000000715e00000, 0x0000000716000000|  0%| F|  |TAMS 0x0000000715e00000| PB 0x0000000715e00000| Untracked 
| 126|0x0000000716000000, 0x0000000716000000, 0x0000000716200000|  0%| F|  |TAMS 0x0000000716000000| PB 0x0000000716000000| Untracked 
| 127|0x0000000716200000, 0x0000000716200000, 0x0000000716400000|  0%| F|  |TAMS 0x0000000716200000| PB 0x0000000716200000| Untracked 
| 128|0x0000000716400000, 0x0000000716400000, 0x0000000716600000|  0%| F|  |TAMS 0x0000000716400000| PB 0x0000000716400000| Untracked 
| 129|0x0000000716600000, 0x0000000716600000, 0x0000000716800000|  0%| F|  |TAMS 0x0000000716600000| PB 0x0000000716600000| Untracked 
| 130|0x0000000716800000, 0x0000000716800000, 0x0000000716a00000|  0%| F|  |TAMS 0x0000000716800000| PB 0x0000000716800000| Untracked 
| 131|0x0000000716a00000, 0x0000000716a00000, 0x0000000716c00000|  0%| F|  |TAMS 0x0000000716a00000| PB 0x0000000716a00000| Untracked 
| 132|0x0000000716c00000, 0x0000000716c00000, 0x0000000716e00000|  0%| F|  |TAMS 0x0000000716c00000| PB 0x0000000716c00000| Untracked 
| 133|0x0000000716e00000, 0x0000000716e00000, 0x0000000717000000|  0%| F|  |TAMS 0x0000000716e00000| PB 0x0000000716e00000| Untracked 
| 134|0x0000000717000000, 0x0000000717000000, 0x0000000717200000|  0%| F|  |TAMS 0x0000000717000000| PB 0x0000000717000000| Untracked 
| 135|0x0000000717200000, 0x0000000717200000, 0x0000000717400000|  0%| F|  |TAMS 0x0000000717200000| PB 0x0000000717200000| Untracked 
| 136|0x0000000717400000, 0x0000000717400000, 0x0000000717600000|  0%| F|  |TAMS 0x0000000717400000| PB 0x0000000717400000| Untracked 
| 137|0x0000000717600000, 0x0000000717600000, 0x0000000717800000|  0%| F|  |TAMS 0x0000000717600000| PB 0x0000000717600000| Untracked 
| 138|0x0000000717800000, 0x0000000717800000, 0x0000000717a00000|  0%| F|  |TAMS 0x0000000717800000| PB 0x0000000717800000| Untracked 
| 139|0x0000000717a00000, 0x0000000717a00000, 0x0000000717c00000|  0%| F|  |TAMS 0x0000000717a00000| PB 0x0000000717a00000| Untracked 
| 140|0x0000000717c00000, 0x0000000717c00000, 0x0000000717e00000|  0%| F|  |TAMS 0x0000000717c00000| PB 0x0000000717c00000| Untracked 
| 141|0x0000000717e00000, 0x0000000717e00000, 0x0000000718000000|  0%| F|  |TAMS 0x0000000717e00000| PB 0x0000000717e00000| Untracked 
| 142|0x0000000718000000, 0x0000000718000000, 0x0000000718200000|  0%| F|  |TAMS 0x0000000718000000| PB 0x0000000718000000| Untracked 
| 143|0x0000000718200000, 0x0000000718200000, 0x0000000718400000|  0%| F|  |TAMS 0x0000000718200000| PB 0x0000000718200000| Untracked 
| 144|0x0000000718400000, 0x0000000718400000, 0x0000000718600000|  0%| F|  |TAMS 0x0000000718400000| PB 0x0000000718400000| Untracked 
| 145|0x0000000718600000, 0x0000000718600000, 0x0000000718800000|  0%| F|  |TAMS 0x0000000718600000| PB 0x0000000718600000| Untracked 
| 146|0x0000000718800000, 0x0000000718800000, 0x0000000718a00000|  0%| F|  |TAMS 0x0000000718800000| PB 0x0000000718800000| Untracked 
| 147|0x0000000718a00000, 0x0000000718a00000, 0x0000000718c00000|  0%| F|  |TAMS 0x0000000718a00000| PB 0x0000000718a00000| Untracked 
| 148|0x0000000718c00000, 0x0000000718c00000, 0x0000000718e00000|  0%| F|  |TAMS 0x0000000718c00000| PB 0x0000000718c00000| Untracked 
| 149|0x0000000718e00000, 0x0000000718e00000, 0x0000000719000000|  0%| F|  |TAMS 0x0000000718e00000| PB 0x0000000718e00000| Untracked 
| 150|0x0000000719000000, 0x0000000719000000, 0x0000000719200000|  0%| F|  |TAMS 0x0000000719000000| PB 0x0000000719000000| Untracked 
| 151|0x0000000719200000, 0x0000000719200000, 0x0000000719400000|  0%| F|  |TAMS 0x0000000719200000| PB 0x0000000719200000| Untracked 
| 152|0x0000000719400000, 0x0000000719400000, 0x0000000719600000|  0%| F|  |TAMS 0x0000000719400000| PB 0x0000000719400000| Untracked 
| 153|0x0000000719600000, 0x0000000719600000, 0x0000000719800000|  0%| F|  |TAMS 0x0000000719600000| PB 0x0000000719600000| Untracked 
| 154|0x0000000719800000, 0x0000000719800000, 0x0000000719a00000|  0%| F|  |TAMS 0x0000000719800000| PB 0x0000000719800000| Untracked 
| 155|0x0000000719a00000, 0x0000000719a00000, 0x0000000719c00000|  0%| F|  |TAMS 0x0000000719a00000| PB 0x0000000719a00000| Untracked 
| 156|0x0000000719c00000, 0x0000000719c00000, 0x0000000719e00000|  0%| F|  |TAMS 0x0000000719c00000| PB 0x0000000719c00000| Untracked 
| 157|0x0000000719e00000, 0x0000000719e00000, 0x000000071a000000|  0%| F|  |TAMS 0x0000000719e00000| PB 0x0000000719e00000| Untracked 
| 158|0x000000071a000000, 0x000000071a000000, 0x000000071a200000|  0%| F|  |TAMS 0x000000071a000000| PB 0x000000071a000000| Untracked 
| 159|0x000000071a200000, 0x000000071a200000, 0x000000071a400000|  0%| F|  |TAMS 0x000000071a200000| PB 0x000000071a200000| Untracked 
| 160|0x000000071a400000, 0x000000071a400000, 0x000000071a600000|  0%| F|  |TAMS 0x000000071a400000| PB 0x000000071a400000| Untracked 
| 161|0x000000071a600000, 0x000000071a600000, 0x000000071a800000|  0%| F|  |TAMS 0x000000071a600000| PB 0x000000071a600000| Untracked 
| 162|0x000000071a800000, 0x000000071a800000, 0x000000071aa00000|  0%| F|  |TAMS 0x000000071a800000| PB 0x000000071a800000| Untracked 
| 163|0x000000071aa00000, 0x000000071aa00000, 0x000000071ac00000|  0%| F|  |TAMS 0x000000071aa00000| PB 0x000000071aa00000| Untracked 
| 164|0x000000071ac00000, 0x000000071ac00000, 0x000000071ae00000|  0%| F|  |TAMS 0x000000071ac00000| PB 0x000000071ac00000| Untracked 
| 165|0x000000071ae00000, 0x000000071ae00000, 0x000000071b000000|  0%| F|  |TAMS 0x000000071ae00000| PB 0x000000071ae00000| Untracked 
| 166|0x000000071b000000, 0x000000071b000000, 0x000000071b200000|  0%| F|  |TAMS 0x000000071b000000| PB 0x000000071b000000| Untracked 
| 167|0x000000071b200000, 0x000000071b200000, 0x000000071b400000|  0%| F|  |TAMS 0x000000071b200000| PB 0x000000071b200000| Untracked 
| 168|0x000000071b400000, 0x000000071b400000, 0x000000071b600000|  0%| F|  |TAMS 0x000000071b400000| PB 0x000000071b400000| Untracked 
| 169|0x000000071b600000, 0x000000071b600000, 0x000000071b800000|  0%| F|  |TAMS 0x000000071b600000| PB 0x000000071b600000| Untracked 
| 170|0x000000071b800000, 0x000000071b800000, 0x000000071ba00000|  0%| F|  |TAMS 0x000000071b800000| PB 0x000000071b800000| Untracked 
| 171|0x000000071ba00000, 0x000000071ba00000, 0x000000071bc00000|  0%| F|  |TAMS 0x000000071ba00000| PB 0x000000071ba00000| Untracked 
| 172|0x000000071bc00000, 0x000000071bc00000, 0x000000071be00000|  0%| F|  |TAMS 0x000000071bc00000| PB 0x000000071bc00000| Untracked 
| 173|0x000000071be00000, 0x000000071be00000, 0x000000071c000000|  0%| F|  |TAMS 0x000000071be00000| PB 0x000000071be00000| Untracked 
| 174|0x000000071c000000, 0x000000071c000000, 0x000000071c200000|  0%| F|  |TAMS 0x000000071c000000| PB 0x000000071c000000| Untracked 
| 175|0x000000071c200000, 0x000000071c200000, 0x000000071c400000|  0%| F|  |TAMS 0x000000071c200000| PB 0x000000071c200000| Untracked 
| 176|0x000000071c400000, 0x000000071c400000, 0x000000071c600000|  0%| F|  |TAMS 0x000000071c400000| PB 0x000000071c400000| Untracked 
| 177|0x000000071c600000, 0x000000071c600000, 0x000000071c800000|  0%| F|  |TAMS 0x000000071c600000| PB 0x000000071c600000| Untracked 
| 178|0x000000071c800000, 0x000000071c800000, 0x000000071ca00000|  0%| F|  |TAMS 0x000000071c800000| PB 0x000000071c800000| Untracked 
| 179|0x000000071ca00000, 0x000000071ca3cd00, 0x000000071cc00000| 11%| S|CS|TAMS 0x000000071ca00000| PB 0x000000071ca00000| Complete 
| 180|0x000000071cc00000, 0x000000071ce00000, 0x000000071ce00000|100%| S|CS|TAMS 0x000000071cc00000| PB 0x000000071cc00000| Complete 
| 181|0x000000071ce00000, 0x000000071d000000, 0x000000071d000000|100%| S|CS|TAMS 0x000000071ce00000| PB 0x000000071ce00000| Complete 
| 182|0x000000071d000000, 0x000000071d200000, 0x000000071d200000|100%| S|CS|TAMS 0x000000071d000000| PB 0x000000071d000000| Complete 
| 183|0x000000071d200000, 0x000000071d400000, 0x000000071d400000|100%| S|CS|TAMS 0x000000071d200000| PB 0x000000071d200000| Complete 
| 184|0x000000071d400000, 0x000000071d600000, 0x000000071d600000|100%| S|CS|TAMS 0x000000071d400000| PB 0x000000071d400000| Complete 
| 185|0x000000071d600000, 0x000000071d800000, 0x000000071d800000|100%| S|CS|TAMS 0x000000071d600000| PB 0x000000071d600000| Complete 
| 186|0x000000071d800000, 0x000000071da00000, 0x000000071da00000|100%| S|CS|TAMS 0x000000071d800000| PB 0x000000071d800000| Complete 
| 187|0x000000071da00000, 0x000000071dc00000, 0x000000071dc00000|100%| S|CS|TAMS 0x000000071da00000| PB 0x000000071da00000| Complete 
| 188|0x000000071dc00000, 0x000000071de00000, 0x000000071de00000|100%| S|CS|TAMS 0x000000071dc00000| PB 0x000000071dc00000| Complete 
| 189|0x000000071de00000, 0x000000071de00000, 0x000000071e000000|  0%| F|  |TAMS 0x000000071de00000| PB 0x000000071de00000| Untracked 
| 190|0x000000071e000000, 0x000000071e000000, 0x000000071e200000|  0%| F|  |TAMS 0x000000071e000000| PB 0x000000071e000000| Untracked 
| 191|0x000000071e200000, 0x000000071e200000, 0x000000071e400000|  0%| F|  |TAMS 0x000000071e200000| PB 0x000000071e200000| Untracked 
| 192|0x000000071e400000, 0x000000071e400000, 0x000000071e600000|  0%| F|  |TAMS 0x000000071e400000| PB 0x000000071e400000| Untracked 
| 193|0x000000071e600000, 0x000000071e600000, 0x000000071e800000|  0%| F|  |TAMS 0x000000071e600000| PB 0x000000071e600000| Untracked 
| 194|0x000000071e800000, 0x000000071e800000, 0x000000071ea00000|  0%| F|  |TAMS 0x000000071e800000| PB 0x000000071e800000| Untracked 
| 195|0x000000071ea00000, 0x000000071ea00000, 0x000000071ec00000|  0%| F|  |TAMS 0x000000071ea00000| PB 0x000000071ea00000| Untracked 
| 196|0x000000071ec00000, 0x000000071ec00000, 0x000000071ee00000|  0%| F|  |TAMS 0x000000071ec00000| PB 0x000000071ec00000| Untracked 
| 197|0x000000071ee00000, 0x000000071ee00000, 0x000000071f000000|  0%| F|  |TAMS 0x000000071ee00000| PB 0x000000071ee00000| Untracked 
| 198|0x000000071f000000, 0x000000071f000000, 0x000000071f200000|  0%| F|  |TAMS 0x000000071f000000| PB 0x000000071f000000| Untracked 
| 199|0x000000071f200000, 0x000000071f200000, 0x000000071f400000|  0%| F|  |TAMS 0x000000071f200000| PB 0x000000071f200000| Untracked 
| 200|0x000000071f400000, 0x000000071f400000, 0x000000071f600000|  0%| F|  |TAMS 0x000000071f400000| PB 0x000000071f400000| Untracked 
| 201|0x000000071f600000, 0x000000071f600000, 0x000000071f800000|  0%| F|  |TAMS 0x000000071f600000| PB 0x000000071f600000| Untracked 
| 202|0x000000071f800000, 0x000000071f800000, 0x000000071fa00000|  0%| F|  |TAMS 0x000000071f800000| PB 0x000000071f800000| Untracked 
| 203|0x000000071fa00000, 0x000000071fa00000, 0x000000071fc00000|  0%| F|  |TAMS 0x000000071fa00000| PB 0x000000071fa00000| Untracked 
| 204|0x000000071fc00000, 0x000000071fc00000, 0x000000071fe00000|  0%| F|  |TAMS 0x000000071fc00000| PB 0x000000071fc00000| Untracked 
| 205|0x000000071fe00000, 0x000000071fe00000, 0x0000000720000000|  0%| F|  |TAMS 0x000000071fe00000| PB 0x000000071fe00000| Untracked 
| 206|0x0000000720000000, 0x0000000720000000, 0x0000000720200000|  0%| F|  |TAMS 0x0000000720000000| PB 0x0000000720000000| Untracked 
| 207|0x0000000720200000, 0x0000000720200000, 0x0000000720400000|  0%| F|  |TAMS 0x0000000720200000| PB 0x0000000720200000| Untracked 
| 208|0x0000000720400000, 0x0000000720400000, 0x0000000720600000|  0%| F|  |TAMS 0x0000000720400000| PB 0x0000000720400000| Untracked 
| 209|0x0000000720600000, 0x0000000720600000, 0x0000000720800000|  0%| F|  |TAMS 0x0000000720600000| PB 0x0000000720600000| Untracked 
| 210|0x0000000720800000, 0x0000000720800000, 0x0000000720a00000|  0%| F|  |TAMS 0x0000000720800000| PB 0x0000000720800000| Untracked 
| 211|0x0000000720a00000, 0x0000000720a00000, 0x0000000720c00000|  0%| F|  |TAMS 0x0000000720a00000| PB 0x0000000720a00000| Untracked 
| 212|0x0000000720c00000, 0x0000000720c00000, 0x0000000720e00000|  0%| F|  |TAMS 0x0000000720c00000| PB 0x0000000720c00000| Untracked 
| 213|0x0000000720e00000, 0x0000000720e00000, 0x0000000721000000|  0%| F|  |TAMS 0x0000000720e00000| PB 0x0000000720e00000| Untracked 
| 214|0x0000000721000000, 0x0000000721000000, 0x0000000721200000|  0%| F|  |TAMS 0x0000000721000000| PB 0x0000000721000000| Untracked 
| 215|0x0000000721200000, 0x0000000721200000, 0x0000000721400000|  0%| F|  |TAMS 0x0000000721200000| PB 0x0000000721200000| Untracked 
| 216|0x0000000721400000, 0x0000000721400000, 0x0000000721600000|  0%| F|  |TAMS 0x0000000721400000| PB 0x0000000721400000| Untracked 
| 217|0x0000000721600000, 0x0000000721600000, 0x0000000721800000|  0%| F|  |TAMS 0x0000000721600000| PB 0x0000000721600000| Untracked 
| 218|0x0000000721800000, 0x0000000721800000, 0x0000000721a00000|  0%| F|  |TAMS 0x0000000721800000| PB 0x0000000721800000| Untracked 
| 219|0x0000000721a00000, 0x0000000721a00000, 0x0000000721c00000|  0%| F|  |TAMS 0x0000000721a00000| PB 0x0000000721a00000| Untracked 
| 220|0x0000000721c00000, 0x0000000721c00000, 0x0000000721e00000|  0%| F|  |TAMS 0x0000000721c00000| PB 0x0000000721c00000| Untracked 
| 221|0x0000000721e00000, 0x0000000721e00000, 0x0000000722000000|  0%| F|  |TAMS 0x0000000721e00000| PB 0x0000000721e00000| Untracked 
| 222|0x0000000722000000, 0x0000000722000000, 0x0000000722200000|  0%| F|  |TAMS 0x0000000722000000| PB 0x0000000722000000| Untracked 
| 223|0x0000000722200000, 0x0000000722200000, 0x0000000722400000|  0%| F|  |TAMS 0x0000000722200000| PB 0x0000000722200000| Untracked 
| 224|0x0000000722400000, 0x0000000722400000, 0x0000000722600000|  0%| F|  |TAMS 0x0000000722400000| PB 0x0000000722400000| Untracked 
| 225|0x0000000722600000, 0x0000000722600000, 0x0000000722800000|  0%| F|  |TAMS 0x0000000722600000| PB 0x0000000722600000| Untracked 
| 226|0x0000000722800000, 0x0000000722800000, 0x0000000722a00000|  0%| F|  |TAMS 0x0000000722800000| PB 0x0000000722800000| Untracked 
| 227|0x0000000722a00000, 0x0000000722a00000, 0x0000000722c00000|  0%| F|  |TAMS 0x0000000722a00000| PB 0x0000000722a00000| Untracked 
| 228|0x0000000722c00000, 0x0000000722c00000, 0x0000000722e00000|  0%| F|  |TAMS 0x0000000722c00000| PB 0x0000000722c00000| Untracked 
| 229|0x0000000722e00000, 0x0000000722e00000, 0x0000000723000000|  0%| F|  |TAMS 0x0000000722e00000| PB 0x0000000722e00000| Untracked 
| 230|0x0000000723000000, 0x0000000723000000, 0x0000000723200000|  0%| F|  |TAMS 0x0000000723000000| PB 0x0000000723000000| Untracked 
| 231|0x0000000723200000, 0x0000000723200000, 0x0000000723400000|  0%| F|  |TAMS 0x0000000723200000| PB 0x0000000723200000| Untracked 
| 232|0x0000000723400000, 0x0000000723400000, 0x0000000723600000|  0%| F|  |TAMS 0x0000000723400000| PB 0x0000000723400000| Untracked 
| 233|0x0000000723600000, 0x0000000723600000, 0x0000000723800000|  0%| F|  |TAMS 0x0000000723600000| PB 0x0000000723600000| Untracked 
| 234|0x0000000723800000, 0x0000000723800000, 0x0000000723a00000|  0%| F|  |TAMS 0x0000000723800000| PB 0x0000000723800000| Untracked 
| 235|0x0000000723a00000, 0x0000000723a00000, 0x0000000723c00000|  0%| F|  |TAMS 0x0000000723a00000| PB 0x0000000723a00000| Untracked 
| 236|0x0000000723c00000, 0x0000000723c00000, 0x0000000723e00000|  0%| F|  |TAMS 0x0000000723c00000| PB 0x0000000723c00000| Untracked 
| 237|0x0000000723e00000, 0x0000000723e00000, 0x0000000724000000|  0%| F|  |TAMS 0x0000000723e00000| PB 0x0000000723e00000| Untracked 
| 238|0x0000000724000000, 0x0000000724000000, 0x0000000724200000|  0%| F|  |TAMS 0x0000000724000000| PB 0x0000000724000000| Untracked 
| 239|0x0000000724200000, 0x0000000724200000, 0x0000000724400000|  0%| F|  |TAMS 0x0000000724200000| PB 0x0000000724200000| Untracked 
| 240|0x0000000724400000, 0x0000000724400000, 0x0000000724600000|  0%| F|  |TAMS 0x0000000724400000| PB 0x0000000724400000| Untracked 
| 241|0x0000000724600000, 0x0000000724600000, 0x0000000724800000|  0%| F|  |TAMS 0x0000000724600000| PB 0x0000000724600000| Untracked 
| 242|0x0000000724800000, 0x0000000724800000, 0x0000000724a00000|  0%| F|  |TAMS 0x0000000724800000| PB 0x0000000724800000| Untracked 
| 243|0x0000000724a00000, 0x0000000724a00000, 0x0000000724c00000|  0%| F|  |TAMS 0x0000000724a00000| PB 0x0000000724a00000| Untracked 
| 244|0x0000000724c00000, 0x0000000724c00000, 0x0000000724e00000|  0%| F|  |TAMS 0x0000000724c00000| PB 0x0000000724c00000| Untracked 
| 245|0x0000000724e00000, 0x0000000724e00000, 0x0000000725000000|  0%| F|  |TAMS 0x0000000724e00000| PB 0x0000000724e00000| Untracked 
| 246|0x0000000725000000, 0x0000000725000000, 0x0000000725200000|  0%| F|  |TAMS 0x0000000725000000| PB 0x0000000725000000| Untracked 
| 247|0x0000000725200000, 0x0000000725200000, 0x0000000725400000|  0%| F|  |TAMS 0x0000000725200000| PB 0x0000000725200000| Untracked 
|1994|0x00000007ff800000, 0x00000007ff85bf10, 0x00000007ffa00000| 17%| E|  |TAMS 0x00000007ff800000| PB 0x00000007ff800000| Complete 
|1995|0x00000007ffa00000, 0x00000007ffc00000, 0x00000007ffc00000|100%| E|CS|TAMS 0x00000007ffa00000| PB 0x00000007ffa00000| Complete 
|1996|0x00000007ffc00000, 0x00000007ffe00000, 0x00000007ffe00000|100%| O|  |TAMS 0x00000007ffe00000| PB 0x00000007ffc00000| Updating 
|1997|0x00000007ffe00000, 0x0000000800000000, 0x0000000800000000|100%| O|  |TAMS 0x0000000800000000| PB 0x00000007ffe00000| Untracked 

Card table byte_map: [0x00000171f39e0000,0x00000171f41b0000] _byte_map_base: 0x00000171f01ae000

Marking Bits: (CMBitMap*) 0x00000171e9211ed0
 Bits: [0x00000171f41b0000, 0x00000171f8020000)

Polling page: 0x00000171e7100000

Metaspace:

Usage:
  Non-class:     92.52 MB used.
      Class:     11.50 MB used.
       Both:    104.02 MB used.

Virtual space:
  Non-class space:      128.00 MB reserved,      93.44 MB ( 73%) committed,  2 nodes.
      Class space:        1.00 GB reserved,      12.12 MB (  1%) committed,  1 nodes.
             Both:        1.12 GB reserved,     105.56 MB (  9%) committed. 

Chunk freelists:
   Non-Class:  2.71 MB
       Class:  3.89 MB
        Both:  6.60 MB

MaxMetaspaceSize: unlimited
CompressedClassSpaceSize: 1.00 GB
Initial GC threshold: 21.00 MB
Current GC threshold: 175.94 MB
CDS: off
 - commit_granule_bytes: 65536.
 - commit_granule_words: 8192.
 - virtual_space_node_default_size: 8388608.
 - enlarge_chunks_in_place: 1.
 - use_allocation_guard: 0.


Internal statistics:

num_allocs_failed_limit: 6.
num_arena_births: 1220.
num_arena_deaths: 406.
num_vsnodes_births: 3.
num_vsnodes_deaths: 0.
num_space_committed: 1689.
num_space_uncommitted: 0.
num_chunks_returned_to_freelist: 502.
num_chunks_taken_from_freelist: 4218.
num_chunk_merges: 135.
num_chunk_splits: 2951.
num_chunks_enlarged: 2026.
num_inconsistent_stats: 0.

CodeHeap 'non-profiled nmethods': size=119168Kb used=11726Kb max_used=11728Kb free=107441Kb
 bounds [0x0000017187ba0000, 0x0000017188720000, 0x000001718f000000]
CodeHeap 'profiled nmethods': size=119104Kb used=28866Kb max_used=29086Kb free=90237Kb
 bounds [0x0000017180000000, 0x0000017181c70000, 0x0000017187450000]
CodeHeap 'non-nmethods': size=7488Kb used=2130Kb max_used=3903Kb free=5358Kb
 bounds [0x0000017187450000, 0x0000017187860000, 0x0000017187ba0000]
 total_blobs=14155 nmethods=13083 adapters=974
 compilation: enabled
              stopped_count=0, restarted_count=0
 full_count=0

Compilation events (20 events):
Event: 40338.742 Thread 0x0000017193111e80 nmethod 14862 0x0000017181c63810 code [0x0000017181c63a20, 0x0000017181c64208]
Event: 40338.754 Thread 0x0000017193111e80 14863       3       java.awt.Rectangle::getX (6 bytes)
Event: 40338.754 Thread 0x0000017193111e80 nmethod 14863 0x0000017181c64390 code [0x0000017181c64520, 0x0000017181c64630]
Event: 40338.754 Thread 0x0000017193111e80 14864       3       javax.swing.JComponent::paintBorder (28 bytes)
Event: 40338.765 Thread 0x0000017193111e80 nmethod 14864 0x0000017181c64690 code [0x0000017181c64860, 0x0000017181c64d50]
Event: 40338.765 Thread 0x0000017193111e80 14865       3       java.awt.Rectangle::getY (6 bytes)
Event: 40338.765 Thread 0x0000017193111e80 nmethod 14865 0x0000017181c64e90 code [0x0000017181c65020, 0x0000017181c65130]
Event: 40338.840 Thread 0x000001719310d3b0 14866 %     4       sun.java2d.marlin.Renderer::_endRendering @ 2093 (2646 bytes)
Event: 40338.842 Thread 0x0000017193111e80 14869       3       sun.java2d.SunGraphics2D::intersectShapes (76 bytes)
Event: 40338.845 Thread 0x0000017193111e80 nmethod 14869 0x0000017181c65190 code [0x0000017181c653e0, 0x0000017181c65f58]
Event: 40338.936 Thread 0x0000017193111e80 14870       3       java.awt.geom.AffineTransform::rotate (22 bytes)
Event: 40338.936 Thread 0x0000017193111e80 nmethod 14870 0x0000017181c66110 code [0x0000017181c662e0, 0x0000017181c664f8]
Event: 40338.963 Thread 0x0000017193111e80 14872       3       java.awt.Graphics::create (33 bytes)
Event: 40338.964 Thread 0x0000017193111e80 nmethod 14872 0x0000017181c66610 code [0x0000017181c66800, 0x0000017181c66bb0]
Event: 40338.986 Thread 0x0000017193111e80 14873       3       sun.java2d.SunGraphics2D::drawImage (11 bytes)
Event: 40338.986 Thread 0x0000017193111e80 nmethod 14873 0x0000017181c66d90 code [0x0000017181c66f40, 0x0000017181c67088]
Event: 40338.987 Thread 0x0000017193111e80 14874       3       sun.java2d.marlin.TransformingPathConsumer2D$PathClipFilter::clip (144 bytes)
Event: 40338.987 Thread 0x0000017193111e80 nmethod 14874 0x0000017181c67110 code [0x0000017181c67320, 0x0000017181c677b0]
Event: 40338.988 Thread 0x0000017193111e80 14875       1       java.awt.geom.RoundRectIterator::getWindingRule (2 bytes)
Event: 40338.988 Thread 0x0000017193111e80 nmethod 14875 0x0000017188713d10 code [0x0000017188713ea0, 0x0000017188713f68]

GC Heap History (20 events):
Event: 12.554 GC heap before
{Heap before GC invocations=47 (full 0):
 garbage-first heap   total 372736K, used 335162K [0x0000000706400000, 0x0000000800000000)
  region size 2048K, 108 young (221184K), 8 survivors (16384K)
 Metaspace       used 93012K, committed 94080K, reserved 1179648K
  class space    used 10315K, committed 10816K, reserved 1048576K
}
Event: 12.558 GC heap after
{Heap after GC invocations=48 (full 0):
 garbage-first heap   total 516096K, used 131276K [0x0000000706400000, 0x0000000800000000)
  region size 2048K, 8 young (16384K), 8 survivors (16384K)
 Metaspace       used 93012K, committed 94080K, reserved 1179648K
  class space    used 10315K, committed 10816K, reserved 1048576K
}
Event: 12.695 GC heap before
{Heap before GC invocations=48 (full 0):
 garbage-first heap   total 516096K, used 424140K [0x0000000706400000, 0x0000000800000000)
  region size 2048K, 151 young (309248K), 8 survivors (16384K)
 Metaspace       used 93021K, committed 94144K, reserved 1179648K
  class space    used 10315K, committed 10816K, reserved 1048576K
}
Event: 12.698 GC heap after
{Heap after GC invocations=49 (full 0):
 garbage-first heap   total 516096K, used 132029K [0x0000000706400000, 0x0000000800000000)
  region size 2048K, 8 young (16384K), 8 survivors (16384K)
 Metaspace       used 93021K, committed 94144K, reserved 1179648K
  class space    used 10315K, committed 10816K, reserved 1048576K
}
Event: 12.929 GC heap before
{Heap before GC invocations=49 (full 0):
 garbage-first heap   total 516096K, used 424893K [0x0000000706400000, 0x0000000800000000)
  region size 2048K, 151 young (309248K), 8 survivors (16384K)
 Metaspace       used 93646K, committed 94720K, reserved 1179648K
  class space    used 10353K, committed 10816K, reserved 1048576K
}
Event: 12.933 GC heap after
{Heap after GC invocations=50 (full 0):
 garbage-first heap   total 516096K, used 135861K [0x0000000706400000, 0x0000000800000000)
  region size 2048K, 10 young (20480K), 10 survivors (20480K)
 Metaspace       used 93646K, committed 94720K, reserved 1179648K
  class space    used 10353K, committed 10816K, reserved 1048576K
}
Event: 13.211 GC heap before
{Heap before GC invocations=50 (full 0):
 garbage-first heap   total 516096K, used 424629K [0x0000000706400000, 0x0000000800000000)
  region size 2048K, 151 young (309248K), 10 survivors (20480K)
 Metaspace       used 94256K, committed 95296K, reserved 1179648K
  class space    used 10406K, committed 10880K, reserved 1048576K
}
Event: 13.217 GC heap after
{Heap after GC invocations=51 (full 0):
 garbage-first heap   total 516096K, used 140221K [0x0000000706400000, 0x0000000800000000)
  region size 2048K, 12 young (24576K), 12 survivors (24576K)
 Metaspace       used 94256K, committed 95296K, reserved 1179648K
  class space    used 10406K, committed 10880K, reserved 1048576K
}
Event: 13.709 GC heap before
{Heap before GC invocations=51 (full 0):
 garbage-first heap   total 516096K, used 424893K [0x0000000706400000, 0x0000000800000000)
  region size 2048K, 151 young (309248K), 12 survivors (24576K)
 Metaspace       used 94454K, committed 95552K, reserved 1179648K
  class space    used 10415K, committed 10880K, reserved 1048576K
}
Event: 13.715 GC heap after
{Heap after GC invocations=52 (full 0):
 garbage-first heap   total 516096K, used 150459K [0x0000000706400000, 0x0000000800000000)
  region size 2048K, 16 young (32768K), 16 survivors (32768K)
 Metaspace       used 94454K, committed 95552K, reserved 1179648K
  class space    used 10415K, committed 10880K, reserved 1048576K
}
Event: 14.582 GC heap before
{Heap before GC invocations=52 (full 0):
 garbage-first heap   total 516096K, used 426939K [0x0000000706400000, 0x0000000800000000)
  region size 2048K, 151 young (309248K), 16 survivors (32768K)
 Metaspace       used 95637K, committed 96704K, reserved 1179648K
  class space    used 10534K, committed 11008K, reserved 1048576K
}
Event: 14.589 GC heap after
{Heap after GC invocations=53 (full 0):
 garbage-first heap   total 516096K, used 152278K [0x0000000706400000, 0x0000000800000000)
  region size 2048K, 11 young (22528K), 11 survivors (22528K)
 Metaspace       used 95637K, committed 96704K, reserved 1179648K
  class space    used 10534K, committed 11008K, reserved 1048576K
}
Event: 16.296 GC heap before
{Heap before GC invocations=53 (full 0):
 garbage-first heap   total 516096K, used 438998K [0x0000000706400000, 0x0000000800000000)
  region size 2048K, 151 young (309248K), 11 survivors (22528K)
 Metaspace       used 95746K, committed 96832K, reserved 1179648K
  class space    used 10536K, committed 11008K, reserved 1048576K
}
Event: 16.304 GC heap after
{Heap after GC invocations=54 (full 0):
 garbage-first heap   total 516096K, used 169101K [0x0000000706400000, 0x0000000800000000)
  region size 2048K, 17 young (34816K), 17 survivors (34816K)
 Metaspace       used 95746K, committed 96832K, reserved 1179648K
  class space    used 10536K, committed 11008K, reserved 1048576K
}
Event: 17.129 GC heap before
{Heap before GC invocations=54 (full 0):
 garbage-first heap   total 516096K, used 447629K [0x0000000706400000, 0x0000000800000000)
  region size 2048K, 151 young (309248K), 17 survivors (34816K)
 Metaspace       used 98313K, committed 99520K, reserved 1179648K
  class space    used 10850K, committed 11392K, reserved 1048576K
}
Event: 17.137 GC heap after
{Heap after GC invocations=55 (full 0):
 garbage-first heap   total 516096K, used 180183K [0x0000000706400000, 0x0000000800000000)
  region size 2048K, 13 young (26624K), 13 survivors (26624K)
 Metaspace       used 98313K, committed 99520K, reserved 1179648K
  class space    used 10850K, committed 11392K, reserved 1048576K
}
Event: 19.681 GC heap before
{Heap before GC invocations=55 (full 0):
 garbage-first heap   total 516096K, used 456663K [0x0000000706400000, 0x0000000800000000)
  region size 2048K, 149 young (305152K), 13 survivors (26624K)
 Metaspace       used 106232K, committed 107520K, reserved 1179648K
  class space    used 11822K, committed 12416K, reserved 1048576K
}
Event: 19.687 GC heap after
{Heap after GC invocations=56 (full 0):
 garbage-first heap   total 516096K, used 191013K [0x0000000706400000, 0x0000000800000000)
  region size 2048K, 9 young (18432K), 9 survivors (18432K)
 Metaspace       used 106232K, committed 107520K, reserved 1179648K
  class space    used 11822K, committed 12416K, reserved 1048576K
}
Event: 40337.810 GC heap before
{Heap before GC invocations=56 (full 0):
 garbage-first heap   total 516096K, used 313893K [0x0000000706400000, 0x0000000800000000)
  region size 2048K, 70 young (143360K), 9 survivors (18432K)
 Metaspace       used 106885K, committed 108096K, reserved 1179648K
  class space    used 11875K, committed 12416K, reserved 1048576K
}
Event: 40338.495 GC heap after
{Heap after GC invocations=57 (full 0):
 garbage-first heap   total 516096K, used 191256K [0x0000000706400000, 0x0000000800000000)
  region size 2048K, 10 young (20480K), 10 survivors (20480K)
 Metaspace       used 106885K, committed 108096K, reserved 1179648K
  class space    used 11875K, committed 12416K, reserved 1048576K
}

Dll operation events (18 events):
Event: 0.048 Loaded shared library D:\ProgramFiles\STM32CUBEMX\jre\bin\java.dll
Event: 0.099 Loaded shared library D:\ProgramFiles\STM32CUBEMX\jre\bin\jsvml.dll
Event: 0.141 Loaded shared library D:\ProgramFiles\STM32CUBEMX\jre\bin\net.dll
Event: 0.188 Loaded shared library D:\ProgramFiles\STM32CUBEMX\jre\bin\nio.dll
Event: 0.286 Loaded shared library D:\ProgramFiles\STM32CUBEMX\jre\bin\zip.dll
Event: 0.328 Loaded shared library D:\ProgramFiles\STM32CUBEMX\jre\bin\jimage.dll
Event: 0.538 Loaded shared library D:\ProgramFiles\STM32CUBEMX\jre\bin\management.dll
Event: 0.619 Loaded shared library D:\ProgramFiles\STM32CUBEMX\jre\bin\management_ext.dll
Event: 1.070 Loaded shared library D:\ProgramFiles\STM32CUBEMX\jre\bin\awt.dll
Event: 1.373 Loaded shared library D:\ProgramFiles\STM32CUBEMX\jre\bin\freetype.dll
Event: 1.392 Loaded shared library D:\ProgramFiles\STM32CUBEMX\jre\bin\fontmanager.dll
Event: 1.865 Loaded shared library D:\ProgramFiles\STM32CUBEMX\jre\bin\verify.dll
Event: 1.960 Loaded shared library D:\ProgramFiles\STM32CUBEMX\jre\bin\prefs.dll
Event: 5.215 Loaded shared library D:\ProgramFiles\STM32CUBEMX\jre\bin\sunmscapi.dll
Event: 6.732 Loaded shared library D:\ProgramFiles\STM32CUBEMX\jre\bin\extnet.dll
Event: 9.167 Loaded shared library C:\Users\ASUS\.stm32cubemx\.jxbrowser-8.5.0\Chromium\toolkit64.dll
Event: 9.932 Loaded shared library C:\Users\ASUS\.stm32cubemx\.jxbrowser-8.5.0\Chromium\ipc64.dll
Event: 14.041 Loaded shared library C:\Users\ASUS\AppData\Local\Temp\sqlite-3.49.1.0-885cfcd3-807b-4911-a981-98b6178a7ccc-sqlitejdbc.dll

Deoptimization events (20 events):
Event: 40336.423 Thread 0x00000171932c3450 Uncommon trap: trap_request=0xffffff45 fr.pc=0x0000017188381780 relative=0x0000000000000700
Event: 40336.424 Thread 0x00000171932c3450 Uncommon trap: reason=unstable_if action=reinterpret pc=0x0000017188381780 method=sun.swing.SwingUtilities2.isScaleChanged(Ljava/lang/String;Ljava/lang/Object;Ljava/lang/Object;)Z @ 65 c2
Event: 40336.424 Thread 0x00000171932c3450 DEOPT PACKING pc=0x0000017188381780 sp=0x00000037c7bfe430
Event: 40336.424 Thread 0x00000171932c3450 DEOPT UNPACKING pc=0x00000171874a46a2 sp=0x00000037c7bfe3b8 mode 2
Event: 40338.816 Thread 0x00000171932c3450 Uncommon trap: trap_request=0xffffff6e fr.pc=0x000001718870c544 relative=0x0000000000000264
Event: 40338.816 Thread 0x00000171932c3450 Uncommon trap: reason=loop_limit_check action=maybe_recompile pc=0x000001718870c544 method=java.awt.geom.AffineTransform.transform([DI[DII)V @ 572 c2
Event: 40338.816 Thread 0x00000171932c3450 DEOPT PACKING pc=0x000001718870c544 sp=0x00000037c7bfaba0
Event: 40338.816 Thread 0x00000171932c3450 DEOPT UNPACKING pc=0x00000171874a46a2 sp=0x00000037c7bfaae0 mode 2
Event: 40338.840 Thread 0x00000171932c3450 DEOPT PACKING pc=0x0000017181a77c45 sp=0x00000037c7bfb280
Event: 40338.841 Thread 0x00000171932c3450 DEOPT UNPACKING pc=0x00000171874a4e42 sp=0x00000037c7bfa6c0 mode 0
Event: 40338.841 Thread 0x00000171932c3450 DEOPT PACKING pc=0x0000017181a77c45 sp=0x00000037c7bfb280
Event: 40338.841 Thread 0x00000171932c3450 DEOPT UNPACKING pc=0x00000171874a4e42 sp=0x00000037c7bfa6c0 mode 0
Event: 40338.842 Thread 0x00000171932c3450 DEOPT PACKING pc=0x0000017181a8ab99 sp=0x00000037c7bfafb0
Event: 40338.842 Thread 0x00000171932c3450 DEOPT UNPACKING pc=0x00000171874a4e42 sp=0x00000037c7bfa3a8 mode 0
Event: 40338.974 Thread 0x00000171932c3450 DEOPT PACKING pc=0x0000017181a8ab99 sp=0x00000037c7bfbe50
Event: 40338.974 Thread 0x00000171932c3450 DEOPT UNPACKING pc=0x00000171874a4e42 sp=0x00000037c7bfb248 mode 0
Event: 40338.981 Thread 0x00000171932c3450 DEOPT PACKING pc=0x0000017181a77c45 sp=0x00000037c7bfbc30
Event: 40338.981 Thread 0x00000171932c3450 DEOPT UNPACKING pc=0x00000171874a4e42 sp=0x00000037c7bfb070 mode 0
Event: 40338.988 Thread 0x00000171932c3450 DEOPT PACKING pc=0x0000017181a8ae3e sp=0x00000037c7bfce90
Event: 40338.988 Thread 0x00000171932c3450 DEOPT UNPACKING pc=0x00000171874a4e42 sp=0x00000037c7bfc288 mode 0

Classes loaded (20 events):
Event: 34684.663 Loading class sun/net/ConnectionResetException
Event: 34684.777 Loading class sun/net/ConnectionResetException done
Event: 39507.112 Loading class java/util/concurrent/CompletableFuture$UniHandle
Event: 39507.116 Loading class java/util/concurrent/CompletableFuture$UniCompletion
Event: 39507.116 Loading class java/util/concurrent/CompletableFuture$UniCompletion done
Event: 39507.116 Loading class java/util/concurrent/CompletableFuture$UniHandle done
Event: 39507.117 Loading class java/util/concurrent/ForkJoinTask$Aux
Event: 39507.118 Loading class java/util/concurrent/ForkJoinTask$Aux done
Event: 39507.128 Loading class java/util/logging/LogRecord
Event: 39507.136 Loading class java/util/logging/LogRecord done
Event: 39507.142 Loading class java/time/format/DateTimePrintContext
Event: 39507.146 Loading class java/time/format/DateTimePrintContext done
Event: 39507.149 Loading class java/time/ZonedDateTime$1
Event: 39507.150 Loading class java/time/ZonedDateTime$1 done
Event: 39507.150 Loading class java/time/LocalTime$1
Event: 39507.151 Loading class java/time/LocalTime$1 done
Event: 39507.151 Loading class java/time/format/DateTimeFormatterBuilder$2
Event: 39507.152 Loading class java/time/format/DateTimeFormatterBuilder$2 done
Event: 40335.727 Loading class javax/swing/RepaintManager$DisplayChangedRunnable
Event: 40335.804 Loading class javax/swing/RepaintManager$DisplayChangedRunnable done

Classes unloaded (20 events):
Event: 40339.222 Thread 0x00000171e6d6e600 Unloading class 0x0000000800184400 'java/lang/invoke/LambdaForm$MH+0x0000000800184400'
Event: 40339.223 Thread 0x00000171e6d6e600 Unloading class 0x0000000800184000 'java/lang/invoke/LambdaForm$DMH+0x0000000800184000'
Event: 40339.223 Thread 0x00000171e6d6e600 Unloading class 0x0000000800183c00 'java/lang/invoke/LambdaForm$DMH+0x0000000800183c00'
Event: 40339.223 Thread 0x00000171e6d6e600 Unloading class 0x0000000800182c00 'java/lang/invoke/LambdaForm$MH+0x0000000800182c00'
Event: 40339.223 Thread 0x00000171e6d6e600 Unloading class 0x0000000800182000 'java/lang/invoke/LambdaForm$MH+0x0000000800182000'
Event: 40339.223 Thread 0x00000171e6d6e600 Unloading class 0x0000000800181c00 'java/lang/invoke/LambdaForm$MH+0x0000000800181c00'
Event: 40339.223 Thread 0x00000171e6d6e600 Unloading class 0x0000000800181800 'java/lang/invoke/LambdaForm$MH+0x0000000800181800'
Event: 40339.223 Thread 0x00000171e6d6e600 Unloading class 0x0000000800181000 'java/lang/invoke/LambdaForm$MH+0x0000000800181000'
Event: 40339.223 Thread 0x00000171e6d6e600 Unloading class 0x0000000800180400 'java/lang/invoke/LambdaForm$MH+0x0000000800180400'
Event: 40339.223 Thread 0x00000171e6d6e600 Unloading class 0x000000080012f800 'java/lang/invoke/LambdaForm$MH+0x000000080012f800'
Event: 40339.223 Thread 0x00000171e6d6e600 Unloading class 0x000000080012f400 'java/lang/invoke/LambdaForm$MH+0x000000080012f400'
Event: 40339.223 Thread 0x00000171e6d6e600 Unloading class 0x000000080012ec00 'java/lang/invoke/LambdaForm$MH+0x000000080012ec00'
Event: 40339.223 Thread 0x00000171e6d6e600 Unloading class 0x000000080012e400 'java/lang/invoke/LambdaForm$MH+0x000000080012e400'
Event: 40339.223 Thread 0x00000171e6d6e600 Unloading class 0x000000080012dc00 'java/lang/invoke/LambdaForm$MH+0x000000080012dc00'
Event: 40339.223 Thread 0x00000171e6d6e600 Unloading class 0x000000080012d400 'java/lang/invoke/LambdaForm$MH+0x000000080012d400'
Event: 40339.223 Thread 0x00000171e6d6e600 Unloading class 0x000000080012cc00 'java/lang/invoke/LambdaForm$MH+0x000000080012cc00'
Event: 40339.224 Thread 0x00000171e6d6e600 Unloading class 0x0000000800120800 'java/lang/invoke/LambdaForm$MH+0x0000000800120800'
Event: 40339.224 Thread 0x00000171e6d6e600 Unloading class 0x0000000800120400 'java/lang/invoke/LambdaForm$MH+0x0000000800120400'
Event: 40339.224 Thread 0x00000171e6d6e600 Unloading class 0x0000000800120000 'java/lang/invoke/LambdaForm$MH+0x0000000800120000'
Event: 40339.224 Thread 0x00000171e6d6e600 Unloading class 0x000000080011c800 'java/lang/invoke/LambdaForm$MH+0x000000080011c800'

Classes redefined (0 events):
No events

Internal exceptions (20 events):
Event: 19.716 Thread 0x00000171932c3450 Exception <a 'java/io/IOException'{0x00000007237adb10}> (0x00000007237adb10) 
thrown [s\src\hotspot\share\prims\jni.cpp, line 520]
Event: 19.716 Thread 0x00000171932c3450 Exception <a 'java/io/IOException'{0x00000007237b0da8}> (0x00000007237b0da8) 
thrown [s\src\hotspot\share\prims\jni.cpp, line 520]
Event: 19.716 Thread 0x00000171932c3450 Exception <a 'java/io/IOException'{0x00000007237b1368}> (0x00000007237b1368) 
thrown [s\src\hotspot\share\prims\jni.cpp, line 520]
Event: 34684.788 Thread 0x0000017197f6d180 Exception <a 'sun/net/ConnectionResetException'{0x000000071edde090}: Connection reset> (0x000000071edde090) 
thrown [s\src\hotspot\share\prims\jni.cpp, line 539]
Event: 34687.149 Thread 0x00000171939d3810 Exception <a 'sun/net/ConnectionResetException'{0x000000071eb152b0}: Connection reset> (0x000000071eb152b0) 
thrown [s\src\hotspot\share\prims\jni.cpp, line 539]
Event: 34689.394 Thread 0x00000171939d3ea0 Exception <a 'sun/net/ConnectionResetException'{0x000000071e800ac0}: Connection reset> (0x000000071e800ac0) 
thrown [s\src\hotspot\share\prims\jni.cpp, line 539]
Event: 34691.664 Thread 0x00000171a010c6a0 Exception <a 'sun/net/ConnectionResetException'{0x000000071e99f6e8}: Connection reset> (0x000000071e99f6e8) 
thrown [s\src\hotspot\share\prims\jni.cpp, line 539]
Event: 39500.546 Thread 0x0000017197f66f10 Exception <a 'sun/net/ConnectionResetException'{0x000000071e0a39b0}: Connection reset> (0x000000071e0a39b0) 
thrown [s\src\hotspot\share\prims\jni.cpp, line 539]
Event: 39500.550 Thread 0x0000017197f6bdd0 Exception <a 'sun/net/ConnectionResetException'{0x000000071e0f3408}: Connection reset> (0x000000071e0f3408) 
thrown [s\src\hotspot\share\prims\jni.cpp, line 539]
Event: 39506.716 Thread 0x00000171a010c6a0 Exception <a 'sun/net/ConnectionResetException'{0x000000071e723340}: Connection reset> (0x000000071e723340) 
thrown [s\src\hotspot\share\prims\jni.cpp, line 539]
Event: 39506.898 Thread 0x000001719a52a410 Exception <a 'sun/net/ConnectionResetException'{0x00000007227c9e18}: Connection reset> (0x00000007227c9e18) 
thrown [s\src\hotspot\share\prims\jni.cpp, line 539]
Event: 39507.167 Thread 0x0000017199daa2b0 Exception <a 'java/io/IOException'{0x000000071de30978}> (0x000000071de30978) 
thrown [s\src\hotspot\share\prims\jni.cpp, line 520]
Event: 39507.167 Thread 0x0000017199daa2b0 Exception <a 'java/io/IOException'{0x000000071de30c88}> (0x000000071de30c88) 
thrown [s\src\hotspot\share\prims\jni.cpp, line 520]
Event: 39507.168 Thread 0x0000017199daa2b0 Exception <a 'java/io/IOException'{0x000000071de30f98}> (0x000000071de30f98) 
thrown [s\src\hotspot\share\prims\jni.cpp, line 520]
Event: 39507.168 Thread 0x0000017199daa2b0 Exception <a 'java/io/IOException'{0x000000071de33a90}> (0x000000071de33a90) 
thrown [s\src\hotspot\share\prims\jni.cpp, line 520]
Event: 39507.168 Thread 0x0000017199daa2b0 Exception <a 'java/io/IOException'{0x000000071de33da0}> (0x000000071de33da0) 
thrown [s\src\hotspot\share\prims\jni.cpp, line 520]
Event: 39507.168 Thread 0x0000017199daa2b0 Exception <a 'java/io/IOException'{0x000000071de340b0}> (0x000000071de340b0) 
thrown [s\src\hotspot\share\prims\jni.cpp, line 520]
Event: 39507.233 Thread 0x0000017199daa2b0 Exception <a 'java/io/IOException'{0x000000071de3ae80}> (0x000000071de3ae80) 
thrown [s\src\hotspot\share\prims\jni.cpp, line 520]
Event: 39507.233 Thread 0x0000017199daa2b0 Exception <a 'java/io/IOException'{0x000000071de3b440}> (0x000000071de3b440) 
thrown [s\src\hotspot\share\prims\jni.cpp, line 520]
Event: 39507.235 Thread 0x0000017197f682c0 Exception <a 'java/io/IOException'{0x000000071e698888}> (0x000000071e698888) 
thrown [s\src\hotspot\share\prims\jni.cpp, line 520]

ZGC Phase Switch (0 events):
No events

VM Operations (20 events):
Event: 31700.777 Executing VM operation: Cleanup done
Event: 34685.901 Executing VM operation: Cleanup
Event: 34685.901 Executing VM operation: Cleanup done
Event: 35343.841 Executing VM operation: Cleanup
Event: 35343.842 Executing VM operation: Cleanup done
Event: 36432.048 Executing VM operation: Cleanup
Event: 36432.063 Executing VM operation: Cleanup done
Event: 36616.007 Executing VM operation: Cleanup
Event: 36616.007 Executing VM operation: Cleanup done
Event: 38458.338 Executing VM operation: Cleanup
Event: 38458.339 Executing VM operation: Cleanup done
Event: 39507.176 Executing VM operation: Cleanup
Event: 39507.191 Executing VM operation: Cleanup done
Event: 39508.203 Executing VM operation: Cleanup
Event: 39508.204 Executing VM operation: Cleanup done
Event: 40336.936 Executing VM operation: Cleanup
Event: 40336.951 Executing VM operation: Cleanup done
Event: 40337.793 Executing VM operation: G1TryInitiateConcMark (G1 Humongous Allocation)
Event: 40338.497 Executing VM operation: G1TryInitiateConcMark (G1 Humongous Allocation) done
Event: 40339.105 Executing VM operation: G1PauseRemark

Events (20 events):
Event: 39506.924 Thread 0x0000017197f66880 Thread exited: 0x0000017197f66880
Event: 39506.931 Thread 0x0000017199daa2b0 Thread added: 0x0000017199daa2b0
Event: 39506.951 Thread 0x0000017197f69d00 Thread exited: 0x0000017197f69d00
Event: 39506.987 Thread 0x0000017199daa940 Thread exited: 0x0000017199daa940
Event: 39507.112 Thread 0x000001719734df30 Thread added: 0x000001719734df30
Event: 39507.113 Thread 0x000001719734df30 Thread exited: 0x000001719734df30
Event: 39507.234 Thread 0x0000017199daa2b0 Thread exited: 0x0000017199daa2b0
Event: 39507.235 Thread 0x0000017197f682c0 Thread exited: 0x0000017197f682c0
Event: 40339.669 Thread 0x00000171e6d6e600 flushing nmethod 0x0000017180f30d90
Event: 40339.670 Thread 0x00000171e6d6e600 flushing nmethod 0x0000017180f02890
Event: 40339.670 Thread 0x00000171e6d6e600 flushing nmethod 0x0000017180f24990
Event: 40339.670 Thread 0x00000171e6d6e600 flushing nmethod 0x0000017180f07910
Event: 40339.670 Thread 0x00000171e6d6e600 flushing nmethod 0x0000017180ee6210
Event: 40339.670 Thread 0x00000171e6d6e600 flushing nmethod 0x0000017180ee0190
Event: 40339.671 Thread 0x00000171e6d6e600 flushing nmethod 0x0000017180f04190
Event: 40339.671 Thread 0x00000171e6d6e600 flushing nmethod 0x000001718102b610
Event: 40339.671 Thread 0x00000171e6d6e600 flushing nmethod 0x0000017180e3ed90
Event: 40339.671 Thread 0x00000171e6d6e600 flushing nmethod 0x0000017181061f90
Event: 40339.671 Thread 0x00000171e6d6e600 flushing nmethod 0x0000017180f14390
Event: 40340.931 Thread 0x00000171e6d6e600 flushing nmethod 0x0000017180f10590


Dynamic libraries:
0x00007ff767eb0000 - 0x00007ff767ebe000 	D:\ProgramFiles\STM32CUBEMX\jre\bin\javaw.exe
0x00007ffc5d020000 - 0x00007ffc5d287000 	C:\WINDOWS\SYSTEM32\ntdll.dll
0x00007ffc5c320000 - 0x00007ffc5c3e9000 	C:\WINDOWS\System32\KERNEL32.DLL
0x00007ffc5a460000 - 0x00007ffc5a84f000 	C:\WINDOWS\System32\KERNELBASE.dll
0x00007ffc5ab40000 - 0x00007ffc5ac8b000 	C:\WINDOWS\System32\ucrtbase.dll
0x00007ffc4b0d0000 - 0x00007ffc4b0eb000 	D:\ProgramFiles\STM32CUBEMX\jre\bin\VCRUNTIME140.dll
0x00007ffc47120000 - 0x00007ffc47138000 	D:\ProgramFiles\STM32CUBEMX\jre\bin\jli.dll
0x00007ffc5bcd0000 - 0x00007ffc5be95000 	C:\WINDOWS\System32\USER32.dll
0x00007ffc5a9d0000 - 0x00007ffc5a9f7000 	C:\WINDOWS\System32\win32u.dll
0x00007ffc3d580000 - 0x00007ffc3d813000 	C:\WINDOWS\WinSxS\amd64_microsoft.windows.common-controls_6595b64144ccf1df_6.0.26100.7309_none_3e05feeae336a044\COMCTL32.dll
0x00007ffc5b360000 - 0x00007ffc5b409000 	C:\WINDOWS\System32\msvcrt.dll
0x00007ffc5ba00000 - 0x00007ffc5ba2b000 	C:\WINDOWS\System32\GDI32.dll
0x00007ffc5ac90000 - 0x00007ffc5adbc000 	C:\WINDOWS\System32\gdi32full.dll
0x00007ffc5aa00000 - 0x00007ffc5aaa3000 	C:\WINDOWS\System32\msvcp_win.dll
0x00007ffc5cfa0000 - 0x00007ffc5cfd1000 	C:\WINDOWS\System32\IMM32.DLL
0x00007ffc4f9d0000 - 0x00007ffc4f9dc000 	D:\ProgramFiles\STM32CUBEMX\jre\bin\vcruntime140_1.dll
0x00007ffc29450000 - 0x00007ffc294de000 	D:\ProgramFiles\STM32CUBEMX\jre\bin\msvcp140.dll
0x00007ffb127c0000 - 0x00007ffb13542000 	D:\ProgramFiles\STM32CUBEMX\jre\bin\server\jvm.dll
0x00007ffc5c230000 - 0x00007ffc5c2e4000 	C:\WINDOWS\System32\ADVAPI32.dll
0x00007ffc5b430000 - 0x00007ffc5b4d6000 	C:\WINDOWS\System32\sechost.dll
0x00007ffc5b8e0000 - 0x00007ffc5b9f8000 	C:\WINDOWS\System32\RPCRT4.dll
0x00007ffc5b2e0000 - 0x00007ffc5b354000 	C:\WINDOWS\System32\WS2_32.dll
0x00007ffc59fd0000 - 0x00007ffc5a02e000 	C:\WINDOWS\SYSTEM32\POWRPROF.dll
0x00007ffc506b0000 - 0x00007ffc506e5000 	C:\WINDOWS\SYSTEM32\WINMM.dll
0x00007ffc505d0000 - 0x00007ffc505db000 	C:\WINDOWS\SYSTEM32\VERSION.dll
0x00007ffc59fb0000 - 0x00007ffc59fc4000 	C:\WINDOWS\SYSTEM32\UMPDC.dll
0x00007ffc58e40000 - 0x00007ffc58e5b000 	C:\WINDOWS\SYSTEM32\kernel.appcore.dll
0x00007ffc37d00000 - 0x00007ffc37d0a000 	D:\ProgramFiles\STM32CUBEMX\jre\bin\jimage.dll
0x00007ffc47800000 - 0x00007ffc47a42000 	C:\WINDOWS\SYSTEM32\DBGHELP.DLL
0x00007ffc5bea0000 - 0x00007ffc5c225000 	C:\WINDOWS\System32\combase.dll
0x00007ffc5bbf0000 - 0x00007ffc5bcc6000 	C:\WINDOWS\System32\OLEAUT32.dll
0x00007ffc28d00000 - 0x00007ffc28d3c000 	C:\WINDOWS\SYSTEM32\dbgcore.DLL
0x00007ffc5a860000 - 0x00007ffc5a905000 	C:\WINDOWS\System32\bcryptPrimitives.dll
0x00007ffc379a0000 - 0x00007ffc379bf000 	D:\ProgramFiles\STM32CUBEMX\jre\bin\java.dll
0x00007ffc5c6c0000 - 0x00007ffc5ce13000 	C:\WINDOWS\System32\SHELL32.dll
0x00007ffc5a170000 - 0x00007ffc5a2da000 	C:\WINDOWS\System32\wintypes.dll
0x00007ffc57d50000 - 0x00007ffc585ae000 	C:\WINDOWS\SYSTEM32\windows.storage.dll
0x00007ffc5c3f0000 - 0x00007ffc5c4e5000 	C:\WINDOWS\System32\SHCORE.dll
0x00007ffc5ba30000 - 0x00007ffc5ba96000 	C:\WINDOWS\System32\shlwapi.dll
0x00007ffc5a090000 - 0x00007ffc5a0b9000 	C:\WINDOWS\SYSTEM32\profapi.dll
0x00007ffc1fca0000 - 0x00007ffc1fd77000 	D:\ProgramFiles\STM32CUBEMX\jre\bin\jsvml.dll
0x00007ffc37990000 - 0x00007ffc379a0000 	D:\ProgramFiles\STM32CUBEMX\jre\bin\net.dll
0x00007ffc528c0000 - 0x00007ffc529e8000 	C:\WINDOWS\SYSTEM32\WINHTTP.dll
0x00007ffc59430000 - 0x00007ffc5949b000 	C:\WINDOWS\system32\mswsock.dll
0x00007ffc37930000 - 0x00007ffc37946000 	D:\ProgramFiles\STM32CUBEMX\jre\bin\nio.dll
0x00007ffc2ece0000 - 0x00007ffc2ecf8000 	D:\ProgramFiles\STM32CUBEMX\jre\bin\zip.dll
0x00007ffc378a0000 - 0x00007ffc378aa000 	D:\ProgramFiles\STM32CUBEMX\jre\bin\management.dll
0x00007ffc2ecd0000 - 0x00007ffc2ecdb000 	D:\ProgramFiles\STM32CUBEMX\jre\bin\management_ext.dll
0x00007ffc5cf90000 - 0x00007ffc5cf98000 	C:\WINDOWS\System32\PSAPI.DLL
0x00007ffc3a9f0000 - 0x00007ffc3aa08000 	C:\WINDOWS\system32\napinsp.dll
0x00007ffc58a60000 - 0x00007ffc58b8c000 	C:\WINDOWS\SYSTEM32\DNSAPI.dll
0x00007ffc58980000 - 0x00007ffc589b4000 	C:\WINDOWS\SYSTEM32\IPHLPAPI.DLL
0x00007ffc5b410000 - 0x00007ffc5b41a000 	C:\WINDOWS\System32\NSI.dll
0x00007ffc3a9a0000 - 0x00007ffc3a9b2000 	C:\WINDOWS\System32\winrnr.dll
0x00007ffc398d0000 - 0x00007ffc398f2000 	C:\WINDOWS\system32\nlansp_c.dll
0x00007ffc53140000 - 0x00007ffc53156000 	C:\WINDOWS\system32\wshbth.dll
0x0000000069690000 - 0x00000000696b6000 	C:\Program Files\Bonjour\mdnsNSP.dll
0x00007ffc4a1f0000 - 0x00007ffc4a1fb000 	C:\Windows\System32\rasadhlp.dll
0x00007ffc502e0000 - 0x00007ffc50366000 	C:\WINDOWS\System32\fwpuclnt.dll
0x00007ffb2b5a0000 - 0x00007ffb2b72e000 	D:\ProgramFiles\STM32CUBEMX\jre\bin\awt.dll
0x00007ffc571a0000 - 0x00007ffc5723f000 	C:\WINDOWS\SYSTEM32\apphelp.dll
0x00007ffc59820000 - 0x00007ffc5983b000 	C:\WINDOWS\SYSTEM32\CRYPTSP.dll
0x00007ffc58e60000 - 0x00007ffc58e9a000 	C:\WINDOWS\system32\rsaenh.dll
0x00007ffc594e0000 - 0x00007ffc5950b000 	C:\WINDOWS\SYSTEM32\USERENV.dll
0x00007ffc5a060000 - 0x00007ffc5a08a000 	C:\WINDOWS\SYSTEM32\bcrypt.dll
0x00007ffc59680000 - 0x00007ffc5968c000 	C:\WINDOWS\SYSTEM32\CRYPTBASE.dll
0x00007ffc572f0000 - 0x00007ffc5739b000 	C:\WINDOWS\system32\uxtheme.dll
0x00007ffc5c550000 - 0x00007ffc5c6ae000 	C:\WINDOWS\System32\MSCTF.dll
0x00007ffc5b4e0000 - 0x00007ffc5b677000 	C:\WINDOWS\System32\ole32.dll
0x00007ffc575a0000 - 0x00007ffc575d0000 	C:\WINDOWS\system32\DWMAPI.DLL
0x00007ffba8ee0000 - 0x00007ffba8ff0000 	C:\WINDOWS\system32\opengl32.dll
0x00007ffc2c5e0000 - 0x00007ffc2c60d000 	C:\WINDOWS\SYSTEM32\GLU32.dll
0x00007ffc57530000 - 0x00007ffc57574000 	C:\WINDOWS\SYSTEM32\dxcore.dll
0x00007ffbed000000 - 0x00007ffbed087000 	D:\ProgramFiles\STM32CUBEMX\jre\bin\freetype.dll
0x00007ffb4bcf0000 - 0x00007ffb4bdd2000 	D:\ProgramFiles\STM32CUBEMX\jre\bin\fontmanager.dll
0x00007ffbed530000 - 0x00007ffbed7e5000 	D:\ProgramFiles\Dict\11.2.10.0\TextExtractorImpl64.dll
0x00007ffc3bbb0000 - 0x00007ffc3bc29000 	C:\WINDOWS\SYSTEM32\OLEACC.dll
0x00007ffc3d570000 - 0x00007ffc3d578000 	C:\WINDOWS\SYSTEM32\MSIMG32.dll
0x00007ffc3bc30000 - 0x00007ffc3bce1000 	C:\WINDOWS\SYSTEM32\WINSPOOL.DRV
0x00007ffc3bcf0000 - 0x00007ffc3bec9000 	C:\WINDOWS\WinSxS\amd64_microsoft.windows.gdiplus_6595b64144ccf1df_1.1.26100.7309_none_6ef0f1d03dc91a12\gdiplus.dll
0x00007ffc59cb0000 - 0x00007ffc59d07000 	C:\WINDOWS\SYSTEM32\cfgmgr32.dll
0x00007ffc2ecc0000 - 0x00007ffc2ecd0000 	D:\ProgramFiles\STM32CUBEMX\jre\bin\verify.dll
0x00007ffc29440000 - 0x00007ffc29449000 	D:\ProgramFiles\STM32CUBEMX\jre\bin\prefs.dll
0x00007ffc4f9e0000 - 0x00007ffc4f9ee000 	D:\ProgramFiles\STM32CUBEMX\jre\bin\sunmscapi.dll
0x00007ffc5a2e0000 - 0x00007ffc5a457000 	C:\WINDOWS\System32\CRYPT32.dll
0x00007ffc59970000 - 0x00007ffc599a0000 	C:\WINDOWS\SYSTEM32\ncrypt.dll
0x00007ffc59920000 - 0x00007ffc5995f000 	C:\WINDOWS\SYSTEM32\NTASN1.dll
0x00007ffc59880000 - 0x00007ffc59893000 	C:\WINDOWS\SYSTEM32\MSASN1.dll
0x00007ffc594a0000 - 0x00007ffc594d2000 	C:\WINDOWS\SYSTEM32\gpapi.dll
0x00007ffc29430000 - 0x00007ffc29439000 	D:\ProgramFiles\STM32CUBEMX\jre\bin\extnet.dll
0x00007ffc5ce20000 - 0x00007ffc5ced0000 	C:\WINDOWS\System32\clbcatq.dll
0x00007ffc558e0000 - 0x00007ffc55b10000 	C:\WINDOWS\SYSTEM32\WindowsCodecs.dll
0x00007ffc23320000 - 0x00007ffc2337a000 	C:\WINDOWS\system32\dataexchange.dll
0x00007ffc498e0000 - 0x00007ffc49b24000 	C:\WINDOWS\system32\twinapi.appcore.dll
0x00007ffc3d9b0000 - 0x00007ffc3daf8000 	C:\WINDOWS\SYSTEM32\textinputframework.dll
0x00007ffc24170000 - 0x00007ffc24592000 	C:\WINDOWS\SYSTEM32\uiautomationcore.dll
0x00007ffbed3a0000 - 0x00007ffbed4b2000 	C:\Users\ASUS\.stm32cubemx\.jxbrowser-8.5.0\Chromium\toolkit64.dll
0x00007ffb2b490000 - 0x00007ffb2b59c000 	C:\Users\ASUS\.stm32cubemx\.jxbrowser-8.5.0\Chromium\ipc64.dll
0x00007ffc59000000 - 0x00007ffc59036000 	C:\WINDOWS\SYSTEM32\ntmarta.dll
0x00007ffc56ce0000 - 0x00007ffc56e07000 	C:\WINDOWS\SYSTEM32\CoreMessaging.dll
0x00007ffc52d90000 - 0x00007ffc53072000 	C:\WINDOWS\SYSTEM32\CoreUIComponents.dll
0x00007ffb126c0000 - 0x00007ffb127ba000 	C:\Users\ASUS\AppData\Local\Temp\sqlite-3.49.1.0-885cfcd3-807b-4911-a981-98b6178a7ccc-sqlitejdbc.dll

dbghelp: loaded successfully - version: 4.0.5 - missing functions: none
symbol engine: initialized successfully - sym options: 0x614 - pdb path: .;D:\ProgramFiles\STM32CUBEMX\jre\bin;C:\WINDOWS\SYSTEM32;C:\WINDOWS\WinSxS\amd64_microsoft.windows.common-controls_6595b64144ccf1df_6.0.26100.7309_none_3e05feeae336a044;D:\ProgramFiles\STM32CUBEMX\jre\bin\server;C:\Program Files\Bonjour;D:\ProgramFiles\Dict\11.2.10.0;C:\WINDOWS\WinSxS\amd64_microsoft.windows.gdiplus_6595b64144ccf1df_1.1.26100.7309_none_6ef0f1d03dc91a12;C:\Users\ASUS\.stm32cubemx\.jxbrowser-8.5.0\Chromium;C:\Users\ASUS\AppData\Local\Temp

VM Arguments:
jvm_args: -Djavax.net.ssl.trustStoreType=WINDOWS-ROOT -Dsun.java2d.d3d=false --add-exports=java.desktop/sun.awt=ALL-UNNAMED --add-opens=java.desktop/java.awt=ALL-UNNAMED 
java_command: com.st.microxplorer.maingui.STM32CubeMX C:\Users\ASUS\Desktop\標蛈最唗\RTOS\JIAZHUA_RTOS\JIAZHUA_RTOS.ioc
java_class_path (initial): D:\ProgramFiles\STM32CUBEMX\STM32CubeMX.exe;anything
Launcher Type: SUN_STANDARD

[Global flags]
     intx CICompilerCount                          = 12                                        {product} {ergonomic}
     uint ConcGCThreads                            = 5                                         {product} {ergonomic}
     uint G1ConcRefinementThreads                  = 18                                        {product} {ergonomic}
   size_t G1HeapRegionSize                         = 2097152                                   {product} {ergonomic}
    uintx GCDrainStackTargetSize                   = 64                                        {product} {ergonomic}
   size_t InitialHeapSize                          = 262144000                                 {product} {ergonomic}
   size_t MarkStackSize                            = 4194304                                   {product} {ergonomic}
   size_t MaxHeapSize                              = 4190109696                                {product} {ergonomic}
   size_t MaxNewSize                               = 2512388096                                {product} {ergonomic}
   size_t MinHeapDeltaBytes                        = 2097152                                   {product} {ergonomic}
   size_t MinHeapSize                              = 8388608                                   {product} {ergonomic}
    uintx NonNMethodCodeHeapSize                   = 7602480                                {pd product} {ergonomic}
    uintx NonProfiledCodeHeapSize                  = 122027880                              {pd product} {ergonomic}
    uintx ProfiledCodeHeapSize                     = 122027880                              {pd product} {ergonomic}
    uintx ReservedCodeCacheSize                    = 251658240                              {pd product} {ergonomic}
     bool SegmentedCodeCache                       = true                                      {product} {ergonomic}
   size_t SoftMaxHeapSize                          = 4190109696                             {manageable} {ergonomic}
     bool UseCompressedOops                        = true                           {product lp64_product} {ergonomic}
     bool UseG1GC                                  = true                                      {product} {ergonomic}
     bool UseLargePagesIndividualAllocation        = false                                  {pd product} {ergonomic}

Logging:
Log output configuration:
 #0: stdout all=warning uptime,level,tags foldmultilines=false
 #1: stderr all=off uptime,level,tags foldmultilines=false

Environment Variables:
PATH=D:\ProgramFiles\STM32CUBEMX\;C:\Program Files (x86)\STMicroelectronics\stlink_server;D:\ST\STM32CubeCLT_1.19.0;D:\ST\STM32CubeCLT_1.19.0\CMake\bin;D:\ST\STM32CubeCLT_1.19.0\st-arm-clang\bin;D:\ST\STM32CubeCLT_1.19.0\Ninja\bin;D:\ST\STM32CubeCLT_1.19.0\GNU-tools-for-STM32\bin;D:\ST\STM32CubeCLT_1.19.0\STLink-gdb-server\bin;D:\ST\STM32CubeCLT_1.19.0\STM32CubeProgrammer\bin;C:\Program Files (x86)\NVIDIA Corporation\PhysX\Common;C:\WINDOWS\system32;C:\WINDOWS;C:\WINDOWS\System32\Wbem;C:\WINDOWS\System32\WindowsPowerShell\v1.0\;C:\WINDOWS\System32\OpenSSH\;D:\ProgramFiles\Git\cmd;D:\mujoco\mujoco-3.3.4-windows-x86_64\bin;C:\Program Files\Microsoft SQL Server\Client SDK\ODBC\110\Tools\Binn\;C:\Program Files (x86)\Microsoft SQL Server\120\Tools\Binn\;C:\Program Files\Microsoft SQL Server\120\Tools\Binn\;C:\Program Files\Microsoft SQL Server\120\DTS\Binn\;C:\Program Files (x86)\Windows Kits\8.1\Windows Performance Toolkit\;D:\ProgramFiles\MATLAB\R2024b\runtime\win64;D:\ProgramFiles\MATLAB\R2024b\bin;C:\Program Files\dotnet\;C:\Users\ASUS\AppData\Local\Programs\Python\Python311\Scripts\;C:\Users\ASUS\AppData\Local\Programs\Python\Python311\;C:\Users\ASUS\.local\bin;D:\ANACONDA;D:\ANACONDA\Library\mingw-w64\bin;D:\ANACONDA\Library\usr\bin;D:\ANACONDA\Library\bin;D:\ANACONDA\Scripts;C:\Users\ASUS\AppData\Local\Programs\Python\Python313\Scripts\;C:\Users\ASUS\AppData\Local\Programs\Python\Python313\;C:\Users\ASUS\AppData\Local\Microsoft\WindowsApps;D:\ProgramFiles\Microsoft VS Code\bin;C:\Users\ASUS\.local\bin;D:\ProgramFiles\CLion 2025.2.3\bin;D:\ProgramFiles\STM32CUBEMX\.\jre\\bin
USERNAME=ASUS
OS=Windows_NT
PROCESSOR_IDENTIFIER=Intel64 Family 6 Model 183 Stepping 1, GenuineIntel
TMP=C:\Users\ASUS\AppData\Local\Temp
TEMP=C:\Users\ASUS\AppData\Local\Temp




Periodic native trim disabled

---------------  S Y S T E M  ---------------

OS:
 Windows 11 , 64 bit Build 26100 (10.0.26100.7309)
OS uptime: 0 days 14:01 hours
Hyper-V role detected

CPU: total 24 (initial active 24) (12 cores per cpu, 2 threads per core) family 6 model 183 stepping 1 microcode 0x129, cx8, cmov, fxsr, ht, mmx, 3dnowpref, sse, sse2, sse3, ssse3, sse4.1, sse4.2, popcnt, lzcnt, tsc, tscinvbit, avx, avx2, aes, erms, clmul, bmi1, bmi2, adx, sha, fma, vzeroupper, clflush, clflushopt, clwb, hv, serialize, rdtscp, rdpid, fsrm, f16c, cet_ibt, cet_ss
Processor Information for all 24 processors :
  Max Mhz: 2100, Current Mhz: 2100, Mhz Limit: 2100

Memory: 4k page, system-wide physical 15978M (543M free)
TotalPageFile size 65130M (AvailPageFile size 43M)
current process WorkingSet (physical memory assigned to process): 341M, peak: 835M
current process commit charge ("private bytes"): 827M, peak: 884M

vm_info: OpenJDK 64-Bit Server VM (21.0.3+9-LTS) for windows-amd64 JRE (21.0.3+9-LTS), built on 2024-04-16T00:00:00Z by "admin" with MS VC++ 17.7 (VS2022)

END.
