<html>
<body>
<pre>
<h1>µVision Build Log</h1>
<h2>Tool Versions:</h2>
IDE-Version: ¦ÌVision V5.24.2.0
Copyright (C) 2017 ARM Ltd and ARM Germany GmbH. All rights reserved.
License Information: A ASUS, A, LIC=585FJ-USLK0-II95V-PD3WL-I0FQZ-YVNW0
 
Tool Versions:
Toolchain:       MDK-ARM Plus  Version: 5.24.1
Toolchain Path:  D:\Keil5\ARM\ARMCC\Bin
C Compiler:      Armcc.exe V5.06 update 5 (build 528)
Assembler:       Armasm.exe V5.06 update 5 (build 528)
Linker/Locator:  ArmLink.exe V5.06 update 5 (build 528)
Library Manager: ArmAr.exe V5.06 update 5 (build 528)
Hex Converter:   FromElf.exe V5.06 update 5 (build 528)
CPU DLL:         SARMCM3.DLL V5.24.1
Dialog DLL:      DCM.DLL V1.16.0.0
Target DLL:      STLink\ST-LINKIII-KEIL_SWO.dll V3.0.1.0
Dialog DLL:      TCM.DLL V1.32.0.0
 
<h2>Project:</h2>
C:\Users\ASUS\Desktop\JIAZHUA_G4\MDK-ARM\JIAZHUA_G4.uvprojx
Project File Date:  10/27/2025

<h2>Output:</h2>
*** Using Compiler 'V5.06 update 5 (build 528)', folder: 'D:\Keil5\ARM\ARMCC\Bin'
Rebuild target 'JIAZHUA_G4'
assembling startup_stm32g431xx.s...
compiling stm32g4xx_hal_msp.c...
compiling main.c...
compiling fdcan.c...
compiling gpio.c...
compiling tim.c...
compiling usart.c...
compiling stm32g4xx_it.c...
compiling stm32g4xx_hal.c...
compiling stm32g4xx_hal_flash.c...
compiling stm32g4xx_hal_rcc.c...
compiling stm32g4xx_hal_flash_ex.c...
compiling stm32g4xx_hal_flash_ramfunc.c...
compiling stm32g4xx_hal_gpio.c...
compiling stm32g4xx_hal_exti.c...
compiling stm32g4xx_hal_rcc_ex.c...
compiling stm32g4xx_hal_fdcan.c...
compiling bsp_fdcan.c...
compiling stm32g4xx_hal_pwr.c...
compiling stm32g4xx_hal_dma.c...
compiling stm32g4xx_hal_dma_ex.c...
compiling stm32g4xx_hal_pwr_ex.c...
compiling stm32g4xx_hal_cortex.c...
compiling stm32g4xx_hal_tim_ex.c...
compiling stm32g4xx_hal_uart_ex.c...
compiling system_stm32g4xx.c...
compiling delay.c...
compiling dm_motor_ctrl.c...
compiling dm_motor_drv.c...
compiling stm32g4xx_hal_uart.c...
compiling stm32g4xx_hal_tim.c...
linking...
Program Size: Code=11414 RO-data=586 RW-data=24 ZI-data=4680  
FromELF: creating hex file...
"JIAZHUA_G4\JIAZHUA_G4.axf" - 0 Error(s), 0 Warning(s).

<h2>Software Packages used:</h2>

Package Vendor: ARM
                http://www.keil.com/pack/ARM.CMSIS.5.0.1.pack
                ARM.CMSIS.5.0.1
                CMSIS (Cortex Microcontroller Software Interface Standard)
   * Component: CORE Version: 5.0.1

Package Vendor: Keil
                https://www.keil.com/pack/Keil.STM32G4xx_DFP.2.1.0.pack
                Keil.STM32G4xx_DFP.2.1.0
                STMicroelectronics STM32G4 Series Device Support

<h2>Collection of Component include folders:</h2>
  .\RTE\_JIAZHUA_G4
  D:\Keil5\ARM\PACK\ARM\CMSIS\5.0.1\CMSIS\Include

<h2>Collection of Component Files used:</h2>

   * Component: ARM::CMSIS:CORE:5.0.1
Build Time Elapsed:  00:00:05
</pre>
</body>
</html>
