Component: ARM Compiler 5.06 update 5 (build 528) Tool: armlink [4d35e2]

==============================================================================

Section Cross References

    startup_stm32g431xx.o(RESET) refers to startup_stm32g431xx.o(STACK) for __initial_sp
    startup_stm32g431xx.o(RESET) refers to startup_stm32g431xx.o(.text) for Reset_Handler
    startup_stm32g431xx.o(RESET) refers to stm32g4xx_it.o(i.NMI_Handler) for NMI_Handler
    startup_stm32g431xx.o(RESET) refers to stm32g4xx_it.o(i.HardFault_Handler) for HardFault_Handler
    startup_stm32g431xx.o(RESET) refers to stm32g4xx_it.o(i.MemManage_Handler) for MemManage_Handler
    startup_stm32g431xx.o(RESET) refers to stm32g4xx_it.o(i.BusFault_Handler) for BusFault_Handler
    startup_stm32g431xx.o(RESET) refers to stm32g4xx_it.o(i.UsageFault_Handler) for UsageFault_Handler
    startup_stm32g431xx.o(RESET) refers to port.o(.emb_text) for SVC_Handler
    startup_stm32g431xx.o(RESET) refers to stm32g4xx_it.o(i.DebugMon_Handler) for DebugMon_Handler
    startup_stm32g431xx.o(RESET) refers to cmsis_os2.o(i.SysTick_Handler) for SysTick_Handler
    startup_stm32g431xx.o(RESET) refers to stm32g4xx_it.o(i.FDCAN1_IT0_IRQHandler) for FDCAN1_IT0_IRQHandler
    startup_stm32g431xx.o(RESET) refers to stm32g4xx_it.o(i.FDCAN1_IT1_IRQHandler) for FDCAN1_IT1_IRQHandler
    startup_stm32g431xx.o(RESET) refers to stm32g4xx_it.o(i.TIM3_IRQHandler) for TIM3_IRQHandler
    startup_stm32g431xx.o(RESET) refers to stm32g4xx_it.o(i.SPI2_IRQHandler) for SPI2_IRQHandler
    startup_stm32g431xx.o(RESET) refers to stm32g4xx_it.o(i.USART2_IRQHandler) for USART2_IRQHandler
    startup_stm32g431xx.o(RESET) refers to stm32g4xx_it.o(i.SPI3_IRQHandler) for SPI3_IRQHandler
    startup_stm32g431xx.o(RESET) refers to stm32g4xx_it.o(i.TIM6_DAC_IRQHandler) for TIM6_DAC_IRQHandler
    startup_stm32g431xx.o(.text) refers to system_stm32g4xx.o(i.SystemInit) for SystemInit
    startup_stm32g431xx.o(.text) refers to entry.o(.ARM.Collect$$$$00000000) for __main
    main.o(i.HAL_SPI_RxCpltCallback) refers to cmsis_os2.o(i.osSemaphoreRelease) for osSemaphoreRelease
    main.o(i.HAL_SPI_RxCpltCallback) refers to app_freertos.o(.data) for SpiRxSemHandle
    main.o(i.HAL_SPI_TxRxCpltCallback) refers to cmsis_os2.o(i.osSemaphoreRelease) for osSemaphoreRelease
    main.o(i.HAL_SPI_TxRxCpltCallback) refers to app_freertos.o(.data) for SpiRxSemHandle
    main.o(i.HAL_TIM_PeriodElapsedCallback) refers to stm32g4xx_hal.o(i.HAL_IncTick) for HAL_IncTick
    main.o(i.HAL_UARTEx_RxEventCallback) refers to dm_modbus_bridge.o(i.DM_Bridge_OnUartIdle) for DM_Bridge_OnUartIdle
    main.o(i.HAL_UARTEx_RxEventCallback) refers to usart.o(.bss) for huart2
    main.o(i.HAL_UART_ErrorCallback) refers to dm_modbus_bridge.o(i.DM_Bridge_Start) for DM_Bridge_Start
    main.o(i.HAL_UART_ErrorCallback) refers to usart.o(.bss) for huart2
    main.o(i.HAL_UART_TxCpltCallback) refers to dm_modbus_bridge.o(i.DM_Bridge_OnUartTxDone) for DM_Bridge_OnUartTxDone
    main.o(i.HAL_UART_TxCpltCallback) refers to usart.o(.bss) for huart2
    main.o(i.SystemClock_Config) refers to memseta.o(.text) for __aeabi_memclr4
    main.o(i.SystemClock_Config) refers to stm32g4xx_hal_pwr_ex.o(i.HAL_PWREx_ControlVoltageScaling) for HAL_PWREx_ControlVoltageScaling
    main.o(i.SystemClock_Config) refers to stm32g4xx_hal_rcc.o(i.HAL_RCC_OscConfig) for HAL_RCC_OscConfig
    main.o(i.SystemClock_Config) refers to stm32g4xx_hal_rcc.o(i.HAL_RCC_ClockConfig) for HAL_RCC_ClockConfig
    main.o(i.fputc) refers to stm32g4xx_hal_uart.o(i.HAL_UART_Transmit) for HAL_UART_Transmit
    main.o(i.fputc) refers to usart.o(.bss) for huart1
    main.o(i.main) refers to stm32g4xx_hal.o(i.HAL_Init) for HAL_Init
    main.o(i.main) refers to main.o(i.SystemClock_Config) for SystemClock_Config
    main.o(i.main) refers to gpio.o(i.MX_GPIO_Init) for MX_GPIO_Init
    main.o(i.main) refers to fdcan.o(i.MX_FDCAN1_Init) for MX_FDCAN1_Init
    main.o(i.main) refers to usart.o(i.MX_USART1_UART_Init) for MX_USART1_UART_Init
    main.o(i.main) refers to tim.o(i.MX_TIM3_Init) for MX_TIM3_Init
    main.o(i.main) refers to spi.o(i.MX_SPI1_Init) for MX_SPI1_Init
    main.o(i.main) refers to spi.o(i.MX_SPI2_Init) for MX_SPI2_Init
    main.o(i.main) refers to spi.o(i.MX_SPI3_Init) for MX_SPI3_Init
    main.o(i.main) refers to usart.o(i.MX_USART2_UART_Init) for MX_USART2_UART_Init
    main.o(i.main) refers to bsp_fdcan.o(i.bsp_can_init) for bsp_can_init
    main.o(i.main) refers to dm_motor_ctrl.o(i.dm_motor_init) for dm_motor_init
    main.o(i.main) refers to cmsis_os2.o(i.osKernelInitialize) for osKernelInitialize
    main.o(i.main) refers to app_freertos.o(i.MX_FREERTOS_Init) for MX_FREERTOS_Init
    main.o(i.main) refers to cmsis_os2.o(i.osKernelStart) for osKernelStart
    gpio.o(i.MX_GPIO_Init) refers to memseta.o(.text) for __aeabi_memclr4
    gpio.o(i.MX_GPIO_Init) refers to stm32g4xx_hal_gpio.o(i.HAL_GPIO_WritePin) for HAL_GPIO_WritePin
[...]
    _ll_shift_l                              0x080003db   Thumb Code     0  llshl.o(.text)
    __aeabi_llsr                             0x080003f9   Thumb Code    32  llushr.o(.text)
    _ll_ushift_r                             0x080003f9   Thumb Code     0  llushr.o(.text)
    __I$use$fp                               0x08000419   Thumb Code     0  iusefp.o(.text)
    __aeabi_dadd                             0x08000419   Thumb Code   322  dadd.o(.text)
    __aeabi_dsub                             0x0800055b   Thumb Code     6  dadd.o(.text)
    __aeabi_drsub                            0x08000561   Thumb Code     6  dadd.o(.text)
    __aeabi_dmul                             0x08000567   Thumb Code   228  dmul.o(.text)
    __aeabi_ddiv                             0x0800064b   Thumb Code   222  ddiv.o(.text)
    __aeabi_d2ulz                            0x08000729   Thumb Code    48  dfixul.o(.text)
    __aeabi_cdrcmple                         0x08000759   Thumb Code    48  cdrcmple.o(.text)
    __scatterload                            0x08000789   Thumb Code    28  init.o(.text)
    __scatterload_rt2                        0x08000789   Thumb Code     0  init.o(.text)
    __aeabi_lasr                             0x080007ad   Thumb Code    36  llsshr.o(.text)
    _ll_sshift_r                             0x080007ad   Thumb Code     0  llsshr.o(.text)
    _double_round                            0x080007d1   Thumb Code    30  depilogue.o(.text)
    _double_epilogue                         0x080007ef   Thumb Code   156  depilogue.o(.text)
    __decompress                             0x0800088b   Thumb Code     0  __dczerorl.o(.text)
    __decompress0                            0x0800088b   Thumb Code    58  __dczerorl.o(.text)
    AS5048A_QH_Init                          0x080008c5   Thumb Code    30  as5048a.o(i.AS5048A_QH_Init)
    AS5048A_Update_All                       0x080008e5   Thumb Code    76  as5048a.o(i.AS5048A_Update_All)
    BusFault_Handler                         0x0800093d   Thumb Code     2  stm32g4xx_it.o(i.BusFault_Handler)
    DM_Bridge_Init                           0x08000941   Thumb Code   332  dm_modbus_bridge.o(i.DM_Bridge_Init)
    DM_Bridge_OnCanRx                        0x08000ab5   Thumb Code   202  dm_modbus_bridge.o(i.DM_Bridge_OnCanRx)
    DM_Bridge_OnUartIdle                     0x08000b95   Thumb Code  1178  dm_modbus_bridge.o(i.DM_Bridge_OnUartIdle)
    DM_Bridge_OnUartTxDone                   0x08001039   Thumb Code    58  dm_modbus_bridge.o(i.DM_Bridge_OnUartTxDone)
    DM_Bridge_Poll                           0x0800107d   Thumb Code   470  dm_modbus_bridge.o(i.DM_Bridge_Poll)
    DM_Bridge_Start                          0x08001269   Thumb Code    44  dm_modbus_bridge.o(i.DM_Bridge_Start)
    DWT_Delay_Init                           0x0800129d   Thumb Code    32  as5048a.o(i.DWT_Delay_Init)
    DWT_Delay_us                             0x080012c5   Thumb Code    32  as5048a.o(i.DWT_Delay_us)
    DebugMon_Handler                         0x080012f1   Thumb Code     2  stm32g4xx_it.o(i.DebugMon_Handler)
    Error_Handler                            0x080012f3   Thumb Code     4  main.o(i.Error_Handler)
    FDCAN1_IT0_IRQHandler                    0x080012f9   Thumb Code     6  stm32g4xx_it.o(i.FDCAN1_IT0_IRQHandler)
    FDCAN1_IT1_IRQHandler                    0x08001305   Thumb Code     6  stm32g4xx_it.o(i.FDCAN1_IT1_IRQHandler)
    FLASH_FlushCaches                        0x08001375   Thumb Code    84  stm32g4xx_hal_flash_ex.o(i.FLASH_FlushCaches)
    FLASH_PageErase                          0x080013ed   Thumb Code    34  stm32g4xx_hal_flash_ex.o(i.FLASH_PageErase)
    FLASH_WaitForLastOperation               0x0800145d   Thumb Code    86  stm32g4xx_hal_flash.o(i.FLASH_WaitForLastOperation)
    ForceEstimator_GetParam                  0x080014bd   Thumb Code    14  force_estimator.o(i.ForceEstimator_GetParam)
    ForceEstimator_GetState                  0x080014d1   Thumb Code    14  force_estimator.o(i.ForceEstimator_GetState)
    ForceEstimator_Init                      0x080014e5   Thumb Code   126  force_estimator.o(i.ForceEstimator_Init)
    ForceEstimator_Reset                     0x08001591   Thumb Code    30  force_estimator.o(i.ForceEstimator_Reset)
    ForceEstimator_SetParam                  0x080015b5   Thumb Code   366  force_estimator.o(i.ForceEstimator_SetParam)
    ForceEstimator_Update                    0x08001739   Thumb Code   430  force_estimator.o(i.ForceEstimator_Update)
    HAL_DMA_Abort                            0x080018fd   Thumb Code   106  stm32g4xx_hal_dma.o(i.HAL_DMA_Abort)
    HAL_DMA_Abort_IT                         0x08001967   Thumb Code   120  stm32g4xx_hal_dma.o(i.HAL_DMA_Abort_IT)
    HAL_FDCAN_ActivateNotification           0x080019df   Thumb Code   224  stm32g4xx_hal_fdcan.o(i.HAL_FDCAN_ActivateNotification)
    HAL_FDCAN_AddMessageToTxFifoQ            0x08001abf   Thumb Code    74  stm32g4xx_hal_fdcan.o(i.HAL_FDCAN_AddMessageToTxFifoQ)
    HAL_FDCAN_ConfigFilter                   0x08001b09   Thumb Code    92  stm32g4xx_hal_fdcan.o(i.HAL_FDCAN_ConfigFilter)
    HAL_FDCAN_ConfigGlobalFilter             0x08001b65   Thumb Code    54  stm32g4xx_hal_fdcan.o(i.HAL_FDCAN_ConfigGlobalFilter)
    HAL_FDCAN_ErrorCallback                  0x08001b9b   Thumb Code     2  stm32g4xx_hal_fdcan.o(i.HAL_FDCAN_ErrorCallback)
    HAL_FDCAN_ErrorStatusCallback            0x08001b9d   Thumb Code    16  bsp_fdcan.o(i.HAL_FDCAN_ErrorStatusCallback)
    HAL_FDCAN_GetRxMessage                   0x08001bad   Thumb Code   270  stm32g4xx_hal_fdcan.o(i.HAL_FDCAN_GetRxMessage)
    HAL_FDCAN_HighPriorityMessageCallback    0x08001cc1   Thumb Code     2  stm32g4xx_hal_fdcan.o(i.HAL_FDCAN_HighPriorityMessageCallback)
    HAL_FDCAN_IRQHandler                     0x08001cc3   Thumb Code   356  stm32g4xx_hal_fdcan.o(i.HAL_FDCAN_IRQHandler)
    HAL_FDCAN_Init                           0x08001e29   Thumb Code   498  stm32g4xx_hal_fdcan.o(i.HAL_FDCAN_Init)
    HAL_FDCAN_MspInit                        0x0800202d   Thumb Code   148  fdcan.o(i.HAL_FDCAN_MspInit)
    HAL_FDCAN_RxFifo0Callback                0x080020c9   Thumb Code    14  bsp_fdcan.o(i.HAL_FDCAN_RxFifo0Callback)
    HAL_FDCAN_RxFifo1Callback                0x080020dd   Thumb Code     2  stm32g4xx_hal_fdcan.o(i.HAL_FDCAN_RxFifo1Callback)
    HAL_FDCAN_Start                          0x080020df   Thumb Code    44  stm32g4xx_hal_fdcan.o(i.HAL_FDCAN_Start)
    HAL_FDCAN_TimeoutOccurredCallback        0x0800210b   Thumb Code     2  stm32g4xx_hal_fdcan.o(i.HAL_FDCAN_TimeoutOccurredCallback)
    HAL_FDCAN_TimestampWraparoundCallback    0x0800210d   Thumb Code     2  stm32g4xx_hal_fdcan.o(i.HAL_FDCAN_TimestampWraparoundCallback)
    HAL_FDCAN_TxBufferAbortCallback          0x0800210f   Thumb Code     2  stm32g4xx_hal_fdcan.o(i.HAL_FDCAN_TxBufferAbortCallback)
    HAL_FDCAN_TxBufferCompleteCallback       0x08002111   Thumb Code     2  stm32g4xx_hal_fdcan.o(i.HAL_FDCAN_TxBufferCompleteCallback)
    HAL_FDCAN_TxEventFifoCallback            0x08002113   Thumb Code     2  stm32g4xx_hal_fdcan.o(i.HAL_FDCAN_TxEventFifoCallback)
    HAL_FDCAN_TxFifoEmptyCallback            0x08002115   Thumb Code     2  stm32g4xx_hal_fdcan.o(i.HAL_FDCAN_TxFifoEmptyCallback)
    HAL_FLASHEx_Erase                        0x08002119   Thumb Code   202  stm32g4xx_hal_flash_ex.o(i.HAL_FLASHEx_Erase)
    HAL_FLASH_Lock                           0x080021ed   Thumb Code    22  stm32g4xx_hal_flash.o(i.HAL_FLASH_Lock)
    HAL_FLASH_Program                        0x08002209   Thumb Code   156  stm32g4xx_hal_flash.o(i.HAL_FLASH_Program)
    HAL_FLASH_Unlock                         0x080022ad   Thumb Code    28  stm32g4xx_hal_flash.o(i.HAL_FLASH_Unlock)
    HAL_GPIO_DeInit                          0x080022d5   Thumb Code   306  stm32g4xx_hal_gpio.o(i.HAL_GPIO_DeInit)
    HAL_GPIO_Init                            0x08002425   Thumb Code   550  stm32g4xx_hal_gpio.o(i.HAL_GPIO_Init)
    HAL_GPIO_TogglePin                       0x0800266d   Thumb Code    16  stm32g4xx_hal_gpio.o(i.HAL_GPIO_TogglePin)
    HAL_GPIO_WritePin                        0x0800267d   Thumb Code    10  stm32g4xx_hal_gpio.o(i.HAL_GPIO_WritePin)
    HAL_GetTick                              0x08002689   Thumb Code     6  stm32g4xx_hal.o(i.HAL_GetTick)
    HAL_IncTick                              0x08002695   Thumb Code    12  stm32g4xx_hal.o(i.HAL_IncTick)
    HAL_Init                                 0x080026a5   Thumb Code    30  stm32g4xx_hal.o(i.HAL_Init)
    HAL_InitTick                             0x080026c5   Thumb Code   116  stm32g4xx_hal_timebase_tim.o(i.HAL_InitTick)
    HAL_MspInit                              0x0800274d   Thumb Code    54  stm32g4xx_hal_msp.o(i.HAL_MspInit)
    HAL_NVIC_DisableIRQ                      0x08002789   Thumb Code    34  stm32g4xx_hal_cortex.o(i.HAL_NVIC_DisableIRQ)
    HAL_NVIC_EnableIRQ                       0x080027ab   Thumb Code    26  stm32g4xx_hal_cortex.o(i.HAL_NVIC_EnableIRQ)
    HAL_NVIC_SetPriority                     0x080027c5   Thumb Code    60  stm32g4xx_hal_cortex.o(i.HAL_NVIC_SetPriority)
    HAL_NVIC_SetPriorityGrouping             0x08002805   Thumb Code    26  stm32g4xx_hal_cortex.o(i.HAL_NVIC_SetPriorityGrouping)
    HAL_PWREx_ControlVoltageScaling          0x08002829   Thumb Code   174  stm32g4xx_hal_pwr_ex.o(i.HAL_PWREx_ControlVoltageScaling)
    HAL_PWREx_DisableUCPDDeadBattery         0x080028e5   Thumb Code    12  stm32g4xx_hal_pwr_ex.o(i.HAL_PWREx_DisableUCPDDeadBattery)
    HAL_RCCEx_PeriphCLKConfig                0x080028f5   Thumb Code   638  stm32g4xx_hal_rcc_ex.o(i.HAL_RCCEx_PeriphCLKConfig)
    HAL_RCC_ClockConfig                      0x08002b7d   Thumb Code   444  stm32g4xx_hal_rcc.o(i.HAL_RCC_ClockConfig)
    HAL_RCC_GetClockConfig                   0x08002d59   Thumb Code    54  stm32g4xx_hal_rcc.o(i.HAL_RCC_GetClockConfig)
    HAL_RCC_GetPCLK1Freq                     0x08002d99   Thumb Code    24  stm32g4xx_hal_rcc.o(i.HAL_RCC_GetPCLK1Freq)
    HAL_RCC_GetPCLK2Freq                     0x08002dbd   Thumb Code    24  stm32g4xx_hal_rcc.o(i.HAL_RCC_GetPCLK2Freq)
    HAL_RCC_GetSysClockFreq                  0x08002de1   Thumb Code    98  stm32g4xx_hal_rcc.o(i.HAL_RCC_GetSysClockFreq)
    HAL_RCC_OscConfig                        0x08002e4d   Thumb Code  1028  stm32g4xx_hal_rcc.o(i.HAL_RCC_OscConfig)
    HAL_SPI_AbortCpltCallback                0x08003251   Thumb Code     2  stm32g4xx_hal_spi.o(i.HAL_SPI_AbortCpltCallback)
    HAL_SPI_Abort_IT                         0x08003255   Thumb Code   272  stm32g4xx_hal_spi.o(i.HAL_SPI_Abort_IT)
    HAL_SPI_DeInit                           0x08003379   Thumb Code    46  stm32g4xx_hal_spi.o(i.HAL_SPI_DeInit)
    HAL_SPI_ErrorCallback                    0x080033a7   Thumb Code     2  main.o(i.HAL_SPI_ErrorCallback)
    HAL_SPI_GetState                         0x080033a9   Thumb Code     6  stm32g4xx_hal_spi.o(i.HAL_SPI_GetState)
    HAL_SPI_IRQHandler                       0x080033b1   Thumb Code   246  stm32g4xx_hal_spi.o(i.HAL_SPI_IRQHandler)
    HAL_SPI_Init                             0x080034ad   Thumb Code   234  stm32g4xx_hal_spi.o(i.HAL_SPI_Init)
    HAL_SPI_MspDeInit                        0x08003599   Thumb Code    92  spi.o(i.HAL_SPI_MspDeInit)
    HAL_SPI_MspInit                          0x08003609   Thumb Code   238  spi.o(i.HAL_SPI_MspInit)
    HAL_SPI_Receive_IT                       0x0800370d   Thumb Code   188  stm32g4xx_hal_spi.o(i.HAL_SPI_Receive_IT)
    HAL_SPI_RxCpltCallback                   0x080037d1   Thumb Code    24  main.o(i.HAL_SPI_RxCpltCallback)
    HAL_SPI_TransmitReceive                  0x080037f5   Thumb Code   626  stm32g4xx_hal_spi.o(i.HAL_SPI_TransmitReceive)
    HAL_SPI_TransmitReceive_IT               0x08003a69   Thumb Code   172  stm32g4xx_hal_spi.o(i.HAL_SPI_TransmitReceive_IT)
    HAL_SPI_TxRxCpltCallback                 0x08003b25   Thumb Code    24  main.o(i.HAL_SPI_TxRxCpltCallback)
    HAL_TIMEx_Break2Callback                 0x08003b49   Thumb Code     2  stm32g4xx_hal_tim_ex.o(i.HAL_TIMEx_Break2Callback)
    HAL_TIMEx_BreakCallback                  0x08003b4b   Thumb Code     2  stm32g4xx_hal_tim_ex.o(i.HAL_TIMEx_BreakCallback)
    HAL_TIMEx_CommutCallback                 0x08003b4d   Thumb Code     2  stm32g4xx_hal_tim_ex.o(i.HAL_TIMEx_CommutCallback)
    HAL_TIMEx_DirectionChangeCallback        0x08003b4f   Thumb Code     2  stm32g4xx_hal_tim_ex.o(i.HAL_TIMEx_DirectionChangeCallback)
    HAL_TIMEx_EncoderIndexCallback           0x08003b51   Thumb Code     2  stm32g4xx_hal_tim_ex.o(i.HAL_TIMEx_EncoderIndexCallback)
    HAL_TIMEx_IndexErrorCallback             0x08003b53   Thumb Code     2  stm32g4xx_hal_tim_ex.o(i.HAL_TIMEx_IndexErrorCallback)
    HAL_TIMEx_MasterConfigSynchronization    0x08003b55   Thumb Code   132  stm32g4xx_hal_tim_ex.o(i.HAL_TIMEx_MasterConfigSynchronization)
    HAL_TIMEx_TransitionErrorCallback        0x08003bf1   Thumb Code     2  stm32g4xx_hal_tim_ex.o(i.HAL_TIMEx_TransitionErrorCallback)
    HAL_TIM_Base_Init                        0x08003bf3   Thumb Code    98  stm32g4xx_hal_tim.o(i.HAL_TIM_Base_Init)
    HAL_TIM_Base_MspInit                     0x08003c55   Thumb Code   100  tim.o(i.HAL_TIM_Base_MspInit)
    HAL_TIM_Base_Start_IT                    0x08003cc5   Thumb Code    94  stm32g4xx_hal_tim.o(i.HAL_TIM_Base_Start_IT)
    HAL_TIM_ConfigClockSource                0x08003d3d   Thumb Code   246  stm32g4xx_hal_tim.o(i.HAL_TIM_ConfigClockSource)
    HAL_TIM_IC_CaptureCallback               0x08003e3d   Thumb Code     2  stm32g4xx_hal_tim.o(i.HAL_TIM_IC_CaptureCallback)
    HAL_TIM_IRQHandler                       0x08003e3f   Thumb Code   418  stm32g4xx_hal_tim.o(i.HAL_TIM_IRQHandler)
    HAL_TIM_OC_DelayElapsedCallback          0x08003fe1   Thumb Code     2  stm32g4xx_hal_tim.o(i.HAL_TIM_OC_DelayElapsedCallback)
    HAL_TIM_PWM_PulseFinishedCallback        0x08003fe3   Thumb Code     2  stm32g4xx_hal_tim.o(i.HAL_TIM_PWM_PulseFinishedCallback)
    HAL_TIM_PeriodElapsedCallback            0x08003fe5   Thumb Code    14  main.o(i.HAL_TIM_PeriodElapsedCallback)
    HAL_TIM_TriggerCallback                  0x08003ff9   Thumb Code     2  stm32g4xx_hal_tim.o(i.HAL_TIM_TriggerCallback)
    HAL_UARTEx_DisableFifoMode               0x08003ffb   Thumb Code    62  stm32g4xx_hal_uart_ex.o(i.HAL_UARTEx_DisableFifoMode)
    HAL_UARTEx_ReceiveToIdle_IT              0x08004039   Thumb Code    78  stm32g4xx_hal_uart_ex.o(i.HAL_UARTEx_ReceiveToIdle_IT)
    HAL_UARTEx_RxEventCallback               0x08004089   Thumb Code    12  main.o(i.HAL_UARTEx_RxEventCallback)
    HAL_UARTEx_RxFifoFullCallback            0x08004099   Thumb Code     2  stm32g4xx_hal_uart_ex.o(i.HAL_UARTEx_RxFifoFullCallback)
    HAL_UARTEx_SetRxFifoThreshold            0x0800409b   Thumb Code    76  stm32g4xx_hal_uart_ex.o(i.HAL_UARTEx_SetRxFifoThreshold)
    HAL_UARTEx_SetTxFifoThreshold            0x080040e7   Thumb Code    76  stm32g4xx_hal_uart_ex.o(i.HAL_UARTEx_SetTxFifoThreshold)
    HAL_UARTEx_TxFifoEmptyCallback           0x08004133   Thumb Code     2  stm32g4xx_hal_uart_ex.o(i.HAL_UARTEx_TxFifoEmptyCallback)
    HAL_UARTEx_WakeupCallback                0x08004135   Thumb Code     2  stm32g4xx_hal_uart_ex.o(i.HAL_UARTEx_WakeupCallback)
    HAL_UART_AbortTransmitCpltCallback       0x08004137   Thumb Code     2  stm32g4xx_hal_uart.o(i.HAL_UART_AbortTransmitCpltCallback)
    HAL_UART_AbortTransmit_IT                0x08004139   Thumb Code   144  stm32g4xx_hal_uart.o(i.HAL_UART_AbortTransmit_IT)
    HAL_UART_ErrorCallback                   0x080041cd   Thumb Code    18  main.o(i.HAL_UART_ErrorCallback)
    HAL_UART_IRQHandler                      0x080041e5   Thumb Code   782  stm32g4xx_hal_uart.o(i.HAL_UART_IRQHandler)
    HAL_UART_Init                            0x08004501   Thumb Code   106  stm32g4xx_hal_uart.o(i.HAL_UART_Init)
    HAL_UART_MspInit                         0x0800456d   Thumb Code   214  usart.o(i.HAL_UART_MspInit)
    HAL_UART_RxCpltCallback                  0x08004651   Thumb Code     2  stm32g4xx_hal_uart.o(i.HAL_UART_RxCpltCallback)
    HAL_UART_Transmit                        0x08004653   Thumb Code   174  stm32g4xx_hal_uart.o(i.HAL_UART_Transmit)
    HAL_UART_Transmit_IT                     0x08004701   Thumb Code   134  stm32g4xx_hal_uart.o(i.HAL_UART_Transmit_IT)
    HAL_UART_TxCpltCallback                  0x08004799   Thumb Code    12  main.o(i.HAL_UART_TxCpltCallback)
    HardFault_Handler                        0x080047a9   Thumb Code     2  stm32g4xx_it.o(i.HardFault_Handler)
    MX_FDCAN1_Init                           0x080047ad   Thumb Code    70  fdcan.o(i.MX_FDCAN1_Init)
    MX_FREERTOS_Init                         0x080047fd   Thumb Code   102  app_freertos.o(i.MX_FREERTOS_Init)
    MX_GPIO_Init                             0x08004885   Thumb Code   202  gpio.o(i.MX_GPIO_Init)
    MX_SPI1_Init                             0x08004959   Thumb Code    70  spi.o(i.MX_SPI1_Init)
    MX_SPI2_Init                             0x080049a9   Thumb Code    70  spi.o(i.MX_SPI2_Init)
    MX_SPI3_Init                             0x080049f9   Thumb Code    70  spi.o(i.MX_SPI3_Init)
    MX_TIM3_Init                             0x08004a49   Thumb Code    96  tim.o(i.MX_TIM3_Init)
    MX_USART1_UART_Init                      0x08004ab1   Thumb Code    94  usart.o(i.MX_USART1_UART_Init)
    MX_USART2_UART_Init                      0x08004b19   Thumb Code    94  usart.o(i.MX_USART2_UART_Init)
    MemManage_Handler                        0x08004b81   Thumb Code     2  stm32g4xx_it.o(i.MemManage_Handler)
    NMI_Handler                              0x08004b83   Thumb Code     2  stm32g4xx_it.o(i.NMI_Handler)
    PosPersist_Init                          0x08004b85   Thumb Code     2  pos_persist.o(i.PosPersist_Init)
    PosPersist_LoadEx                        0x08004b89   Thumb Code   206  pos_persist.o(i.PosPersist_LoadEx)
    PosPersist_SaveEx                        0x08004c69   Thumb Code   320  pos_persist.o(i.PosPersist_SaveEx)
    PressureSafety_ClearLatch                0x08004db9   Thumb Code    14  pressure_sensor.o(i.PressureSafety_ClearLatch)
    PressureSafety_GetFlags                  0x08004dcd   Thumb Code     6  pressure_sensor.o(i.PressureSafety_GetFlags)
    PressureSafety_GetLatest                 0x08004dd9   Thumb Code    18  pressure_sensor.o(i.PressureSafety_GetLatest)
    PressureSafety_IsBlocked                 0x08004df1   Thumb Code    16  pressure_sensor.o(i.PressureSafety_IsBlocked)
    PressureSafety_IsLatched                 0x08004e05   Thumb Code     6  pressure_sensor.o(i.PressureSafety_IsLatched)
    PressureSafety_SetThreshold              0x08004e11   Thumb Code     8  pressure_sensor.o(i.PressureSafety_SetThreshold)
    PressureSensor_GetLatestFeature          0x08004e1d   Thumb Code    40  pressure_sensor.o(i.PressureSensor_GetLatestFeature)
    PressureSensor_Init                      0x08004e49   Thumb Code    28  pressure_sensor.o(i.PressureSensor_Init)
    PressureSensor_UpdateAndPrint            0x08004e69   Thumb Code   802  pressure_sensor.o(i.PressureSensor_UpdateAndPrint)
    Read_As5048A_Reg                         0x080053d1   Thumb Code   126  as5048a.o(i.Read_As5048A_Reg)
    SPI2_IRQHandler                          0x08005455   Thumb Code     6  stm32g4xx_it.o(i.SPI2_IRQHandler)
    SPI3_IRQHandler                          0x08005461   Thumb Code     6  stm32g4xx_it.o(i.SPI3_IRQHandler)
    SPI_WriteByte                            0x08005c8d   Thumb Code    76  as5048a.o(i.SPI_WriteByte)
    StartAS5048ATask                         0x08005cdd   Thumb Code    48  app_freertos.o(i.StartAS5048ATask)
    StartLEDTask                             0x08005d1d   Thumb Code    22  app_freertos.o(i.StartLEDTask)
    StartMOTORTask                           0x08005d39   Thumb Code    56  app_freertos.o(i.StartMOTORTask)
    StartModbusTask                          0x08005d7d   Thumb Code    36  app_freertos.o(i.StartModbusTask)
    StartPRESSURETask                        0x08005da9   Thumb Code    20  app_freertos.o(i.StartPRESSURETask)
    StartUART1PrintTask                      0x08005dbd   Thumb Code    16  app_freertos.o(i.StartUART1PrintTask)
    SysTick_Handler                          0x08005dcd   Thumb Code    26  cmsis_os2.o(i.SysTick_Handler)
    SystemClock_Config                       0x08005de7   Thumb Code   102  main.o(i.SystemClock_Config)
    SystemInit                               0x08005e4d   Thumb Code    12  system_stm32g4xx.o(i.SystemInit)
    TIM3_IRQHandler                          0x08005e5d   Thumb Code     6  stm32g4xx_it.o(i.TIM3_IRQHandler)
    TIM6_DAC_IRQHandler                      0x08005e69   Thumb Code     6  stm32g4xx_it.o(i.TIM6_DAC_IRQHandler)
    TIM_Base_SetConfig                       0x08005e75   Thumb Code   160  stm32g4xx_hal_tim.o(i.TIM_Base_SetConfig)
    TIM_ETR_SetConfig                        0x08005f31   Thumb Code    20  stm32g4xx_hal_tim.o(i.TIM_ETR_SetConfig)
    UART1Print                               0x08005fa1   Thumb Code   658  uart1_print.o(i.UART1Print)
    UART_AdvFeatureConfig                    0x08006295   Thumb Code   200  stm32g4xx_hal_uart.o(i.UART_AdvFeatureConfig)
    UART_CheckIdleState                      0x0800635d   Thumb Code   172  stm32g4xx_hal_uart.o(i.UART_CheckIdleState)
    UART_SetConfig                           0x08006965   Thumb Code   582  stm32g4xx_hal_uart.o(i.UART_SetConfig)
    UART_Start_Receive_IT                    0x08006bd9   Thumb Code   256  stm32g4xx_hal_uart.o(i.UART_Start_Receive_IT)
    UART_WaitOnFlagUntilTimeout              0x08006e5b   Thumb Code   148  stm32g4xx_hal_uart.o(i.UART_WaitOnFlagUntilTimeout)
    USART2_IRQHandler                        0x08006ef1   Thumb Code     6  stm32g4xx_it.o(i.USART2_IRQHandler)
    Uart1_Print_UpdateAS5048A                0x08006efd   Thumb Code    44  uart1_print.o(i.Uart1_Print_UpdateAS5048A)
    Uart1_Print_UpdatePressure               0x08006f2d   Thumb Code   106  uart1_print.o(i.Uart1_Print_UpdatePressure)
    UsageFault_Handler                       0x08006f9d   Thumb Code     2  stm32g4xx_it.o(i.UsageFault_Handler)
    __0snprintf                              0x08006fa1   Thumb Code    44  printfa.o(i.__0snprintf)
    __1snprintf                              0x08006fa1   Thumb Code     0  printfa.o(i.__0snprintf)
    __2snprintf                              0x08006fa1   Thumb Code     0  printfa.o(i.__0snprintf)
    __c89snprintf                            0x08006fa1   Thumb Code     0  printfa.o(i.__0snprintf)
    snprintf                                 0x08006fa1   Thumb Code     0  printfa.o(i.__0snprintf)
    __scatterload_copy                       0x08006ff1   Thumb Code    14  handlers.o(i.__scatterload_copy)
    __scatterload_null                       0x08006fff   Thumb Code     2  handlers.o(i.__scatterload_null)
    __scatterload_zeroinit                   0x08007001   Thumb Code    14  handlers.o(i.__scatterload_zeroinit)
    bsp_can_init                             0x080081dd   Thumb Code    28  bsp_fdcan.o(i.bsp_can_init)
    can_filter_init                          0x08008201   Thumb Code    48  bsp_fdcan.o(i.can_filter_init)
    clear_err                                0x08008235   Thumb Code    52  dm_motor_drv.o(i.clear_err)
    disable_motor_mode                       0x080082d1   Thumb Code    52  dm_motor_drv.o(i.disable_motor_mode)
    dm_motor_clear_err                       0x08008305   Thumb Code    56  dm_motor_drv.o(i.dm_motor_clear_err)
    dm_motor_clear_para                      0x0800833d   Thumb Code    30  dm_motor_drv.o(i.dm_motor_clear_para)
    dm_motor_ctrl_send                       0x08008361   Thumb Code    90  dm_motor_drv.o(i.dm_motor_ctrl_send)
    dm_motor_disable                         0x080083bb   Thumb Code    66  dm_motor_drv.o(i.dm_motor_disable)
    dm_motor_enable                          0x080083fd   Thumb Code    54  dm_motor_drv.o(i.dm_motor_enable)
    dm_motor_fbdata                          0x08008433   Thumb Code   142  dm_motor_drv.o(i.dm_motor_fbdata)
    dm_motor_init                            0x080084c1   Thumb Code    84  dm_motor_ctrl.o(i.dm_motor_init)
    enable_motor_mode                        0x080085b1   Thumb Code    52  dm_motor_drv.o(i.enable_motor_mode)
    fdcan1_rx_callback                       0x0800892d   Thumb Code    56  dm_motor_ctrl.o(i.fdcan1_rx_callback)
    fdcanx_receive                           0x0800896d   Thumb Code    80  bsp_fdcan.o(i.fdcanx_receive)
    fdcanx_send_data                         0x080089bd   Thumb Code    72  bsp_fdcan.o(i.fdcanx_send_data)
    float_to_uint                            0x08008a05   Thumb Code    68  dm_motor_drv.o(i.float_to_uint)
    main                                     0x08008b5f   Thumb Code    62  main.o(i.main)
    mit_ctrl                                 0x08008b9d   Thumb Code   182  dm_motor_drv.o(i.mit_ctrl)
    osDelay                                  0x08008c93   Thumb Code    26  cmsis_os2.o(i.osDelay)
    osKernelInitialize                       0x08008cad   Thumb Code    32  cmsis_os2.o(i.osKernelInitialize)
    osKernelStart                            0x08008cd1   Thumb Code    48  cmsis_os2.o(i.osKernelStart)
    osSemaphoreAcquire                       0x08008d09   Thumb Code    88  cmsis_os2.o(i.osSemaphoreAcquire)
    osSemaphoreNew                           0x08008d65   Thumb Code   152  cmsis_os2.o(i.osSemaphoreNew)
    osSemaphoreRelease                       0x08008dfd   Thumb Code    82  cmsis_os2.o(i.osSemaphoreRelease)
    osThreadNew                              0x08008e55   Thumb Code   138  cmsis_os2.o(i.osThreadNew)
    parity_even                              0x08008edf   Thumb Code    26  as5048a.o(i.parity_even)
    pos_ctrl                                 0x08008fe9   Thumb Code    70  dm_motor_drv.o(i.pos_ctrl)
    psi_ctrl                                 0x080097c5   Thumb Code    96  dm_motor_drv.o(i.psi_ctrl)
    pvPortMalloc                             0x08009845   Thumb Code   216  heap_4.o(i.pvPortMalloc)
    pvTaskIncrementMutexHeldCount            0x08009921   Thumb Code    18  tasks.o(i.pvTaskIncrementMutexHeldCount)
    pxPortInitialiseStack                    0x08009939   Thumb Code    40  port.o(i.pxPortInitialiseStack)
    receive_motor_data                       0x08009995   Thumb Code   480  dm_motor_ctrl.o(i.receive_motor_data)
    save_motor_data                          0x08009be9   Thumb Code    36  dm_motor_drv.o(i.save_motor_data)
    save_pos_zero                            0x08009c15   Thumb Code    52  dm_motor_drv.o(i.save_pos_zero)
    spd_ctrl                                 0x08009c49   Thumb Code    44  dm_motor_drv.o(i.spd_ctrl)
    uint_to_float                            0x08009cb9   Thumb Code    40  dm_motor_drv.o(i.uint_to_float)
    uxListRemove                             0x08009ce1   Thumb Code    38  list.o(i.uxListRemove)
    vApplicationGetIdleTaskMemory            0x08009d09   Thumb Code    16  cmsis_os2.o(i.vApplicationGetIdleTaskMemory)
    vApplicationGetTimerTaskMemory           0x08009d1d   Thumb Code    18  cmsis_os2.o(i.vApplicationGetTimerTaskMemory)
    vListInitialise                          0x08009d35   Thumb Code    22  list.o(i.vListInitialise)
    vListInitialiseItem                      0x08009d4b   Thumb Code     6  list.o(i.vListInitialiseItem)
    vListInsert                              0x08009d51   Thumb Code    48  list.o(i.vListInsert)
    vListInsertEnd                           0x08009d81   Thumb Code    24  list.o(i.vListInsertEnd)
    vPortEnterCritical                       0x08009d99   Thumb Code    54  port.o(i.vPortEnterCritical)
    vPortExitCritical                        0x08009dd9   Thumb Code    34  port.o(i.vPortExitCritical)
    vPortFree                                0x08009e01   Thumb Code    94  heap_4.o(i.vPortFree)
    vPortSetupTimerInterrupt                 0x08009e65   Thumb Code    32  port.o(i.vPortSetupTimerInterrupt)
    vPortValidateInterruptPriority           0x08009e89   Thumb Code    74  port.o(i.vPortValidateInterruptPriority)
    vQueueAddToRegistry                      0x08009edd   Thumb Code    34  queue.o(i.vQueueAddToRegistry)
    vQueueDelete                             0x08009f05   Thumb Code    46  queue.o(i.vQueueDelete)
    vQueueUnregisterQueue                    0x08009f35   Thumb Code    36  queue.o(i.vQueueUnregisterQueue)
    vQueueWaitForMessageRestricted           0x08009f5d   Thumb Code    68  queue.o(i.vQueueWaitForMessageRestricted)
    vTaskDelay                               0x08009fa1   Thumb Code    66  tasks.o(i.vTaskDelay)
    vTaskInternalSetTimeOutState             0x08009fed   Thumb Code    12  tasks.o(i.vTaskInternalSetTimeOutState)
    vTaskMissedYield                         0x08009ffd   Thumb Code     8  tasks.o(i.vTaskMissedYield)
    vTaskPlaceOnEventList                    0x0800a009   Thumb Code    44  tasks.o(i.vTaskPlaceOnEventList)
    vTaskPlaceOnEventListRestricted          0x0800a039   Thumb Code    52  tasks.o(i.vTaskPlaceOnEventListRestricted)
    vTaskPriorityDisinheritAfterTimeout      0x0800a071   Thumb Code   134  tasks.o(i.vTaskPriorityDisinheritAfterTimeout)
    vTaskStartScheduler                      0x0800a101   Thumb Code   118  tasks.o(i.vTaskStartScheduler)
    vTaskSuspendAll                          0x0800a189   Thumb Code    10  tasks.o(i.vTaskSuspendAll)
    vTaskSwitchContext                       0x0800a199   Thumb Code    90  tasks.o(i.vTaskSwitchContext)
    write_motor_data                         0x0800a1fd   Thumb Code    70  dm_motor_drv.o(i.write_motor_data)
    xPortStartScheduler                      0x0800a251   Thumb Code   222  port.o(i.xPortStartScheduler)
    xPortSysTickHandler                      0x0800a345   Thumb Code    38  port.o(i.xPortSysTickHandler)
    xQueueCreateCountingSemaphore            0x0800a371   Thumb Code    58  queue.o(i.xQueueCreateCountingSemaphore)
    xQueueCreateCountingSemaphoreStatic      0x0800a3ab   Thumb Code    64  queue.o(i.xQueueCreateCountingSemaphoreStatic)
    xQueueGenericCreate                      0x0800a3eb   Thumb Code    66  queue.o(i.xQueueGenericCreate)
    xQueueGenericCreateStatic                0x0800a42d   Thumb Code   102  queue.o(i.xQueueGenericCreateStatic)
    xQueueGenericReset                       0x0800a495   Thumb Code   132  queue.o(i.xQueueGenericReset)
    xQueueGenericSend                        0x0800a51d   Thumb Code   346  queue.o(i.xQueueGenericSend)
    xQueueGenericSendFromISR                 0x0800a67d   Thumb Code   190  queue.o(i.xQueueGenericSendFromISR)
    xQueueGiveFromISR                        0x0800a73b   Thumb Code   156  queue.o(i.xQueueGiveFromISR)
    xQueueReceive                            0x0800a7d9   Thumb Code   308  queue.o(i.xQueueReceive)
    xQueueReceiveFromISR                     0x0800a911   Thumb Code   154  queue.o(i.xQueueReceiveFromISR)
    xQueueSemaphoreTake                      0x0800a9ad   Thumb Code   372  queue.o(i.xQueueSemaphoreTake)
    xTaskCheckForTimeOut                     0x0800ab25   Thumb Code   112  tasks.o(i.xTaskCheckForTimeOut)
    xTaskCreate                              0x0800ab99   Thumb Code    90  tasks.o(i.xTaskCreate)
    xTaskCreateStatic                        0x0800abf3   Thumb Code    86  tasks.o(i.xTaskCreateStatic)
    xTaskGetSchedulerState                   0x0800ac49   Thumb Code    22  tasks.o(i.xTaskGetSchedulerState)
    xTaskGetTickCount                        0x0800ac65   Thumb Code     6  tasks.o(i.xTaskGetTickCount)
    xTaskIncrementTick                       0x0800ac71   Thumb Code   192  tasks.o(i.xTaskIncrementTick)
    xTaskPriorityDisinherit                  0x0800ad39   Thumb Code   118  tasks.o(i.xTaskPriorityDisinherit)
    xTaskPriorityInherit                     0x0800adb9   Thumb Code   112  tasks.o(i.xTaskPriorityInherit)
    xTaskRemoveFromEventList                 0x0800ae31   Thumb Code    98  tasks.o(i.xTaskRemoveFromEventList)
    xTaskResumeAll                           0x0800aea1   Thumb Code   182  tasks.o(i.xTaskResumeAll)
    xTimerCreateTimerTask                    0x0800af65   Thumb Code    78  timers.o(i.xTimerCreateTimerTask)
    xTimerGenericCommand                     0x0800afc5   Thumb Code    98  timers.o(i.xTimerGenericCommand)
    MOTORTask_attributes                     0x0800b02c   Data          36  app_freertos.o(.constdata)
    LEDTask_attributes                       0x0800b050   Data          36  app_freertos.o(.constdata)
    AS5048ATask_attributes                   0x0800b074   Data          36  app_freertos.o(.constdata)
    PRESSURETask_attributes                  0x0800b098   Data          36  app_freertos.o(.constdata)
    UART1PrintTask_attributes                0x0800b0bc   Data          36  app_freertos.o(.constdata)
    ModbusTask_attributes                    0x0800b0e0   Data          36  app_freertos.o(.constdata)
    SpiRxSem_attributes                      0x0800b104   Data          16  app_freertos.o(.constdata)
    UARTPrescTable                           0x0800b124   Data          24  stm32g4xx_hal_uart.o(.constdata)
    AHBPrescTable                            0x0800b14c   Data          16  system_stm32g4xx.o(.constdata)
    APBPrescTable                            0x0800b15c   Data           8  system_stm32g4xx.o(.constdata)
    Region$$Table$$Base                      0x0800b2d0   Number         0  anon$$obj.o(Region$$Table)
    Region$$Table$$Limit                     0x0800b2f0   Number         0  anon$$obj.o(Region$$Table)
    MOTORTaskHandle                          0x20000000   Data           4  app_freertos.o(.data)
    LEDTaskHandle                            0x20000004   Data           4  app_freertos.o(.data)
    AS5048ATaskHandle                        0x20000008   Data           4  app_freertos.o(.data)
    PRESSURETaskHandle                       0x2000000c   Data           4  app_freertos.o(.data)
    UART1PrintTaskHandle                     0x20000010   Data           4  app_freertos.o(.data)
    ModbusTaskHandle                         0x20000014   Data           4  app_freertos.o(.data)
    SpiRxSemHandle                           0x20000018   Data           4  app_freertos.o(.data)
    uwTickPrio                               0x2000001c   Data           4  stm32g4xx_hal.o(.data)
    uwTickFreq                               0x20000020   Data           4  stm32g4xx_hal.o(.data)
    uwTick                                   0x20000024   Data           4  stm32g4xx_hal.o(.data)
    pFlash                                   0x20000028   Data          32  stm32g4xx_hal_flash.o(.data)
    SystemCoreClock                          0x20000048   Data           4  system_stm32g4xx.o(.data)
    pxCurrentTCB                             0x2000004c   Data           4  tasks.o(.data)
    error_flag                               0x200000cc   Data           1  as5048a.o(.data)
    angle_valid                              0x200000cd   Data           1  as5048a.o(.data)
    angle_val                                0x200000ce   Data           2  as5048a.o(.data)
    mag_val                                  0x200000d0   Data           2  as5048a.o(.data)
    angle_deg                                0x200000d4   Data           4  as5048a.o(.data)
    hfdcan1                                  0x20000168   Data         100  fdcan.o(.bss)
    hspi1                                    0x200001cc   Data         100  spi.o(.bss)
    hspi2                                    0x20000230   Data         100  spi.o(.bss)
    hspi3                                    0x20000294   Data         100  spi.o(.bss)
    htim3                                    0x200002f8   Data          76  tim.o(.bss)
    huart1                                   0x20000344   Data         148  usart.o(.bss)
    huart2                                   0x200003d8   Data         148  usart.o(.bss)
    htim6                                    0x2000046c   Data          76  stm32g4xx_hal_timebase_tim.o(.bss)
    xQueueRegistry                           0x200004b8   Data          64  queue.o(.bss)
    motor                                    0x2000618c   Data         272  dm_motor_ctrl.o(.bss)
    sensor_data                              0x200062ec   Data         256  pressure_sensor.o(.bss)
    __initial_sp                             0x20007550   Data           0  startup_stm32g431xx.o(STACK)



==============================================================================

Memory Map of the image

  Image Entry point : 0x080001d9

  Load Region LR_IROM1 (Base: 0x08000000, Size: 0x0000b458, Max: 0x00020000, ABSOLUTE, COMPRESSED[0x0000b314])

    Execution Region ER_IROM1 (Exec base: 0x08000000, Load base: 0x08000000, Size: 0x0000b2f0, Max: 0x00020000, ABSOLUTE)

    Exec Addr    Load Addr    Size         Type   Attr      Idx    E Section Name        Object

    0x08000000   0x08000000   0x000001d8   Data   RO            3    RESET               startup_stm32g431xx.o
    0x080001d8   0x080001d8   0x00000000   Code   RO         7328  * .ARM.Collect$$$$00000000  mc_w.l(entry.o)
    0x080001d8   0x080001d8   0x00000004   Code   RO         7606    .ARM.Collect$$$$00000001  mc_w.l(entry2.o)
    0x080001dc   0x080001dc   0x00000004   Code   RO         7609    .ARM.Collect$$$$00000004  mc_w.l(entry5.o)
    0x080001e0   0x080001e0   0x00000000   Code   RO         7611    .ARM.Collect$$$$00000008  mc_w.l(entry7b.o)
    0x080001e0   0x080001e0   0x00000000   Code   RO         7613    .ARM.Collect$$$$0000000A  mc_w.l(entry8b.o)
    0x080001e0   0x080001e0   0x00000008   Code   RO         7614    .ARM.Collect$$$$0000000B  mc_w.l(entry9a.o)
    0x080001e8   0x080001e8   0x00000000   Code   RO         7616    .ARM.Collect$$$$0000000D  mc_w.l(entry10a.o)
    0x080001e8   0x080001e8   0x00000000   Code   RO         7618    .ARM.Collect$$$$0000000F  mc_w.l(entry11a.o)
    0x080001e8   0x080001e8   0x00000004   Code   RO         7607    .ARM.Collect$$$$00002712  mc_w.l(entry2.o)
    0x080001ec   0x080001ec   0x000000be   Code   RO         6383    .emb_text           port.o
    0x080002aa   0x080002aa   0x00000002   PAD
    0x080002ac   0x080002ac   0x00000024   Code   RO            4    .text               startup_stm32g431xx.o
    0x080002d0   0x080002d0   0x00000062   Code   RO         7331    .text               mc_w.l(uldiv.o)
    0x08000332   0x08000332   0x00000024   Code   RO         7333    .text               mc_w.l(memcpya.o)
    0x08000356   0x08000356   0x00000024   Code   RO         7337    .text               mc_w.l(memseta.o)
    0x0800037a   0x0800037a   0x0000000e   Code   RO         7339    .text               mc_w.l(strlen.o)
    0x08000388   0x08000388   0x00000026   Code   RO         7604    .text               mf_w.l(f2d.o)
    0x080003ae   0x080003ae   0x0000002c   Code   RO         7621    .text               mc_w.l(uidiv.o)
    0x080003da   0x080003da   0x0000001e   Code   RO         7623    .text               mc_w.l(llshl.o)
    0x080003f8   0x080003f8   0x00000020   Code   RO         7625    .text               mc_w.l(llushr.o)
    0x08000418   0x08000418   0x00000000   Code   RO         7627    .text               mc_w.l(iusefp.o)
    0x08000418   0x08000418   0x0000014e   Code   RO         7628    .text               mf_w.l(dadd.o)
    0x08000566   0x08000566   0x000000e4   Code   RO         7630    .text               mf_w.l(dmul.o)
    0x0800064a   0x0800064a   0x000000de   Code   RO         7632    .text               mf_w.l(ddiv.o)
    0x08000728   0x08000728   0x00000030   Code   RO         7634    .text               mf_w.l(dfixul.o)
    0x08000758   0x08000758   0x00000030   Code   RO         7636    .text               mf_w.l(cdrcmple.o)
    0x08000788   0x08000788   0x00000024   Code   RO         7638    .text               mc_w.l(init.o)
    0x080007ac   0x080007ac   0x00000024   Code   RO         7640    .text               mc_w.l(llsshr.o)
    0x080007d0   0x080007d0   0x000000ba   Code   RO         7642    .text               mf_w.l(depilogue.o)
    0x0800088a   0x0800088a   0x0000003a   Code   RO         7652    .text               mc_w.l(__dczerorl.o)
    0x080008c4   0x080008c4   0x0000001e   Code   RO         6463    i.AS5048A_QH_Init   as5048a.o
    0x080008e2   0x080008e2   0x00000002   PAD
    0x080008e4   0x080008e4   0x00000058   Code   RO         6464    i.AS5048A_Update_All  as5048a.o
    0x0800093c   0x0800093c   0x00000002   Code   RO          580    i.BusFault_Handler  stm32g4xx_it.o
    0x0800093e   0x0800093e   0x00000002   PAD
    0x08000940   0x08000940   0x00000174   Code   RO         6968    i.DM_Bridge_Init    dm_modbus_bridge.o
    0x08000ab4   0x08000ab4   0x000000e0   Code   RO         6969    i.DM_Bridge_OnCanRx  dm_modbus_bridge.o
    0x08000b94   0x08000b94   0x000004a4   Code   RO         6970    i.DM_Bridge_OnUartIdle  dm_modbus_bridge.o
    0x08001038   0x08001038   0x00000044   Code   RO         6971    i.DM_Bridge_OnUartTxDone  dm_modbus_bridge.o
    0x0800107c   0x0800107c   0x000001ec   Code   RO         6972    i.DM_Bridge_Poll    dm_modbus_bridge.o
    0x08001268   0x08001268   0x00000034   Code   RO         6973    i.DM_Bridge_Start   dm_modbus_bridge.o
    0x0800129c   0x0800129c   0x00000028   Code   RO         6465    i.DWT_Delay_Init    as5048a.o
    0x080012c4   0x080012c4   0x0000002c   Code   RO         6466    i.DWT_Delay_us      as5048a.o
    0x080012f0   0x080012f0   0x00000002   Code   RO          581    i.DebugMon_Handler  stm32g4xx_it.o
    0x080012f2   0x080012f2   0x00000004   Code   RO           13    i.Error_Handler     main.o
    0x080012f6   0x080012f6   0x00000002   PAD
    0x080012f8   0x080012f8   0x0000000c   Code   RO          582    i.FDCAN1_IT0_IRQHandler  stm32g4xx_it.o
    0x08001304   0x08001304   0x0000000c   Code   RO          583    i.FDCAN1_IT1_IRQHandler  stm32g4xx_it.o
    0x08001310   0x08001310   0x00000064   Code   RO         1888    i.FDCAN_CopyMessageToRAM  stm32g4xx_hal_fdcan.o
    0x08001374   0x08001374   0x0000005c   Code   RO         2874    i.FLASH_FlushCaches  stm32g4xx_hal_flash_ex.o
    0x080013d0   0x080013d0   0x0000001c   Code   RO         2875    i.FLASH_MassErase   stm32g4xx_hal_flash_ex.o
    0x080013ec   0x080013ec   0x00000028   Code   RO         2877    i.FLASH_PageErase   stm32g4xx_hal_flash_ex.o
    0x08001414   0x08001414   0x0000001c   Code   RO         2765    i.FLASH_Program_DoubleWord  stm32g4xx_hal_flash.o
    0x08001430   0x08001430   0x0000002c   Code   RO         2766    i.FLASH_Program_Fast  stm32g4xx_hal_flash.o
    0x0800145c   0x0800145c   0x00000060   Code   RO         2767    i.FLASH_WaitForLastOperation  stm32g4xx_hal_flash.o
    0x080014bc   0x080014bc   0x00000014   Code   RO         7263    i.ForceEstimator_GetParam  force_estimator.o
    0x080014d0   0x080014d0   0x00000014   Code   RO         7264    i.ForceEstimator_GetState  force_estimator.o
    0x080014e4   0x080014e4   0x000000ac   Code   RO         7265    i.ForceEstimator_Init  force_estimator.o
    0x08001590   0x08001590   0x00000024   Code   RO         7266    i.ForceEstimator_Reset  force_estimator.o
    0x080015b4   0x080015b4   0x00000184   Code   RO         7267    i.ForceEstimator_SetParam  force_estimator.o
    0x08001738   0x08001738   0x000001c4   Code   RO         7268    i.ForceEstimator_Update  force_estimator.o
    0x080018fc   0x080018fc   0x0000006a   Code   RO         3127    i.HAL_DMA_Abort     stm32g4xx_hal_dma.o
    0x08001966   0x08001966   0x00000078   Code   RO         3128    i.HAL_DMA_Abort_IT  stm32g4xx_hal_dma.o
    0x080019de   0x080019de   0x000000e0   Code   RO         1890    i.HAL_FDCAN_ActivateNotification  stm32g4xx_hal_fdcan.o
    0x08001abe   0x08001abe   0x0000004a   Code   RO         1891    i.HAL_FDCAN_AddMessageToTxFifoQ  stm32g4xx_hal_fdcan.o
    0x08001b08   0x08001b08   0x0000005c   Code   RO         1893    i.HAL_FDCAN_ConfigFilter  stm32g4xx_hal_fdcan.o
    0x08001b64   0x08001b64   0x00000036   Code   RO         1894    i.HAL_FDCAN_ConfigGlobalFilter  stm32g4xx_hal_fdcan.o
    0x08001b9a   0x08001b9a   0x00000002   Code   RO         1914    i.HAL_FDCAN_ErrorCallback  stm32g4xx_hal_fdcan.o
    0x08001b9c   0x08001b9c   0x00000010   Code   RO         6544    i.HAL_FDCAN_ErrorStatusCallback  bsp_fdcan.o
    0x08001bac   0x08001bac   0x00000114   Code   RO         1924    i.HAL_FDCAN_GetRxMessage  stm32g4xx_hal_fdcan.o
    0x08001cc0   0x08001cc0   0x00000002   Code   RO         1930    i.HAL_FDCAN_HighPriorityMessageCallback  stm32g4xx_hal_fdcan.o
    0x08001cc2   0x08001cc2   0x00000164   Code   RO         1931    i.HAL_FDCAN_IRQHandler  stm32g4xx_hal_fdcan.o
    0x08001e26   0x08001e26   0x00000002   PAD
    0x08001e28   0x08001e28   0x00000204   Code   RO         1932    i.HAL_FDCAN_Init    stm32g4xx_hal_fdcan.o
    0x0800202c   0x0800202c   0x0000009c   Code   RO          395    i.HAL_FDCAN_MspInit  fdcan.o
    0x080020c8   0x080020c8   0x00000014   Code   RO         6545    i.HAL_FDCAN_RxFifo0Callback  bsp_fdcan.o
    0x080020dc   0x080020dc   0x00000002   Code   RO         1940    i.HAL_FDCAN_RxFifo1Callback  stm32g4xx_hal_fdcan.o
    0x080020de   0x080020de   0x0000002c   Code   RO         1941    i.HAL_FDCAN_Start   stm32g4xx_hal_fdcan.o
    0x0800210a   0x0800210a   0x00000002   Code   RO         1943    i.HAL_FDCAN_TimeoutOccurredCallback  stm32g4xx_hal_fdcan.o
    0x0800210c   0x0800210c   0x00000002   Code   RO         1944    i.HAL_FDCAN_TimestampWraparoundCallback  stm32g4xx_hal_fdcan.o
    0x0800210e   0x0800210e   0x00000002   Code   RO         1945    i.HAL_FDCAN_TxBufferAbortCallback  stm32g4xx_hal_fdcan.o
    0x08002110   0x08002110   0x00000002   Code   RO         1946    i.HAL_FDCAN_TxBufferCompleteCallback  stm32g4xx_hal_fdcan.o
    0x08002112   0x08002112   0x00000002   Code   RO         1947    i.HAL_FDCAN_TxEventFifoCallback  stm32g4xx_hal_fdcan.o
    0x08002114   0x08002114   0x00000002   Code   RO         1948    i.HAL_FDCAN_TxFifoEmptyCallback  stm32g4xx_hal_fdcan.o
    0x08002116   0x08002116   0x00000002   PAD
    0x08002118   0x08002118   0x000000d4   Code   RO         2881    i.HAL_FLASHEx_Erase  stm32g4xx_hal_flash_ex.o
    0x080021ec   0x080021ec   0x0000001c   Code   RO         2771    i.HAL_FLASH_Lock    stm32g4xx_hal_flash.o
    0x08002208   0x08002208   0x000000a4   Code   RO         2776    i.HAL_FLASH_Program  stm32g4xx_hal_flash.o
    0x080022ac   0x080022ac   0x00000028   Code   RO         2778    i.HAL_FLASH_Unlock  stm32g4xx_hal_flash.o
    0x080022d4   0x080022d4   0x00000150   Code   RO         2986    i.HAL_GPIO_DeInit   stm32g4xx_hal_gpio.o
    0x08002424   0x08002424   0x00000248   Code   RO         2989    i.HAL_GPIO_Init     stm32g4xx_hal_gpio.o
    0x0800266c   0x0800266c   0x00000010   Code   RO         2992    i.HAL_GPIO_TogglePin  stm32g4xx_hal_gpio.o
    0x0800267c   0x0800267c   0x0000000a   Code   RO         2993    i.HAL_GPIO_WritePin  stm32g4xx_hal_gpio.o
    0x08002686   0x08002686   0x00000002   PAD
    0x08002688   0x08002688   0x0000000c   Code   RO         2284    i.HAL_GetTick       stm32g4xx_hal.o
    0x08002694   0x08002694   0x00000010   Code   RO         2290    i.HAL_IncTick       stm32g4xx_hal.o
    0x080026a4   0x080026a4   0x0000001e   Code   RO         2291    i.HAL_Init          stm32g4xx_hal.o
    0x080026c2   0x080026c2   0x00000002   PAD
    0x080026c4   0x080026c4   0x00000088   Code   RO          704    i.HAL_InitTick      stm32g4xx_hal_timebase_tim.o
    0x0800274c   0x0800274c   0x0000003c   Code   RO          680    i.HAL_MspInit       stm32g4xx_hal_msp.o
    0x08002788   0x08002788   0x00000022   Code   RO         3637    i.HAL_NVIC_DisableIRQ  stm32g4xx_hal_cortex.o
    0x080027aa   0x080027aa   0x0000001a   Code   RO         3638    i.HAL_NVIC_EnableIRQ  stm32g4xx_hal_cortex.o
    0x080027c4   0x080027c4   0x00000040   Code   RO         3644    i.HAL_NVIC_SetPriority  stm32g4xx_hal_cortex.o
    0x08002804   0x08002804   0x00000024   Code   RO         3645    i.HAL_NVIC_SetPriorityGrouping  stm32g4xx_hal_cortex.o
    0x08002828   0x08002828   0x000000bc   Code   RO         3392    i.HAL_PWREx_ControlVoltageScaling  stm32g4xx_hal_pwr_ex.o
    0x080028e4   0x080028e4   0x00000010   Code   RO         3404    i.HAL_PWREx_DisableUCPDDeadBattery  stm32g4xx_hal_pwr_ex.o
    0x080028f4   0x080028f4   0x00000288   Code   RO         2651    i.HAL_RCCEx_PeriphCLKConfig  stm32g4xx_hal_rcc_ex.o
    0x08002b7c   0x08002b7c   0x000001dc   Code   RO         2526    i.HAL_RCC_ClockConfig  stm32g4xx_hal_rcc.o
    0x08002d58   0x08002d58   0x00000040   Code   RO         2531    i.HAL_RCC_GetClockConfig  stm32g4xx_hal_rcc.o
    0x08002d98   0x08002d98   0x00000024   Code   RO         2534    i.HAL_RCC_GetPCLK1Freq  stm32g4xx_hal_rcc.o
    0x08002dbc   0x08002dbc   0x00000024   Code   RO         2535    i.HAL_RCC_GetPCLK2Freq  stm32g4xx_hal_rcc.o
    0x08002de0   0x08002de0   0x0000006c   Code   RO         2536    i.HAL_RCC_GetSysClockFreq  stm32g4xx_hal_rcc.o
    0x08002e4c   0x08002e4c   0x00000404   Code   RO         2539    i.HAL_RCC_OscConfig  stm32g4xx_hal_rcc.o
    0x08003250   0x08003250   0x00000002   Code   RO         3779    i.HAL_SPI_AbortCpltCallback  stm32g4xx_hal_spi.o
    0x08003252   0x08003252   0x00000002   PAD
    0x08003254   0x08003254   0x00000124   Code   RO         3780    i.HAL_SPI_Abort_IT  stm32g4xx_hal_spi.o
    0x08003378   0x08003378   0x0000002e   Code   RO         3784    i.HAL_SPI_DeInit    stm32g4xx_hal_spi.o
    0x080033a6   0x080033a6   0x00000002   Code   RO           14    i.HAL_SPI_ErrorCallback  main.o
    0x080033a8   0x080033a8   0x00000006   Code   RO         3787    i.HAL_SPI_GetState  stm32g4xx_hal_spi.o
    0x080033ae   0x080033ae   0x00000002   PAD
    0x080033b0   0x080033b0   0x000000fc   Code   RO         3788    i.HAL_SPI_IRQHandler  stm32g4xx_hal_spi.o
    0x080034ac   0x080034ac   0x000000ea   Code   RO         3789    i.HAL_SPI_Init      stm32g4xx_hal_spi.o
    0x08003596   0x08003596   0x00000002   PAD
    0x08003598   0x08003598   0x00000070   Code   RO          436    i.HAL_SPI_MspDeInit  spi.o
    0x08003608   0x08003608   0x00000104   Code   RO          437    i.HAL_SPI_MspInit   spi.o
    0x0800370c   0x0800370c   0x000000c4   Code   RO         3794    i.HAL_SPI_Receive_IT  stm32g4xx_hal_spi.o
    0x080037d0   0x080037d0   0x00000024   Code   RO           15    i.HAL_SPI_RxCpltCallback  main.o
    0x080037f4   0x080037f4   0x00000272   Code   RO         3798    i.HAL_SPI_TransmitReceive  stm32g4xx_hal_spi.o
    0x08003a66   0x08003a66   0x00000002   PAD
    0x08003a68   0x08003a68   0x000000bc   Code   RO         3800    i.HAL_SPI_TransmitReceive_IT  stm32g4xx_hal_spi.o
    0x08003b24   0x08003b24   0x00000024   Code   RO           16    i.HAL_SPI_TxRxCpltCallback  main.o
    0x08003b48   0x08003b48   0x00000002   Code   RO         1459    i.HAL_TIMEx_Break2Callback  stm32g4xx_hal_tim_ex.o
    0x08003b4a   0x08003b4a   0x00000002   Code   RO         1460    i.HAL_TIMEx_BreakCallback  stm32g4xx_hal_tim_ex.o
    0x08003b4c   0x08003b4c   0x00000002   Code   RO         1461    i.HAL_TIMEx_CommutCallback  stm32g4xx_hal_tim_ex.o
    0x08003b4e   0x08003b4e   0x00000002   Code   RO         1472    i.HAL_TIMEx_DirectionChangeCallback  stm32g4xx_hal_tim_ex.o
    0x08003b50   0x08003b50   0x00000002   Code   RO         1486    i.HAL_TIMEx_EncoderIndexCallback  stm32g4xx_hal_tim_ex.o
    0x08003b52   0x08003b52   0x00000002   Code   RO         1500    i.HAL_TIMEx_IndexErrorCallback  stm32g4xx_hal_tim_ex.o
    0x08003b54   0x08003b54   0x0000009c   Code   RO         1501    i.HAL_TIMEx_MasterConfigSynchronization  stm32g4xx_hal_tim_ex.o
    0x08003bf0   0x08003bf0   0x00000002   Code   RO         1522    i.HAL_TIMEx_TransitionErrorCallback  stm32g4xx_hal_tim_ex.o
    0x08003bf2   0x08003bf2   0x00000062   Code   RO          745    i.HAL_TIM_Base_Init  stm32g4xx_hal_tim.o
    0x08003c54   0x08003c54   0x00000070   Code   RO          491    i.HAL_TIM_Base_MspInit  tim.o
    0x08003cc4   0x08003cc4   0x00000078   Code   RO          750    i.HAL_TIM_Base_Start_IT  stm32g4xx_hal_tim.o
    0x08003d3c   0x08003d3c   0x00000100   Code   RO          754    i.HAL_TIM_ConfigClockSource  stm32g4xx_hal_tim.o
    0x08003e3c   0x08003e3c   0x00000002   Code   RO          779    i.HAL_TIM_IC_CaptureCallback  stm32g4xx_hal_tim.o
    0x08003e3e   0x08003e3e   0x000001a2   Code   RO          793    i.HAL_TIM_IRQHandler  stm32g4xx_hal_tim.o
    0x08003fe0   0x08003fe0   0x00000002   Code   RO          796    i.HAL_TIM_OC_DelayElapsedCallback  stm32g4xx_hal_tim.o
    0x08003fe2   0x08003fe2   0x00000002   Code   RO          823    i.HAL_TIM_PWM_PulseFinishedCallback  stm32g4xx_hal_tim.o
    0x08003fe4   0x08003fe4   0x00000014   Code   RO           17    i.HAL_TIM_PeriodElapsedCallback  main.o
    0x08003ff8   0x08003ff8   0x00000002   Code   RO          836    i.HAL_TIM_TriggerCallback  stm32g4xx_hal_tim.o
    0x08003ffa   0x08003ffa   0x0000003e   Code   RO         4549    i.HAL_UARTEx_DisableFifoMode  stm32g4xx_hal_uart_ex.o
    0x08004038   0x08004038   0x0000004e   Code   RO         4556    i.HAL_UARTEx_ReceiveToIdle_IT  stm32g4xx_hal_uart_ex.o
    0x08004086   0x08004086   0x00000002   PAD
    0x08004088   0x08004088   0x00000010   Code   RO           18    i.HAL_UARTEx_RxEventCallback  main.o
    0x08004098   0x08004098   0x00000002   Code   RO         4557    i.HAL_UARTEx_RxFifoFullCallback  stm32g4xx_hal_uart_ex.o
    0x0800409a   0x0800409a   0x0000004c   Code   RO         4558    i.HAL_UARTEx_SetRxFifoThreshold  stm32g4xx_hal_uart_ex.o
    0x080040e6   0x080040e6   0x0000004c   Code   RO         4559    i.HAL_UARTEx_SetTxFifoThreshold  stm32g4xx_hal_uart_ex.o
    0x08004132   0x08004132   0x00000002   Code   RO         4561    i.HAL_UARTEx_TxFifoEmptyCallback  stm32g4xx_hal_uart_ex.o
    0x08004134   0x08004134   0x00000002   Code   RO         4562    i.HAL_UARTEx_WakeupCallback  stm32g4xx_hal_uart_ex.o
    0x08004136   0x08004136   0x00000002   Code   RO         4145    i.HAL_UART_AbortTransmitCpltCallback  stm32g4xx_hal_uart.o
    0x08004138   0x08004138   0x00000094   Code   RO         4146    i.HAL_UART_AbortTransmit_IT  stm32g4xx_hal_uart.o
    0x080041cc   0x080041cc   0x00000018   Code   RO           19    i.HAL_UART_ErrorCallback  main.o
    0x080041e4   0x080041e4   0x0000031c   Code   RO         4157    i.HAL_UART_IRQHandler  stm32g4xx_hal_uart.o
    0x08004500   0x08004500   0x0000006a   Code   RO         4158    i.HAL_UART_Init     stm32g4xx_hal_uart.o
    0x0800456a   0x0800456a   0x00000002   PAD
    0x0800456c   0x0800456c   0x000000e4   Code   RO          533    i.HAL_UART_MspInit  usart.o
    0x08004650   0x08004650   0x00000002   Code   RO         4165    i.HAL_UART_RxCpltCallback  stm32g4xx_hal_uart.o
    0x08004652   0x08004652   0x000000ae   Code   RO         4167    i.HAL_UART_Transmit  stm32g4xx_hal_uart.o
    0x08004700   0x08004700   0x00000098   Code   RO         4169    i.HAL_UART_Transmit_IT  stm32g4xx_hal_uart.o
    0x08004798   0x08004798   0x00000010   Code   RO           20    i.HAL_UART_TxCpltCallback  main.o
    0x080047a8   0x080047a8   0x00000002   Code   RO          584    i.HardFault_Handler  stm32g4xx_it.o
    0x080047aa   0x080047aa   0x00000002   PAD
    0x080047ac   0x080047ac   0x00000050   Code   RO          396    i.MX_FDCAN1_Init    fdcan.o
    0x080047fc   0x080047fc   0x00000088   Code   RO          308    i.MX_FREERTOS_Init  app_freertos.o
    0x08004884   0x08004884   0x000000d4   Code   RO          284    i.MX_GPIO_Init      gpio.o
    0x08004958   0x08004958   0x00000050   Code   RO          438    i.MX_SPI1_Init      spi.o
    0x080049a8   0x080049a8   0x00000050   Code   RO          439    i.MX_SPI2_Init      spi.o
    0x080049f8   0x080049f8   0x00000050   Code   RO          440    i.MX_SPI3_Init      spi.o
    0x08004a48   0x08004a48   0x00000068   Code   RO          492    i.MX_TIM3_Init      tim.o
    0x08004ab0   0x08004ab0   0x00000068   Code   RO          534    i.MX_USART1_UART_Init  usart.o
    0x08004b18   0x08004b18   0x00000068   Code   RO          535    i.MX_USART2_UART_Init  usart.o
    0x08004b80   0x08004b80   0x00000002   Code   RO          585    i.MemManage_Handler  stm32g4xx_it.o
    0x08004b82   0x08004b82   0x00000002   Code   RO          586    i.NMI_Handler       stm32g4xx_it.o
    0x08004b84   0x08004b84   0x00000002   Code   RO         7208    i.PosPersist_Init   pos_persist.o
    0x08004b86   0x08004b86   0x00000002   PAD
    0x08004b88   0x08004b88   0x000000e0   Code   RO         7210    i.PosPersist_LoadEx  pos_persist.o
    0x08004c68   0x08004c68   0x00000150   Code   RO         7212    i.PosPersist_SaveEx  pos_persist.o
    0x08004db8   0x08004db8   0x00000014   Code   RO         6801    i.PressureSafety_ClearLatch  pressure_sensor.o
    0x08004dcc   0x08004dcc   0x0000000c   Code   RO         6802    i.PressureSafety_GetFlags  pressure_sensor.o
    0x08004dd8   0x08004dd8   0x00000018   Code   RO         6803    i.PressureSafety_GetLatest  pressure_sensor.o
    0x08004df0   0x08004df0   0x00000014   Code   RO         6805    i.PressureSafety_IsBlocked  pressure_sensor.o
    0x08004e04   0x08004e04   0x0000000c   Code   RO         6806    i.PressureSafety_IsLatched  pressure_sensor.o
    0x08004e10   0x08004e10   0x0000000c   Code   RO         6807    i.PressureSafety_SetThreshold  pressure_sensor.o
    0x08004e1c   0x08004e1c   0x0000002c   Code   RO         6808    i.PressureSensor_GetLatestFeature  pressure_sensor.o
    0x08004e48   0x08004e48   0x00000020   Code   RO         6809    i.PressureSensor_Init  pressure_sensor.o
    0x08004e68   0x08004e68   0x00000348   Code   RO         6810    i.PressureSensor_UpdateAndPrint  pressure_sensor.o
    0x080051b0   0x080051b0   0x00000058   Code   RO         6811    i.Pressure_Agg2     pressure_sensor.o
    0x08005208   0x08005208   0x00000070   Code   RO         6812    i.Pressure_Agg3     pressure_sensor.o
    0x08005278   0x08005278   0x0000010e   Code   RO         6813    i.Pressure_Process32  pressure_sensor.o
    0x08005386   0x08005386   0x00000002   PAD
    0x08005388   0x08005388   0x00000048   Code   RO         6814    i.Pressure_PublishFeature  pressure_sensor.o
    0x080053d0   0x080053d0   0x00000084   Code   RO         6468    i.Read_As5048A_Reg  as5048a.o
    0x08005454   0x08005454   0x0000000c   Code   RO          587    i.SPI2_IRQHandler   stm32g4xx_it.o
    0x08005460   0x08005460   0x0000000c   Code   RO          588    i.SPI3_IRQHandler   stm32g4xx_it.o
    0x0800546c   0x0800546c   0x00000036   Code   RO         3807    i.SPI_2linesRxISR_16BIT  stm32g4xx_hal_spi.o
    0x080054a2   0x080054a2   0x00000066   Code   RO         3808    i.SPI_2linesRxISR_8BIT  stm32g4xx_hal_spi.o
    0x08005508   0x08005508   0x00000032   Code   RO         3809    i.SPI_2linesTxISR_16BIT  stm32g4xx_hal_spi.o
    0x0800553a   0x0800553a   0x00000048   Code   RO         3810    i.SPI_2linesTxISR_8BIT  stm32g4xx_hal_spi.o
    0x08005582   0x08005582   0x00000002   PAD
    0x08005584   0x08005584   0x00000084   Code   RO         3811    i.SPI_AbortRx_ISR   stm32g4xx_hal_spi.o
    0x08005608   0x08005608   0x000000d8   Code   RO         3812    i.SPI_AbortTx_ISR   stm32g4xx_hal_spi.o
    0x080056e0   0x080056e0   0x00000052   Code   RO         3813    i.SPI_CloseRxTx_ISR  stm32g4xx_hal_spi.o
    0x08005732   0x08005732   0x00000040   Code   RO         3814    i.SPI_CloseRx_ISR   stm32g4xx_hal_spi.o
    0x08005772   0x08005772   0x00000012   Code   RO         3816    i.SPI_DMAAbortOnError  stm32g4xx_hal_spi.o
    0x08005784   0x08005784   0x00000080   Code   RO         3822    i.SPI_DMARxAbortCallback  stm32g4xx_hal_spi.o
    0x08005804   0x08005804   0x0000007c   Code   RO         3825    i.SPI_DMATxAbortCallback  stm32g4xx_hal_spi.o
    0x08005880   0x08005880   0x00000074   Code   RO         3826    i.SPI_EndRxTransaction  stm32g4xx_hal_spi.o
    0x080058f4   0x080058f4   0x00000048   Code   RO         3827    i.SPI_EndRxTxTransaction  stm32g4xx_hal_spi.o
    0x0800593c   0x0800593c   0x000000fc   Code   RO         6815    i.SPI_Read_Block    pressure_sensor.o
    0x08005a38   0x08005a38   0x00000070   Code   RO         6816    i.SPI_Record_Frame_Result  pressure_sensor.o
    0x08005aa8   0x08005aa8   0x00000026   Code   RO         3828    i.SPI_RxISR_16BIT   stm32g4xx_hal_spi.o
    0x08005ace   0x08005ace   0x00000026   Code   RO         3829    i.SPI_RxISR_8BIT    stm32g4xx_hal_spi.o
    0x08005af4   0x08005af4   0x000000e0   Code   RO         3832    i.SPI_WaitFifoStateUntilTimeout  stm32g4xx_hal_spi.o
    0x08005bd4   0x08005bd4   0x000000b8   Code   RO         3833    i.SPI_WaitFlagStateUntilTimeout  stm32g4xx_hal_spi.o
    0x08005c8c   0x08005c8c   0x00000050   Code   RO         6469    i.SPI_WriteByte     as5048a.o
    0x08005cdc   0x08005cdc   0x00000040   Code   RO          309    i.StartAS5048ATask  app_freertos.o
    0x08005d1c   0x08005d1c   0x0000001c   Code   RO          310    i.StartLEDTask      app_freertos.o
    0x08005d38   0x08005d38   0x00000044   Code   RO          311    i.StartMOTORTask    app_freertos.o
    0x08005d7c   0x08005d7c   0x0000002c   Code   RO          312    i.StartModbusTask   app_freertos.o
    0x08005da8   0x08005da8   0x00000014   Code   RO          313    i.StartPRESSURETask  app_freertos.o
    0x08005dbc   0x08005dbc   0x00000010   Code   RO          314    i.StartUART1PrintTask  app_freertos.o
    0x08005dcc   0x08005dcc   0x0000001a   Code   RO         5815    i.SysTick_Handler   cmsis_os2.o
    0x08005de6   0x08005de6   0x00000066   Code   RO           21    i.SystemClock_Config  main.o
    0x08005e4c   0x08005e4c   0x00000010   Code   RO         4668    i.SystemInit        system_stm32g4xx.o
    0x08005e5c   0x08005e5c   0x0000000c   Code   RO          589    i.TIM3_IRQHandler   stm32g4xx_it.o
    0x08005e68   0x08005e68   0x0000000c   Code   RO          590    i.TIM6_DAC_IRQHandler  stm32g4xx_it.o
    0x08005e74   0x08005e74   0x000000bc   Code   RO          838    i.TIM_Base_SetConfig  stm32g4xx_hal_tim.o
    0x08005f30   0x08005f30   0x00000014   Code   RO          849    i.TIM_ETR_SetConfig  stm32g4xx_hal_tim.o
    0x08005f44   0x08005f44   0x00000014   Code   RO          850    i.TIM_ITRx_SetConfig  stm32g4xx_hal_tim.o
    0x08005f58   0x08005f58   0x00000022   Code   RO          858    i.TIM_TI1_ConfigInputStage  stm32g4xx_hal_tim.o
    0x08005f7a   0x08005f7a   0x00000024   Code   RO          860    i.TIM_TI2_ConfigInputStage  stm32g4xx_hal_tim.o
    0x08005f9e   0x08005f9e   0x00000002   PAD
    0x08005fa0   0x08005fa0   0x000002b0   Code   RO         6920    i.UART1Print        uart1_print.o
    0x08006250   0x08006250   0x00000044   Code   RO         4563    i.UARTEx_SetNbDataToProcess  stm32g4xx_hal_uart_ex.o
    0x08006294   0x08006294   0x000000c8   Code   RO         4172    i.UART_AdvFeatureConfig  stm32g4xx_hal_uart.o
    0x0800635c   0x0800635c   0x000000ac   Code   RO         4173    i.UART_CheckIdleState  stm32g4xx_hal_uart.o
    0x08006408   0x08006408   0x00000010   Code   RO         4174    i.UART_DMAAbortOnError  stm32g4xx_hal_uart.o
    0x08006418   0x08006418   0x00000028   Code   RO         4183    i.UART_DMATxOnlyAbortCallback  stm32g4xx_hal_uart.o
    0x08006440   0x08006440   0x00000054   Code   RO         4184    i.UART_EndRxTransfer  stm32g4xx_hal_uart.o
    0x08006494   0x08006494   0x000000c8   Code   RO         4186    i.UART_RxISR_16BIT  stm32g4xx_hal_uart.o
    0x0800655c   0x0800655c   0x000001a0   Code   RO         4187    i.UART_RxISR_16BIT_FIFOEN  stm32g4xx_hal_uart.o
    0x080066fc   0x080066fc   0x000000c8   Code   RO         4188    i.UART_RxISR_8BIT   stm32g4xx_hal_uart.o
    0x080067c4   0x080067c4   0x000001a0   Code   RO         4189    i.UART_RxISR_8BIT_FIFOEN  stm32g4xx_hal_uart.o
    0x08006964   0x08006964   0x00000274   Code   RO         4190    i.UART_SetConfig    stm32g4xx_hal_uart.o
    0x08006bd8   0x08006bd8   0x00000110   Code   RO         4192    i.UART_Start_Receive_IT  stm32g4xx_hal_uart.o
    0x08006ce8   0x08006ce8   0x00000052   Code   RO         4193    i.UART_TxISR_16BIT  stm32g4xx_hal_uart.o
    0x08006d3a   0x08006d3a   0x00000002   PAD
    0x08006d3c   0x08006d3c   0x0000006a   Code   RO         4194    i.UART_TxISR_16BIT_FIFOEN  stm32g4xx_hal_uart.o
    0x08006da6   0x08006da6   0x0000004e   Code   RO         4195    i.UART_TxISR_8BIT   stm32g4xx_hal_uart.o
    0x08006df4   0x08006df4   0x00000066   Code   RO         4196    i.UART_TxISR_8BIT_FIFOEN  stm32g4xx_hal_uart.o
    0x08006e5a   0x08006e5a   0x00000094   Code   RO         4197    i.UART_WaitOnFlagUntilTimeout  stm32g4xx_hal_uart.o
    0x08006eee   0x08006eee   0x00000002   PAD
    0x08006ef0   0x08006ef0   0x0000000c   Code   RO          591    i.USART2_IRQHandler  stm32g4xx_it.o
    0x08006efc   0x08006efc   0x00000030   Code   RO         6921    i.Uart1_Print_UpdateAS5048A  uart1_print.o
    0x08006f2c   0x08006f2c   0x00000070   Code   RO         6922    i.Uart1_Print_UpdatePressure  uart1_print.o
    0x08006f9c   0x08006f9c   0x00000002   Code   RO          592    i.UsageFault_Handler  stm32g4xx_it.o
    0x08006f9e   0x08006f9e   0x00000002   PAD
    0x08006fa0   0x08006fa0   0x00000030   Code   RO         7577    i.__0snprintf       mc_w.l(printfa.o)
    0x08006fd0   0x08006fd0   0x00000020   Code   RO         3651    i.__NVIC_SetPriority  stm32g4xx_hal_cortex.o
    0x08006ff0   0x08006ff0   0x0000000e   Code   RO         7646    i.__scatterload_copy  mc_w.l(handlers.o)
    0x08006ffe   0x08006ffe   0x00000002   Code   RO         7647    i.__scatterload_null  mc_w.l(handlers.o)
    0x08007000   0x08007000   0x0000000e   Code   RO         7648    i.__scatterload_zeroinit  mc_w.l(handlers.o)
    0x0800700e   0x0800700e   0x00000002   PAD
    0x08007010   0x08007010   0x00000184   Code   RO         7583    i._fp_digits        mc_w.l(printfa.o)
    0x08007194   0x08007194   0x000006dc   Code   RO         7584    i._printf_core      mc_w.l(printfa.o)
    0x08007870   0x08007870   0x00000024   Code   RO         7585    i._printf_post_padding  mc_w.l(printfa.o)
    0x08007894   0x08007894   0x0000002e   Code   RO         7586    i._printf_pre_padding  mc_w.l(printfa.o)
    0x080078c2   0x080078c2   0x00000016   Code   RO         7587    i._snputc           mc_w.l(printfa.o)
    0x080078d8   0x080078d8   0x00000018   Code   RO         6974    i.as_abs_rad_now    dm_modbus_bridge.o
    0x080078f0   0x080078f0   0x00000010   Code   RO         6975    i.as_is_valid       dm_modbus_bridge.o
    0x08007900   0x08007900   0x000000b0   Code   RO         6976    i.bridge_apply_dm_pmax_setting  dm_modbus_bridge.o
    0x080079b0   0x080079b0   0x00000194   Code   RO         6977    i.bridge_apply_goal_as_velocity  dm_modbus_bridge.o
    0x08007b44   0x08007b44   0x00000074   Code   RO         6978    i.bridge_apply_mode_and_reenable  dm_modbus_bridge.o
    0x08007bb8   0x08007bb8   0x00000048   Code   RO         6979    i.bridge_as_ready_for_motion  dm_modbus_bridge.o
    0x08007c00   0x08007c00   0x000000a8   Code   RO         6980    i.bridge_force_save  dm_modbus_bridge.o
    0x08007ca8   0x08007ca8   0x000000cc   Code   RO         6981    i.bridge_grip_hold_confirm  dm_modbus_bridge.o
    0x08007d74   0x08007d74   0x0000001c   Code   RO         6982    i.bridge_grip_hold_reset  dm_modbus_bridge.o
    0x08007d90   0x08007d90   0x000001f8   Code   RO         6983    i.bridge_parse_goal_from_regs_and_apply  dm_modbus_bridge.o
    0x08007f88   0x08007f88   0x000000d8   Code   RO         6984    i.bridge_save_motor_zero  dm_modbus_bridge.o
    0x08008060   0x08008060   0x00000014   Code   RO         6985    i.bridge_schedule_enable_retry  dm_modbus_bridge.o
    0x08008074   0x08008074   0x00000024   Code   RO         6986    i.bridge_set_motor_passive  dm_modbus_bridge.o
    0x08008098   0x08008098   0x00000144   Code   RO         6987    i.bridge_update_extended_feedback_regs  dm_modbus_bridge.o
    0x080081dc   0x080081dc   0x00000024   Code   RO         6546    i.bsp_can_init      bsp_fdcan.o
    0x08008200   0x08008200   0x00000034   Code   RO         6548    i.can_filter_init   bsp_fdcan.o
    0x08008234   0x08008234   0x00000034   Code   RO         6664    i.clear_err         dm_motor_drv.o
    0x08008268   0x08008268   0x00000034   Code   RO         6988    i.crc16_modbus      dm_modbus_bridge.o
    0x0800829c   0x0800829c   0x00000034   Code   RO         7213    i.crc32_sw          pos_persist.o
    0x080082d0   0x080082d0   0x00000034   Code   RO         6665    i.disable_motor_mode  dm_motor_drv.o
    0x08008304   0x08008304   0x00000038   Code   RO         6666    i.dm_motor_clear_err  dm_motor_drv.o
    0x0800833c   0x0800833c   0x00000024   Code   RO         6667    i.dm_motor_clear_para  dm_motor_drv.o
    0x08008360   0x08008360   0x0000005a   Code   RO         6668    i.dm_motor_ctrl_send  dm_motor_drv.o
    0x080083ba   0x080083ba   0x00000042   Code   RO         6669    i.dm_motor_disable  dm_motor_drv.o
    0x080083fc   0x080083fc   0x00000036   Code   RO         6670    i.dm_motor_enable   dm_motor_drv.o
    0x08008432   0x08008432   0x0000008e   Code   RO         6671    i.dm_motor_fbdata   dm_motor_drv.o
    0x080084c0   0x080084c0   0x0000005c   Code   RO         6613    i.dm_motor_init     dm_motor_ctrl.o
    0x0800851c   0x0800851c   0x00000094   Code   RO         7269    i.dry_friction_mag  force_estimator.o
    0x080085b0   0x080085b0   0x00000034   Code   RO         6672    i.enable_motor_mode  dm_motor_drv.o
    0x080085e4   0x080085e4   0x0000013c   Code   RO         6989    i.estimator_sync_param_to_regs  dm_modbus_bridge.o
    0x08008720   0x08008720   0x000000f0   Code   RO         6990    i.estimator_sync_regs_to_param  dm_modbus_bridge.o
    0x08008810   0x08008810   0x000000e4   Code   RO         6991    i.estimator_update_feedback_regs  dm_modbus_bridge.o
    0x080088f4   0x080088f4   0x00000010   Code   RO         6992    i.f_abs             dm_modbus_bridge.o
    0x08008904   0x08008904   0x00000010   Code   RO         7270    i.f_abs             force_estimator.o
    0x08008914   0x08008914   0x00000018   Code   RO         6993    i.f_to_i32_x1000    dm_modbus_bridge.o
    0x0800892c   0x0800892c   0x00000040   Code   RO         6614    i.fdcan1_rx_callback  dm_motor_ctrl.o
    0x0800896c   0x0800896c   0x00000050   Code   RO         6550    i.fdcanx_receive    bsp_fdcan.o
    0x080089bc   0x080089bc   0x00000048   Code   RO         6551    i.fdcanx_send_data  bsp_fdcan.o
    0x08008a04   0x08008a04   0x00000044   Code   RO         6673    i.float_to_uint     dm_motor_drv.o
    0x08008a48   0x08008a48   0x0000008c   Code   RO         7271    i.friction_model    force_estimator.o
    0x08008ad4   0x08008ad4   0x00000014   Code   RO         6994    i.get_s32           dm_modbus_bridge.o
    0x08008ae8   0x08008ae8   0x00000048   Code   RO         6995    i.host_pos_from_as  dm_modbus_bridge.o
    0x08008b30   0x08008b30   0x0000002e   Code   RO         6996    i.is_readonly_reg   dm_modbus_bridge.o
    0x08008b5e   0x08008b5e   0x0000003e   Code   RO           23    i.main              main.o
    0x08008b9c   0x08008b9c   0x000000c0   Code   RO         6674    i.mit_ctrl          dm_motor_drv.o
    0x08008c5c   0x08008c5c   0x00000028   Code   RO         6997    i.motor_to_host_pos  dm_modbus_bridge.o
    0x08008c84   0x08008c84   0x0000000e   Code   RO         7272    i.norm_dir          force_estimator.o
    0x08008c92   0x08008c92   0x0000001a   Code   RO         5817    i.osDelay           cmsis_os2.o
    0x08008cac   0x08008cac   0x00000024   Code   RO         5831    i.osKernelInitialize  cmsis_os2.o
    0x08008cd0   0x08008cd0   0x00000038   Code   RO         5834    i.osKernelStart     cmsis_os2.o
    0x08008d08   0x08008d08   0x0000005c   Code   RO         5859    i.osSemaphoreAcquire  cmsis_os2.o
    0x08008d64   0x08008d64   0x00000098   Code   RO         5862    i.osSemaphoreNew    cmsis_os2.o
    0x08008dfc   0x08008dfc   0x00000058   Code   RO         5863    i.osSemaphoreRelease  cmsis_os2.o
    0x08008e54   0x08008e54   0x0000008a   Code   RO         5876    i.osThreadNew       cmsis_os2.o
    0x08008ede   0x08008ede   0x0000001a   Code   RO         6472    i.parity_even       as5048a.o
    0x08008ef8   0x08008ef8   0x0000001c   Code   RO         6998    i.persist_regs_on_bias_ready  dm_modbus_bridge.o
    0x08008f14   0x08008f14   0x00000074   Code   RO         6999    i.persist_regs_on_load  dm_modbus_bridge.o
    0x08008f88   0x08008f88   0x00000060   Code   RO         7000    i.persist_regs_on_save_result  dm_modbus_bridge.o
    0x08008fe8   0x08008fe8   0x00000046   Code   RO         6675    i.pos_ctrl          dm_motor_drv.o
    0x0800902e   0x0800902e   0x00000002   PAD
    0x08009030   0x08009030   0x0000005c   Code   RO         5276    i.prvAddCurrentTaskToDelayedList  tasks.o
    0x0800908c   0x0800908c   0x000000d0   Code   RO         5277    i.prvAddNewTaskToReadyList  tasks.o
    0x0800915c   0x0800915c   0x00000058   Code   RO         5641    i.prvCheckForValidListAndQueue  timers.o
    0x080091b4   0x080091b4   0x00000026   Code   RO         4873    i.prvCopyDataFromQueue  queue.o
    0x080091da   0x080091da   0x0000006c   Code   RO         4874    i.prvCopyDataToQueue  queue.o
    0x08009246   0x08009246   0x00000034   Code   RO         5278    i.prvDeleteTCB      tasks.o
    0x0800927a   0x0800927a   0x00000002   PAD
    0x0800927c   0x0800927c   0x0000004c   Code   RO         6328    i.prvHeapInit       heap_4.o
    0x080092c8   0x080092c8   0x00000060   Code   RO         5279    i.prvIdleTask       tasks.o
    0x08009328   0x08009328   0x00000022   Code   RO         4876    i.prvInitialiseNewQueue  queue.o
    0x0800934a   0x0800934a   0x00000002   PAD
    0x0800934c   0x0800934c   0x000000b0   Code   RO         5280    i.prvInitialiseNewTask  tasks.o
    0x080093fc   0x080093fc   0x0000004c   Code   RO         6329    i.prvInsertBlockIntoFreeList  heap_4.o
    0x08009448   0x08009448   0x00000038   Code   RO         5643    i.prvInsertTimerInActiveList  timers.o
    0x08009480   0x08009480   0x0000001c   Code   RO         4877    i.prvIsQueueEmpty   queue.o
    0x0800949c   0x0800949c   0x000000fc   Code   RO         5644    i.prvProcessReceivedCommands  timers.o
    0x08009598   0x08009598   0x000000c0   Code   RO         5645    i.prvProcessTimerOrBlockTask  timers.o
    0x08009658   0x08009658   0x00000020   Code   RO         5282    i.prvResetNextTaskUnblockTime  tasks.o
    0x08009678   0x08009678   0x00000028   Code   RO         5646    i.prvSampleTimeNow  timers.o
    0x080096a0   0x080096a0   0x0000006c   Code   RO         5647    i.prvSwitchTimerLists  timers.o
    0x0800970c   0x0800970c   0x00000028   Code   RO         6384    i.prvTaskExitError  port.o
    0x08009734   0x08009734   0x00000024   Code   RO         5648    i.prvTimerTask      timers.o
    0x08009758   0x08009758   0x0000006a   Code   RO         4878    i.prvUnlockQueue    queue.o
    0x080097c2   0x080097c2   0x00000002   PAD
    0x080097c4   0x080097c4   0x00000068   Code   RO         6676    i.psi_ctrl          dm_motor_drv.o
    0x0800982c   0x0800982c   0x00000004   Code   RO         7001    i.put_i32           dm_modbus_bridge.o
    0x08009830   0x08009830   0x00000014   Code   RO         7002    i.put_u32           dm_modbus_bridge.o
    0x08009844   0x08009844   0x000000dc   Code   RO         6330    i.pvPortMalloc      heap_4.o
    0x08009920   0x08009920   0x00000018   Code   RO         5285    i.pvTaskIncrementMutexHeldCount  tasks.o
    0x08009938   0x08009938   0x0000002c   Code   RO         6385    i.pxPortInitialiseStack  port.o
    0x08009964   0x08009964   0x00000030   Code   RO         7214    i.rec_is_valid      pos_persist.o
    0x08009994   0x08009994   0x000001e0   Code   RO         6616    i.receive_motor_data  dm_motor_ctrl.o
    0x08009b74   0x08009b74   0x00000030   Code   RO         7003    i.respond_exception  dm_modbus_bridge.o
    0x08009ba4   0x08009ba4   0x0000002c   Code   RO         7004    i.safe_scale        dm_modbus_bridge.o
    0x08009bd0   0x08009bd0   0x00000018   Code   RO         7005    i.safety_sync_threshold_from_regs  dm_modbus_bridge.o
    0x08009be8   0x08009be8   0x0000002c   Code   RO         6679    i.save_motor_data   dm_motor_drv.o
    0x08009c14   0x08009c14   0x00000034   Code   RO         6680    i.save_pos_zero     dm_motor_drv.o
    0x08009c48   0x08009c48   0x0000002c   Code   RO         6681    i.spd_ctrl          dm_motor_drv.o
    0x08009c74   0x08009c74   0x0000002c   Code   RO         7006    i.sync_mode_to_motor  dm_modbus_bridge.o
    0x08009ca0   0x08009ca0   0x00000018   Code   RO         7007    i.u16_to_f_x1000    dm_modbus_bridge.o
    0x08009cb8   0x08009cb8   0x00000028   Code   RO         6682    i.uint_to_float     dm_motor_drv.o
    0x08009ce0   0x08009ce0   0x00000026   Code   RO         4833    i.uxListRemove      list.o
    0x08009d06   0x08009d06   0x00000002   PAD
    0x08009d08   0x08009d08   0x00000014   Code   RO         5888    i.vApplicationGetIdleTaskMemory  cmsis_os2.o
    0x08009d1c   0x08009d1c   0x00000018   Code   RO         5889    i.vApplicationGetTimerTaskMemory  cmsis_os2.o
    0x08009d34   0x08009d34   0x00000016   Code   RO         4834    i.vListInitialise   list.o
    0x08009d4a   0x08009d4a   0x00000006   Code   RO         4835    i.vListInitialiseItem  list.o
    0x08009d50   0x08009d50   0x00000030   Code   RO         4836    i.vListInsert       list.o
    0x08009d80   0x08009d80   0x00000018   Code   RO         4837    i.vListInsertEnd    list.o
    0x08009d98   0x08009d98   0x00000040   Code   RO         6387    i.vPortEnterCritical  port.o
    0x08009dd8   0x08009dd8   0x00000028   Code   RO         6388    i.vPortExitCritical  port.o
    0x08009e00   0x08009e00   0x00000064   Code   RO         6331    i.vPortFree         heap_4.o
    0x08009e64   0x08009e64   0x00000024   Code   RO         6389    i.vPortSetupTimerInterrupt  port.o
    0x08009e88   0x08009e88   0x00000054   Code   RO         6390    i.vPortValidateInterruptPriority  port.o
    0x08009edc   0x08009edc   0x00000028   Code   RO         4884    i.vQueueAddToRegistry  queue.o
    0x08009f04   0x08009f04   0x0000002e   Code   RO         4885    i.vQueueDelete      queue.o
    0x08009f32   0x08009f32   0x00000002   PAD
    0x08009f34   0x08009f34   0x00000028   Code   RO         4887    i.vQueueUnregisterQueue  queue.o
    0x08009f5c   0x08009f5c   0x00000044   Code   RO         4888    i.vQueueWaitForMessageRestricted  queue.o
    0x08009fa0   0x08009fa0   0x0000004c   Code   RO         5295    i.vTaskDelay        tasks.o
    0x08009fec   0x08009fec   0x00000010   Code   RO         5300    i.vTaskInternalSetTimeOutState  tasks.o
    0x08009ffc   0x08009ffc   0x0000000c   Code   RO         5301    i.vTaskMissedYield  tasks.o
    0x0800a008   0x0800a008   0x00000030   Code   RO         5303    i.vTaskPlaceOnEventList  tasks.o
    0x0800a038   0x0800a038   0x00000038   Code   RO         5304    i.vTaskPlaceOnEventListRestricted  tasks.o
    0x0800a070   0x0800a070   0x00000090   Code   RO         5306    i.vTaskPriorityDisinheritAfterTimeout  tasks.o
    0x0800a100   0x0800a100   0x00000088   Code   RO         5312    i.vTaskStartScheduler  tasks.o
    0x0800a188   0x0800a188   0x00000010   Code   RO         5314    i.vTaskSuspendAll   tasks.o
    0x0800a198   0x0800a198   0x00000064   Code   RO         5315    i.vTaskSwitchContext  tasks.o
    0x0800a1fc   0x0800a1fc   0x00000054   Code   RO         6683    i.write_motor_data  dm_motor_drv.o
    0x0800a250   0x0800a250   0x000000f4   Code   RO         6391    i.xPortStartScheduler  port.o
    0x0800a344   0x0800a344   0x0000002c   Code   RO         6392    i.xPortSysTickHandler  port.o
    0x0800a370   0x0800a370   0x0000003a   Code   RO         4889    i.xQueueCreateCountingSemaphore  queue.o
    0x0800a3aa   0x0800a3aa   0x00000040   Code   RO         4890    i.xQueueCreateCountingSemaphoreStatic  queue.o
    0x0800a3ea   0x0800a3ea   0x00000042   Code   RO         4893    i.xQueueGenericCreate  queue.o
    0x0800a42c   0x0800a42c   0x00000066   Code   RO         4894    i.xQueueGenericCreateStatic  queue.o
    0x0800a492   0x0800a492   0x00000002   PAD
    0x0800a494   0x0800a494   0x00000088   Code   RO         4895    i.xQueueGenericReset  queue.o
    0x0800a51c   0x0800a51c   0x00000160   Code   RO         4896    i.xQueueGenericSend  queue.o
    0x0800a67c   0x0800a67c   0x000000be   Code   RO         4897    i.xQueueGenericSendFromISR  queue.o
    0x0800a73a   0x0800a73a   0x0000009c   Code   RO         4900    i.xQueueGiveFromISR  queue.o
    0x0800a7d6   0x0800a7d6   0x00000002   PAD
    0x0800a7d8   0x0800a7d8   0x00000138   Code   RO         4906    i.xQueueReceive     queue.o
    0x0800a910   0x0800a910   0x0000009a   Code   RO         4907    i.xQueueReceiveFromISR  queue.o
    0x0800a9aa   0x0800a9aa   0x00000002   PAD
    0x0800a9ac   0x0800a9ac   0x00000178   Code   RO         4908    i.xQueueSemaphoreTake  queue.o
    0x0800ab24   0x0800ab24   0x00000074   Code   RO         5317    i.xTaskCheckForTimeOut  tasks.o
    0x0800ab98   0x0800ab98   0x0000005a   Code   RO         5318    i.xTaskCreate       tasks.o
    0x0800abf2   0x0800abf2   0x00000056   Code   RO         5319    i.xTaskCreateStatic  tasks.o
    0x0800ac48   0x0800ac48   0x0000001c   Code   RO         5323    i.xTaskGetSchedulerState  tasks.o
    0x0800ac64   0x0800ac64   0x0000000c   Code   RO         5324    i.xTaskGetTickCount  tasks.o
    0x0800ac70   0x0800ac70   0x000000c8   Code   RO         5326    i.xTaskIncrementTick  tasks.o
    0x0800ad38   0x0800ad38   0x00000080   Code   RO         5329    i.xTaskPriorityDisinherit  tasks.o
    0x0800adb8   0x0800adb8   0x00000078   Code   RO         5330    i.xTaskPriorityInherit  tasks.o
    0x0800ae30   0x0800ae30   0x00000070   Code   RO         5331    i.xTaskRemoveFromEventList  tasks.o
    0x0800aea0   0x0800aea0   0x000000c4   Code   RO         5332    i.xTaskResumeAll    tasks.o
    0x0800af64   0x0800af64   0x00000060   Code   RO         5657    i.xTimerCreateTimerTask  timers.o
    0x0800afc4   0x0800afc4   0x00000068   Code   RO         5658    i.xTimerGenericCommand  timers.o
    0x0800b02c   0x0800b02c   0x000000e8   Data   RO          315    .constdata          app_freertos.o
    0x0800b114   0x0800b114   0x00000010   Data   RO         1949    .constdata          stm32g4xx_hal_fdcan.o
    0x0800b124   0x0800b124   0x00000018   Data   RO         4198    .constdata          stm32g4xx_hal_uart.o
    0x0800b13c   0x0800b13c   0x00000010   Data   RO         4564    .constdata          stm32g4xx_hal_uart_ex.o
    0x0800b14c   0x0800b14c   0x00000010   Data   RO         4669    .constdata          system_stm32g4xx.o
    0x0800b15c   0x0800b15c   0x00000008   Data   RO         4670    .constdata          system_stm32g4xx.o
    0x0800b164   0x0800b164   0x00000055   Data   RO          316    .conststring        app_freertos.o
    0x0800b1b9   0x0800b1b9   0x00000003   PAD
    0x0800b1bc   0x0800b1bc   0x00000112   Data   RO         6924    .conststring        uart1_print.o
    0x0800b2ce   0x0800b2ce   0x00000002   PAD
    0x0800b2d0   0x0800b2d0   0x00000020   Data   RO         7644    Region$$Table       anon$$obj.o


    Execution Region RW_IRAM1 (Exec base: 0x20000000, Load base: 0x0800b2f0, Size: 0x00007550, Max: 0x00008000, ABSOLUTE, COMPRESSED[0x00000024])

    Exec Addr    Load Addr    Size         Type   Attr      Idx    E Section Name        Object

    0x20000000   COMPRESSED   0x0000001c   Data   RW          317    .data               app_freertos.o
    0x2000001c   COMPRESSED   0x0000000c   Data   RW         2311    .data               stm32g4xx_hal.o
    0x20000028   COMPRESSED   0x00000020   Data   RW         2779    .data               stm32g4xx_hal_flash.o
    0x20000048   COMPRESSED   0x00000004   Data   RW         4671    .data               system_stm32g4xx.o
    0x2000004c   COMPRESSED   0x0000003c   Data   RW         5335    .data               tasks.o
    0x20000088   COMPRESSED   0x00000014   Data   RW         5666    .data               timers.o
    0x2000009c   COMPRESSED   0x00000004   Data   RW         5891    .data               cmsis_os2.o
    0x200000a0   COMPRESSED   0x00000020   Data   RW         6337    .data               heap_4.o
    0x200000c0   COMPRESSED   0x0000000c   Data   RW         6393    .data               port.o
    0x200000cc   COMPRESSED   0x0000000c   Data   RW         6473    .data               as5048a.o
    0x200000d8   COMPRESSED   0x00000034   Data   RW         6818    .data               pressure_sensor.o
    0x2000010c   COMPRESSED   0x0000005c   Data   RW         7009    .data               dm_modbus_bridge.o
    0x20000168        -       0x00000064   Zero   RW          397    .bss                fdcan.o
    0x200001cc        -       0x0000012c   Zero   RW          441    .bss                spi.o
    0x200002f8        -       0x0000004c   Zero   RW          493    .bss                tim.o
    0x20000344        -       0x00000128   Zero   RW          536    .bss                usart.o
    0x2000046c        -       0x0000004c   Zero   RW          707    .bss                stm32g4xx_hal_timebase_tim.o
    0x200004b8        -       0x00000040   Zero   RW         4910    .bss                queue.o
    0x200004f8        -       0x000004c4   Zero   RW         5334    .bss                tasks.o
    0x200009bc        -       0x00000118   Zero   RW         5665    .bss                timers.o
    0x20000ad4        -       0x000006b8   Zero   RW         5890    .bss                cmsis_os2.o
    0x2000118c        -       0x00005000   Zero   RW         6336    .bss                heap_4.o
    0x2000618c        -       0x00000110   Zero   RW         6617    .bss                dm_motor_ctrl.o
    0x2000629c        -       0x000007ac   Zero   RW         6817    .bss                pressure_sensor.o
    0x20006a48        -       0x0000006c   Zero   RW         6923    .bss                uart1_print.o
    0x20006ab4        -       0x00000628   Zero   RW         7008    .bss                dm_modbus_bridge.o
    0x200070dc        -       0x00000074   Zero   RW         7273    .bss                force_estimator.o
    0x20007150        -       0x00000400   Zero   RW            1    STACK               startup_stm32g431xx.o


==============================================================================

Image component sizes


      Code (inc. data)   RO Data    RW Data    ZI Data      Debug   Object Name

       376         76        317         28          0       7687   app_freertos.o
       440         42          0         12          0       5111   as5048a.o
       276         28          0          0          0       4645   bsp_fdcan.o
       658         32          0          4       1720      68770   cmsis_os2.o
      6206        534          0         92       1576      38714   dm_modbus_bridge.o
       636         98          0          0        272       5814   dm_motor_ctrl.o
      1298         46          0          0          0      13587   dm_motor_drv.o
         0          0          0          0          0      19588   event_groups.o
       236         18          0          0        100       1911   fdcan.o
      1406        122          0          0        116       8851   force_estimator.o
       212         10          0          0          0       1055   gpio.o
       472         24          0         32      20480       5035   heap_4.o
       138          0          0          0          0       3714   list.o
       318         44          0          0          0     701937   main.o
       786         82          0         12          0      11841   port.o
       662         46          0          0          0       6130   pos_persist.o
      1922        110          0         52       1964      21164   pressure_sensor.o
      2474         28          0          0         64      27124   queue.o
       612         72          0          0        300       3979   spi.o
        36          8        472          0       1024        856   startup_stm32g431xx.o
        58         10          0         12          0       3146   stm32g4xx_hal.o
       192         14          0          0          0      33920   stm32g4xx_hal_cortex.o
       226          0          0          0          0       2023   stm32g4xx_hal_dma.o
      1754         28         16          0          0      17401   stm32g4xx_hal_fdcan.o
       400         48          0         32          0      23498   stm32g4xx_hal_flash.o
       372         28          0          0          0       4354   stm32g4xx_hal_flash_ex.o
       946         64          0          0          0       4003   stm32g4xx_hal_gpio.o
        60          6          0          0          0        930   stm32g4xx_hal_msp.o
       204         18          0          0          0       1465   stm32g4xx_hal_pwr_ex.o
      1748         98          0          0          0       7125   stm32g4xx_hal_rcc.o
       648         10          0          0          0       1940   stm32g4xx_hal_rcc_ex.o
      3556         70          0          0          0      22159   stm32g4xx_hal_spi.o
      1198         76          0          0          0      10925   stm32g4xx_hal_tim.o
       170         24          0          0          0       5692   stm32g4xx_hal_tim_ex.o
       136         20          0          0         76       1511   stm32g4xx_hal_timebase_tim.o
      4540        160         24          0          0      41270   stm32g4xx_hal_uart.o
       366          6         16          0          0       6548   stm32g4xx_hal_uart_ex.o
        96         42          0          0          0       6449   stm32g4xx_it.o
         0          0          0          0          0        384   stream_buffer.o
        16          4         24          4          0       1211   system_stm32g4xx.o
      2372        192          0         60       1220      30317   tasks.o
       216         20          0          0         76       1914   tim.o
       972         80          0         20        280      32627   timers.o
       848         46        274          0        108       4582   uart1_print.o
       436         34          0          0        296       2723   usart.o

    ----------------------------------------------------------------------
     40756       2518       1180        360      29672    1225630   Object Totals
         0          0         32          0          0          0   (incl. Generated)
        62          0          5          0          0          0   (incl. Padding)

    ----------------------------------------------------------------------

      Code (inc. data)   RO Data    RW Data    ZI Data      Debug   Library Member Name

        58          0          0          0          0          0   __dczerorl.o
         0          0          0          0          0          0   entry.o
         0          0          0          0          0          0   entry10a.o
         0          0          0          0          0          0   entry11a.o
         8          4          0          0          0          0   entry2.o
         4          0          0          0          0          0   entry5.o
         0          0          0          0          0          0   entry7b.o
         0          0          0          0          0          0   entry8b.o
         8          4          0          0          0          0   entry9a.o
        30          0          0          0          0          0   handlers.o
        36          8          0          0          0         68   init.o
         0          0          0          0          0          0   iusefp.o
        30          0          0          0          0         68   llshl.o
        36          0          0          0          0         68   llsshr.o
        32          0          0          0          0         68   llushr.o
        36          0          0          0          0         68   memcpya.o
        36          0          0          0          0        108   memseta.o
      2296         84          0          0          0        520   printfa.o
        14          0          0          0          0         68   strlen.o
        44          0          0          0          0         80   uidiv.o
        98          0          0          0          0         92   uldiv.o
        48          0          0          0          0         68   cdrcmple.o
       334          0          0          0          0        148   dadd.o
       222          0          0          0          0        100   ddiv.o
       186          0          0          0          0        176   depilogue.o
        48          0          0          0          0         68   dfixul.o
       228          0          0          0          0         96   dmul.o
        38          0          0          0          0         68   f2d.o

    ----------------------------------------------------------------------
      3872        100          0          0          0       1932   Library Totals
         2          0          0          0          0          0   (incl. Padding)

    ----------------------------------------------------------------------

      Code (inc. data)   RO Data    RW Data    ZI Data      Debug   Library Name

      2766        100          0          0          0       1208   mc_w.l
      1104          0          0          0          0        724   mf_w.l

    ----------------------------------------------------------------------
      3872        100          0          0          0       1932   Library Totals

    ----------------------------------------------------------------------

==============================================================================


      Code (inc. data)   RO Data    RW Data    ZI Data      Debug   

     44628       2618       1180        360      29672    1191358   Grand Totals
     44628       2618       1180         36      29672    1191358   ELF Image Totals (compressed)
     44628       2618       1180         36          0          0   ROM Totals

==============================================================================

    Total RO  Size (Code + RO Data)                45808 (  44.73kB)
    Total RW  Size (RW Data + ZI Data)             30032 (  29.33kB)
    Total ROM Size (Code + RO Data + RW Data)      45844 (  44.77kB)

==============================================================================

