<html>
<body>
<pre>
<h1>礦ision Build Log</h1>
<h2>Tool Versions:</h2>
IDE-Version: μVision V5.24.2.0
Copyright (C) 2017 ARM Ltd and ARM Germany GmbH. All rights reserved.
License Information: A ASUS, A, LIC=585FJ-USLK0-II95V-PD3WL-I0FQZ-YVNW0
 
Tool Versions:
Toolchain:       MDK-ARM Plus  Version: 5.24.1
Toolchain Path:  D:\Keil5\ARM\ARMCC\Bin
C Compiler:      Armcc.exe V5.06 update 5 (build 528)
Assembler:       Armasm.exe V5.06 update 5 (build 528)
Linker/Locator:  ArmLink.exe V5.06 update 5 (build 528)
Library Manager: ArmAr.exe V5.06 update 5 (build 528)
Hex Converter:   FromElf.exe V5.06 update 5 (build 528)
CPU DLL:         SARMCM3.DLL V5.24.1
Dialog DLL:      DCM.DLL V1.16.0.0
Target DLL:      CMSIS_AGDI.dll V1.28.3.0
Dialog DLL:      TCM.DLL V1.32.0.0
 
<h2>Project:</h2>
C:\Users\ASUS\Desktop\夹爪程序\Program\4F_阈值报警+电流\MDK-ARM\JIAZHUA_RTOS.uvprojx
Project File Date:  04/13/2026

<h2>Output:</h2>
*** Using Compiler 'V5.06 update 5 (build 528)', folder: 'D:\Keil5\ARM\ARMCC\Bin'
Rebuild target 'JIAZHUA_RTOS'
assembling startup_stm32g431xx.s...
compiling gpio.c...
compiling usart.c...
compiling fdcan.c...
compiling spi.c...
compiling stm32g4xx_hal.c...
compiling stm32g4xx_hal_msp.c...
compiling stm32g4xx_hal_timebase_tim.c...
compiling stm32g4xx_it.c...
compiling tim.c...
compiling app_freertos.c...
compiling stm32g4xx_hal_fdcan.c...
compiling main.c...
compiling stm32g4xx_hal_rcc_ex.c...
compiling stm32g4xx_hal_rcc.c...
compiling stm32g4xx_hal_tim_ex.c...
compiling stm32g4xx_hal_tim.c...
compiling croutine.c...
compiling event_groups.c...
compiling list.c...
compiling stm32g4xx_hal_flash_ramfunc.c...
compiling queue.c...
compiling stm32g4xx_hal_exti.c...
compiling stm32g4xx_hal_flash_ex.c...
compiling stm32g4xx_hal_gpio.c...
compiling stm32g4xx_hal_dma_ex.c...
compiling stm32g4xx_hal_flash.c...
compiling stm32g4xx_hal_spi_ex.c...
compiling stream_buffer.c...
compiling heap_4.c...
compiling timers.c...
compiling system_stm32g4xx.c...
compiling stm32g4xx_hal_pwr.c...
compiling stm32g4xx_hal_cortex.c...
compiling stm32g4xx_hal_uart_ex.c...
compiling stm32g4xx_hal_dma.c...
compiling port.c...
compiling tasks.c...
compiling force_estimator.c...
compiling stm32g4xx_hal_pwr_ex.c...
compiling stm32g4xx_hal_spi.c...
compiling stm32g4xx_hal_uart.c...
compiling AS5048A.c...
..\User\AS5048A\AS5048A.c(206): warning:  #550-D: variable "cmd"  was set but never used
      uint16_t cmd;
..\User\AS5048A\AS5048A.c: 1 warning, 0 errors
compiling bsp_fdcan.c...
compiling dm_motor_ctrl.c...
compiling dm_motor_drv.c...
compiling UART1_Print.c...
compiling pos_persist.c...
compiling Pressure_Sensor.c...
..\User\Pressure_Sensor\Pressure_Sensor.c(208): warning:  #177-D: function "u16_clamp_i32"  was declared but never referenced
  static inline uint16_t u16_clamp_i32(int32_t v)
..\User\Pressure_Sensor\Pressure_Sensor.c: 1 warning, 0 errors
compiling cmsis_os2.c...
compiling dm_modbus_bridge.c...
linking...
Program Size: Code=44628 RO-data=1180 RW-data=360 ZI-data=29672  
FromELF: creating hex file...
"JIAZHUA_RTOS\JIAZHUA_RTOS.axf" - 0 Error(s), 2 Warning(s).

<h2>Software Packages used:</h2>

Package Vendor: ARM
                http://www.keil.com/pack/ARM.CMSIS.5.0.1.pack
                ARM.CMSIS.5.0.1
                CMSIS (Cortex Microcontroller Software Interface Standard)
   * Component: CORE Version: 5.0.1

Package Vendor: Keil
                https://www.keil.com/pack/Keil.STM32G4xx_DFP.2.1.0.pack
                Keil.STM32G4xx_DFP.2.1.0
                STMicroelectronics STM32G4 Series Device Support

<h2>Collection of Component include folders:</h2>
  .\RTE\_JIAZHUA_RTOS
  D:\Keil5\ARM\PACK\ARM\CMSIS\5.0.1\CMSIS\Include

<h2>Collection of Component Files used:</h2>

   * Component: ARM::CMSIS:CORE:5.0.1
Build Time Elapsed:  00:00:06
</pre>
</body>
</html>
